<?xml version="1.0" encoding="ISO-8859-1" ?>
<link_info>
   <banner>TI ARM Linker PC v18.1.5.LTS</banner>
   <copyright>Copyright (c) 1996-2018 Texas Instruments Incorporated</copyright>
   <link_time>0x5fdebc82</link_time>
   <link_errors>0x0</link_errors>
   <output_file>balance-bot.out</output_file>
   <entry_point>
      <name>_c_int00_noargs</name>
      <address>0x8ebd</address>
   </entry_point>
   <input_file_list>
      <input_file id="fl-2">
         <path>.\</path>
         <kind>object</kind>
         <file>enc.obj</file>
         <name>enc.obj</name>
      </input_file>
      <input_file id="fl-3">
         <path>.\</path>
         <kind>object</kind>
         <file>i2c_cust.obj</file>
         <name>i2c_cust.obj</name>
      </input_file>
      <input_file id="fl-4">
         <path>.\</path>
         <kind>object</kind>
         <file>init.obj</file>
         <name>init.obj</name>
      </input_file>
      <input_file id="fl-5">
         <path>.\</path>
         <kind>object</kind>
         <file>main.obj</file>
         <name>main.obj</name>
      </input_file>
      <input_file id="fl-6">
         <path>.\</path>
         <kind>object</kind>
         <file>motor.obj</file>
         <name>motor.obj</name>
      </input_file>
      <input_file id="fl-7">
         <path>.\</path>
         <kind>object</kind>
         <file>mpu6050.obj</file>
         <name>mpu6050.obj</name>
      </input_file>
      <input_file id="fl-8">
         <path>.\</path>
         <kind>object</kind>
         <file>startup_msp432p401r_ccs.obj</file>
         <name>startup_msp432p401r_ccs.obj</name>
      </input_file>
      <input_file id="fl-9">
         <path>.\</path>
         <kind>object</kind>
         <file>system_msp432p401r.obj</file>
         <name>system_msp432p401r.obj</name>
      </input_file>
      <input_file id="fl-a">
         <path>.\</path>
         <kind>object</kind>
         <file>uart_cust.obj</file>
         <name>uart_cust.obj</name>
      </input_file>
      <input_file id="fl-b">
         <path>.\</path>
         <kind>object</kind>
         <file>util.obj</file>
         <name>util.obj</name>
      </input_file>
      <input_file id="fl-c">
         <path>.\driverlib\MSP432P4xx\</path>
         <kind>object</kind>
         <file>adc14.obj</file>
         <name>adc14.obj</name>
      </input_file>
      <input_file id="fl-d">
         <path>.\driverlib\MSP432P4xx\</path>
         <kind>object</kind>
         <file>aes256.obj</file>
         <name>aes256.obj</name>
      </input_file>
      <input_file id="fl-e">
         <path>.\driverlib\MSP432P4xx\</path>
         <kind>object</kind>
         <file>comp_e.obj</file>
         <name>comp_e.obj</name>
      </input_file>
      <input_file id="fl-f">
         <path>.\driverlib\MSP432P4xx\</path>
         <kind>object</kind>
         <file>cpu.obj</file>
         <name>cpu.obj</name>
      </input_file>
      <input_file id="fl-10">
         <path>.\driverlib\MSP432P4xx\</path>
         <kind>object</kind>
         <file>crc32.obj</file>
         <name>crc32.obj</name>
      </input_file>
      <input_file id="fl-11">
         <path>.\driverlib\MSP432P4xx\</path>
         <kind>object</kind>
         <file>cs.obj</file>
         <name>cs.obj</name>
      </input_file>
      <input_file id="fl-12">
         <path>.\driverlib\MSP432P4xx\</path>
         <kind>object</kind>
         <file>dma.obj</file>
         <name>dma.obj</name>
      </input_file>
      <input_file id="fl-13">
         <path>.\driverlib\MSP432P4xx\</path>
         <kind>object</kind>
         <file>flash.obj</file>
         <name>flash.obj</name>
      </input_file>
      <input_file id="fl-14">
         <path>.\driverlib\MSP432P4xx\</path>
         <kind>object</kind>
         <file>fpu.obj</file>
         <name>fpu.obj</name>
      </input_file>
      <input_file id="fl-15">
         <path>.\driverlib\MSP432P4xx\</path>
         <kind>object</kind>
         <file>gpio.obj</file>
         <name>gpio.obj</name>
      </input_file>
      <input_file id="fl-16">
         <path>.\driverlib\MSP432P4xx\</path>
         <kind>object</kind>
         <file>i2c.obj</file>
         <name>i2c.obj</name>
      </input_file>
      <input_file id="fl-17">
         <path>.\driverlib\MSP432P4xx\</path>
         <kind>object</kind>
         <file>interrupt.obj</file>
         <name>interrupt.obj</name>
      </input_file>
      <input_file id="fl-18">
         <path>.\driverlib\MSP432P4xx\</path>
         <kind>object</kind>
         <file>mpu.obj</file>
         <name>mpu.obj</name>
      </input_file>
      <input_file id="fl-19">
         <path>.\driverlib\MSP432P4xx\</path>
         <kind>object</kind>
         <file>pcm.obj</file>
         <name>pcm.obj</name>
      </input_file>
      <input_file id="fl-1a">
         <path>.\driverlib\MSP432P4xx\</path>
         <kind>object</kind>
         <file>pmap.obj</file>
         <name>pmap.obj</name>
      </input_file>
      <input_file id="fl-1b">
         <path>.\driverlib\MSP432P4xx\</path>
         <kind>object</kind>
         <file>pss.obj</file>
         <name>pss.obj</name>
      </input_file>
      <input_file id="fl-1c">
         <path>.\driverlib\MSP432P4xx\</path>
         <kind>object</kind>
         <file>ref_a.obj</file>
         <name>ref_a.obj</name>
      </input_file>
      <input_file id="fl-1d">
         <path>.\driverlib\MSP432P4xx\</path>
         <kind>object</kind>
         <file>reset.obj</file>
         <name>reset.obj</name>
      </input_file>
      <input_file id="fl-1e">
         <path>.\driverlib\MSP432P4xx\</path>
         <kind>object</kind>
         <file>rtc_c.obj</file>
         <name>rtc_c.obj</name>
      </input_file>
      <input_file id="fl-1f">
         <path>.\driverlib\MSP432P4xx\</path>
         <kind>object</kind>
         <file>spi.obj</file>
         <name>spi.obj</name>
      </input_file>
      <input_file id="fl-20">
         <path>.\driverlib\MSP432P4xx\</path>
         <kind>object</kind>
         <file>sysctl.obj</file>
         <name>sysctl.obj</name>
      </input_file>
      <input_file id="fl-21">
         <path>.\driverlib\MSP432P4xx\</path>
         <kind>object</kind>
         <file>systick.obj</file>
         <name>systick.obj</name>
      </input_file>
      <input_file id="fl-22">
         <path>.\driverlib\MSP432P4xx\</path>
         <kind>object</kind>
         <file>timer32.obj</file>
         <name>timer32.obj</name>
      </input_file>
      <input_file id="fl-23">
         <path>.\driverlib\MSP432P4xx\</path>
         <kind>object</kind>
         <file>timer_a.obj</file>
         <name>timer_a.obj</name>
      </input_file>
      <input_file id="fl-24">
         <path>.\driverlib\MSP432P4xx\</path>
         <kind>object</kind>
         <file>uart.obj</file>
         <name>uart.obj</name>
      </input_file>
      <input_file id="fl-25">
         <path>.\driverlib\MSP432P4xx\</path>
         <kind>object</kind>
         <file>wdt_a.obj</file>
         <name>wdt_a.obj</name>
      </input_file>
      <input_file id="fl-2d">
         <kind>object</kind>
         <file>&lt;internal&gt;</file>
         <name>&lt;internal&gt;</name>
      </input_file>
      <input_file id="fl-e3">
         <path>C:\ti\ccsv8\tools\compiler\ti-cgt-arm_18.1.5.LTS\lib\</path>
         <kind>archive</kind>
         <file>rtsv7M4_T_le_v4SPD16_eabi.lib</file>
         <name>e_atan2.c.obj</name>
      </input_file>
      <input_file id="fl-e4">
         <path>C:\ti\ccsv8\tools\compiler\ti-cgt-arm_18.1.5.LTS\lib\</path>
         <kind>archive</kind>
         <file>rtsv7M4_T_le_v4SPD16_eabi.lib</file>
         <name>e_pow.c.obj</name>
      </input_file>
      <input_file id="fl-e5">
         <path>C:\ti\ccsv8\tools\compiler\ti-cgt-arm_18.1.5.LTS\lib\</path>
         <kind>archive</kind>
         <file>rtsv7M4_T_le_v4SPD16_eabi.lib</file>
         <name>e_sqrt.c.obj</name>
      </input_file>
      <input_file id="fl-e6">
         <path>C:\ti\ccsv8\tools\compiler\ti-cgt-arm_18.1.5.LTS\lib\</path>
         <kind>archive</kind>
         <file>rtsv7M4_T_le_v4SPD16_eabi.lib</file>
         <name>s_atan.c.obj</name>
      </input_file>
      <input_file id="fl-e7">
         <path>C:\ti\ccsv8\tools\compiler\ti-cgt-arm_18.1.5.LTS\lib\</path>
         <kind>archive</kind>
         <file>rtsv7M4_T_le_v4SPD16_eabi.lib</file>
         <name>s_scalbn.c.obj</name>
      </input_file>
      <input_file id="fl-e8">
         <path>C:\ti\ccsv8\tools\compiler\ti-cgt-arm_18.1.5.LTS\lib\</path>
         <kind>archive</kind>
         <file>rtsv7M4_T_le_v4SPD16_eabi.lib</file>
         <name>s_copysign.c.obj</name>
      </input_file>
      <input_file id="fl-e9">
         <path>C:\ti\ccsv8\tools\compiler\ti-cgt-arm_18.1.5.LTS\lib\</path>
         <kind>archive</kind>
         <file>rtsv7M4_T_le_v4SPD16_eabi.lib</file>
         <name>fd_add_t2.asm.obj</name>
      </input_file>
      <input_file id="fl-ea">
         <path>C:\ti\ccsv8\tools\compiler\ti-cgt-arm_18.1.5.LTS\lib\</path>
         <kind>archive</kind>
         <file>rtsv7M4_T_le_v4SPD16_eabi.lib</file>
         <name>fd_cmp_t2.asm.obj</name>
      </input_file>
      <input_file id="fl-eb">
         <path>C:\ti\ccsv8\tools\compiler\ti-cgt-arm_18.1.5.LTS\lib\</path>
         <kind>archive</kind>
         <file>rtsv7M4_T_le_v4SPD16_eabi.lib</file>
         <name>fd_div_t2.asm.obj</name>
      </input_file>
      <input_file id="fl-ec">
         <path>C:\ti\ccsv8\tools\compiler\ti-cgt-arm_18.1.5.LTS\lib\</path>
         <kind>archive</kind>
         <file>rtsv7M4_T_le_v4SPD16_eabi.lib</file>
         <name>fd_mul_t2.asm.obj</name>
      </input_file>
      <input_file id="fl-ed">
         <path>C:\ti\ccsv8\tools\compiler\ti-cgt-arm_18.1.5.LTS\lib\</path>
         <kind>archive</kind>
         <file>rtsv7M4_T_le_v4SPD16_eabi.lib</file>
         <name>fd_toi_t2.asm.obj</name>
      </input_file>
      <input_file id="fl-ee">
         <path>C:\ti\ccsv8\tools\compiler\ti-cgt-arm_18.1.5.LTS\lib\</path>
         <kind>archive</kind>
         <file>rtsv7M4_T_le_v4SPD16_eabi.lib</file>
         <name>fd_tos_t2.asm.obj</name>
      </input_file>
      <input_file id="fl-ef">
         <path>C:\ti\ccsv8\tools\compiler\ti-cgt-arm_18.1.5.LTS\lib\</path>
         <kind>archive</kind>
         <file>rtsv7M4_T_le_v4SPD16_eabi.lib</file>
         <name>fs_tod_t2.asm.obj</name>
      </input_file>
      <input_file id="fl-f0">
         <path>C:\ti\ccsv8\tools\compiler\ti-cgt-arm_18.1.5.LTS\lib\</path>
         <kind>archive</kind>
         <file>rtsv7M4_T_le_v4SPD16_eabi.lib</file>
         <name>i_tofd_t2.asm.obj</name>
      </input_file>
      <input_file id="fl-f1">
         <path>C:\ti\ccsv8\tools\compiler\ti-cgt-arm_18.1.5.LTS\lib\</path>
         <kind>archive</kind>
         <file>rtsv7M4_T_le_v4SPD16_eabi.lib</file>
         <name>copy_zero_init.c.obj</name>
      </input_file>
      <input_file id="fl-f2">
         <path>C:\ti\ccsv8\tools\compiler\ti-cgt-arm_18.1.5.LTS\lib\</path>
         <kind>archive</kind>
         <file>rtsv7M4_T_le_v4SPD16_eabi.lib</file>
         <name>copy_decompress_none.c.obj</name>
      </input_file>
      <input_file id="fl-f3">
         <path>C:\ti\ccsv8\tools\compiler\ti-cgt-arm_18.1.5.LTS\lib\</path>
         <kind>archive</kind>
         <file>rtsv7M4_T_le_v4SPD16_eabi.lib</file>
         <name>copy_decompress_lzss.c.obj</name>
      </input_file>
      <input_file id="fl-f4">
         <path>C:\ti\ccsv8\tools\compiler\ti-cgt-arm_18.1.5.LTS\lib\</path>
         <kind>archive</kind>
         <file>rtsv7M4_T_le_v4SPD16_eabi.lib</file>
         <name>errno.c.obj</name>
      </input_file>
      <input_file id="fl-f5">
         <path>C:\ti\ccsv8\tools\compiler\ti-cgt-arm_18.1.5.LTS\lib\</path>
         <kind>archive</kind>
         <file>rtsv7M4_T_le_v4SPD16_eabi.lib</file>
         <name>boot_cortex_m.c.obj</name>
      </input_file>
      <input_file id="fl-f6">
         <path>C:\ti\ccsv8\tools\compiler\ti-cgt-arm_18.1.5.LTS\lib\</path>
         <kind>archive</kind>
         <file>rtsv7M4_T_le_v4SPD16_eabi.lib</file>
         <name>exit.c.obj</name>
      </input_file>
      <input_file id="fl-f7">
         <path>C:\ti\ccsv8\tools\compiler\ti-cgt-arm_18.1.5.LTS\lib\</path>
         <kind>archive</kind>
         <file>rtsv7M4_T_le_v4SPD16_eabi.lib</file>
         <name>_lock.c.obj</name>
      </input_file>
      <input_file id="fl-f8">
         <path>C:\ti\ccsv8\tools\compiler\ti-cgt-arm_18.1.5.LTS\lib\</path>
         <kind>archive</kind>
         <file>rtsv7M4_T_le_v4SPD16_eabi.lib</file>
         <name>args_main.c.obj</name>
      </input_file>
      <input_file id="fl-f9">
         <path>C:\ti\ccsv8\tools\compiler\ti-cgt-arm_18.1.5.LTS\lib\</path>
         <kind>archive</kind>
         <file>rtsv7M4_T_le_v4SPD16_eabi.lib</file>
         <name>sprintf.c.obj</name>
      </input_file>
      <input_file id="fl-fa">
         <path>C:\ti\ccsv8\tools\compiler\ti-cgt-arm_18.1.5.LTS\lib\</path>
         <kind>archive</kind>
         <file>rtsv7M4_T_le_v4SPD16_eabi.lib</file>
         <name>memset_t2.asm.obj</name>
      </input_file>
      <input_file id="fl-fb">
         <path>C:\ti\ccsv8\tools\compiler\ti-cgt-arm_18.1.5.LTS\lib\</path>
         <kind>archive</kind>
         <file>rtsv7M4_T_le_v4SPD16_eabi.lib</file>
         <name>memcpy_t2.asm.obj</name>
      </input_file>
      <input_file id="fl-fc">
         <path>C:\ti\ccsv8\tools\compiler\ti-cgt-arm_18.1.5.LTS\lib\</path>
         <kind>archive</kind>
         <file>rtsv7M4_T_le_v4SPD16_eabi.lib</file>
         <name>autoinit.c.obj</name>
      </input_file>
      <input_file id="fl-fd">
         <path>C:\ti\ccsv8\tools\compiler\ti-cgt-arm_18.1.5.LTS\lib\</path>
         <kind>archive</kind>
         <file>rtsv7M4_T_le_v4SPD16_eabi.lib</file>
         <name>pre_init.c.obj</name>
      </input_file>
      <input_file id="fl-fe">
         <path>C:\ti\ccsv8\tools\compiler\ti-cgt-arm_18.1.5.LTS\lib\</path>
         <kind>archive</kind>
         <file>rtsv7M4_T_le_v4SPD16_eabi.lib</file>
         <name>cpy_tbl.c.obj</name>
      </input_file>
      <input_file id="fl-ff">
         <path>C:\ti\ccsv8\tools\compiler\ti-cgt-arm_18.1.5.LTS\lib\</path>
         <kind>archive</kind>
         <file>rtsv7M4_T_le_v4SPD16_eabi.lib</file>
         <name>_printfi.c.obj</name>
      </input_file>
      <input_file id="fl-100">
         <path>C:\ti\ccsv8\tools\compiler\ti-cgt-arm_18.1.5.LTS\lib\</path>
         <kind>archive</kind>
         <file>rtsv7M4_T_le_v4SPD16_eabi.lib</file>
         <name>atoi.c.obj</name>
      </input_file>
      <input_file id="fl-101">
         <path>C:\ti\ccsv8\tools\compiler\ti-cgt-arm_18.1.5.LTS\lib\</path>
         <kind>archive</kind>
         <file>rtsv7M4_T_le_v4SPD16_eabi.lib</file>
         <name>ctype.c.obj</name>
      </input_file>
      <input_file id="fl-102">
         <path>C:\ti\ccsv8\tools\compiler\ti-cgt-arm_18.1.5.LTS\lib\</path>
         <kind>archive</kind>
         <file>rtsv7M4_T_le_v4SPD16_eabi.lib</file>
         <name>ltoa.c.obj</name>
      </input_file>
      <input_file id="fl-103">
         <path>C:\ti\ccsv8\tools\compiler\ti-cgt-arm_18.1.5.LTS\lib\</path>
         <kind>archive</kind>
         <file>rtsv7M4_T_le_v4SPD16_eabi.lib</file>
         <name>memccpy.c.obj</name>
      </input_file>
      <input_file id="fl-104">
         <path>C:\ti\ccsv8\tools\compiler\ti-cgt-arm_18.1.5.LTS\lib\</path>
         <kind>archive</kind>
         <file>rtsv7M4_T_le_v4SPD16_eabi.lib</file>
         <name>strchr.c.obj</name>
      </input_file>
      <input_file id="fl-105">
         <path>C:\ti\ccsv8\tools\compiler\ti-cgt-arm_18.1.5.LTS\lib\</path>
         <kind>archive</kind>
         <file>rtsv7M4_T_le_v4SPD16_eabi.lib</file>
         <name>strlen.c.obj</name>
      </input_file>
      <input_file id="fl-106">
         <path>C:\ti\ccsv8\tools\compiler\ti-cgt-arm_18.1.5.LTS\lib\</path>
         <kind>archive</kind>
         <file>rtsv7M4_T_le_v4SPD16_eabi.lib</file>
         <name>s_frexp.c.obj</name>
      </input_file>
      <input_file id="fl-107">
         <path>C:\ti\ccsv8\tools\compiler\ti-cgt-arm_18.1.5.LTS\lib\</path>
         <kind>archive</kind>
         <file>rtsv7M4_T_le_v4SPD16_eabi.lib</file>
         <name>wcslen.c.obj</name>
      </input_file>
      <input_file id="fl-108">
         <path>C:\ti\ccsv8\tools\compiler\ti-cgt-arm_18.1.5.LTS\lib\</path>
         <kind>archive</kind>
         <file>rtsv7M4_T_le_v4SPD16_eabi.lib</file>
         <name>ull_div_t2.asm.obj</name>
      </input_file>
      <input_file id="fl-109">
         <path>C:\ti\ccsv8\tools\compiler\ti-cgt-arm_18.1.5.LTS\lib\</path>
         <kind>archive</kind>
         <file>rtsv7M4_T_le_v4SPD16_eabi.lib</file>
         <name>div0.asm.obj</name>
      </input_file>
   </input_file_list>
   <object_component_list>
      <object_component id="oc-23">
         <name>.intvecs:retain</name>
         <load_address>0x0</load_address>
         <run_address>0x0</run_address>
         <size>0xe4</size>
         <input_file_ref idref="fl-8"/>
      </object_component>
      <object_component id="oc-b5">
         <name>.text</name>
         <load_address>0xe4</load_address>
         <run_address>0xe4</run_address>
         <size>0x159c</size>
         <input_file_ref idref="fl-13"/>
      </object_component>
      <object_component id="oc-c1">
         <name>.text</name>
         <load_address>0x1680</load_address>
         <run_address>0x1680</run_address>
         <size>0xd7c</size>
         <input_file_ref idref="fl-11"/>
      </object_component>
      <object_component id="oc-2ef">
         <name>.text:__TI_printfi</name>
         <load_address>0x23fc</load_address>
         <run_address>0x23fc</run_address>
         <size>0xa5e</size>
         <input_file_ref idref="fl-ff"/>
      </object_component>
      <object_component id="oc-41d">
         <name>.text</name>
         <load_address>0x2e5a</load_address>
         <run_address>0x2e5a</run_address>
         <size>0x2</size>
         <input_file_ref idref="fl-109"/>
      </object_component>
      <object_component id="oc-1ee">
         <name>.text:pow</name>
         <load_address>0x2e5c</load_address>
         <run_address>0x2e5c</run_address>
         <size>0x9c0</size>
         <input_file_ref idref="fl-e4"/>
      </object_component>
      <object_component id="oc-bb">
         <name>.text</name>
         <load_address>0x381c</load_address>
         <run_address>0x381c</run_address>
         <size>0x838</size>
         <input_file_ref idref="fl-19"/>
      </object_component>
      <object_component id="oc-e5">
         <name>.text</name>
         <load_address>0x4054</load_address>
         <run_address>0x4054</run_address>
         <size>0x7fc</size>
         <input_file_ref idref="fl-7"/>
      </object_component>
      <object_component id="oc-cd">
         <name>.text</name>
         <load_address>0x4850</load_address>
         <run_address>0x4850</run_address>
         <size>0x798</size>
         <input_file_ref idref="fl-23"/>
      </object_component>
      <object_component id="oc-6a">
         <name>.text</name>
         <load_address>0x4fe8</load_address>
         <run_address>0x4fe8</run_address>
         <size>0x53c</size>
         <input_file_ref idref="fl-5"/>
      </object_component>
      <object_component id="oc-1cb">
         <name>.text</name>
         <load_address>0x5524</load_address>
         <run_address>0x5524</run_address>
         <size>0x508</size>
         <input_file_ref idref="fl-1e"/>
      </object_component>
      <object_component id="oc-c7">
         <name>.text</name>
         <load_address>0x5a2c</load_address>
         <run_address>0x5a2c</run_address>
         <size>0x480</size>
         <input_file_ref idref="fl-15"/>
      </object_component>
      <object_component id="oc-d3">
         <name>.text</name>
         <load_address>0x5eac</load_address>
         <run_address>0x5eac</run_address>
         <size>0x41c</size>
         <input_file_ref idref="fl-24"/>
      </object_component>
      <object_component id="oc-af">
         <name>.text</name>
         <load_address>0x62c8</load_address>
         <run_address>0x62c8</run_address>
         <size>0x3f0</size>
         <input_file_ref idref="fl-17"/>
      </object_component>
      <object_component id="oc-a2">
         <name>.text</name>
         <load_address>0x66b8</load_address>
         <run_address>0x66b8</run_address>
         <size>0x334</size>
         <input_file_ref idref="fl-9"/>
      </object_component>
      <object_component id="oc-2dc">
         <name>.text:atan</name>
         <load_address>0x69ec</load_address>
         <run_address>0x69ec</run_address>
         <size>0x2ec</size>
         <input_file_ref idref="fl-e6"/>
      </object_component>
      <object_component id="oc-df">
         <name>.text</name>
         <load_address>0x6cd8</load_address>
         <run_address>0x6cd8</run_address>
         <size>0x2ec</size>
         <input_file_ref idref="fl-2"/>
      </object_component>
      <object_component id="oc-37e">
         <name>.text:_pconv_a</name>
         <load_address>0x6fc4</load_address>
         <run_address>0x6fc4</run_address>
         <size>0x270</size>
         <input_file_ref idref="fl-ff"/>
      </object_component>
      <object_component id="oc-1e8">
         <name>.text</name>
         <load_address>0x7234</load_address>
         <run_address>0x7234</run_address>
         <size>0x244</size>
         <input_file_ref idref="fl-3"/>
      </object_component>
      <object_component id="oc-1a1">
         <name>.text</name>
         <load_address>0x7478</load_address>
         <run_address>0x7478</run_address>
         <size>0x244</size>
         <input_file_ref idref="fl-20"/>
      </object_component>
      <object_component id="oc-f1">
         <name>.text</name>
         <load_address>0x76bc</load_address>
         <run_address>0x76bc</run_address>
         <size>0x1e8</size>
         <input_file_ref idref="fl-6"/>
      </object_component>
      <object_component id="oc-1fa">
         <name>.text:atan2</name>
         <load_address>0x78a4</load_address>
         <run_address>0x78a4</run_address>
         <size>0x1d8</size>
         <input_file_ref idref="fl-e3"/>
      </object_component>
      <object_component id="oc-36c">
         <name>.text:_pconv_g</name>
         <load_address>0x7a7c</load_address>
         <run_address>0x7a7c</run_address>
         <size>0x1d0</size>
         <input_file_ref idref="fl-ff"/>
      </object_component>
      <object_component id="oc-11d">
         <name>.text</name>
         <load_address>0x7c4c</load_address>
         <run_address>0x7c4c</run_address>
         <size>0x1b6</size>
         <input_file_ref idref="fl-e9"/>
      </object_component>
      <object_component id="oc-1f4">
         <name>.text:sqrt</name>
         <load_address>0x7e04</load_address>
         <run_address>0x7e04</run_address>
         <size>0x158</size>
         <input_file_ref idref="fl-e5"/>
      </object_component>
      <object_component id="oc-378">
         <name>.text:_pconv_e</name>
         <load_address>0x7f5c</load_address>
         <run_address>0x7f5c</run_address>
         <size>0x13c</size>
         <input_file_ref idref="fl-ff"/>
      </object_component>
      <object_component id="oc-118">
         <name>.text</name>
         <load_address>0x8098</load_address>
         <run_address>0x8098</run_address>
         <size>0x136</size>
         <input_file_ref idref="fl-eb"/>
      </object_component>
      <object_component id="oc-3df">
         <name>.text:fcvt</name>
         <load_address>0x81d0</load_address>
         <run_address>0x81d0</run_address>
         <size>0x124</size>
         <input_file_ref idref="fl-ff"/>
      </object_component>
      <object_component id="oc-2cc">
         <name>.text:scalbn</name>
         <load_address>0x82f4</load_address>
         <run_address>0x82f4</run_address>
         <size>0x110</size>
         <input_file_ref idref="fl-e7"/>
      </object_component>
      <object_component id="oc-10e">
         <name>.text</name>
         <load_address>0x8404</load_address>
         <run_address>0x8404</run_address>
         <size>0xfc</size>
         <input_file_ref idref="fl-ec"/>
      </object_component>
      <object_component id="oc-a9">
         <name>.text</name>
         <load_address>0x8500</load_address>
         <run_address>0x8500</run_address>
         <size>0xd8</size>
         <input_file_ref idref="fl-25"/>
      </object_component>
      <object_component id="oc-eb">
         <name>.text</name>
         <load_address>0x85d8</load_address>
         <run_address>0x85d8</run_address>
         <size>0xb8</size>
         <input_file_ref idref="fl-a"/>
      </object_component>
      <object_component id="oc-366">
         <name>.text:_ltostr</name>
         <load_address>0x8690</load_address>
         <run_address>0x8690</run_address>
         <size>0xb1</size>
         <input_file_ref idref="fl-ff"/>
      </object_component>
      <object_component id="oc-34">
         <name>.text</name>
         <load_address>0x8742</load_address>
         <run_address>0x8742</run_address>
         <size>0x9c</size>
         <input_file_ref idref="fl-fb"/>
      </object_component>
      <object_component id="oc-3c6">
         <name>.text</name>
         <load_address>0x87de</load_address>
         <run_address>0x87de</run_address>
         <size>0x96</size>
         <input_file_ref idref="fl-108"/>
      </object_component>
      <object_component id="oc-d9">
         <name>.text</name>
         <load_address>0x8874</load_address>
         <run_address>0x8874</run_address>
         <size>0x88</size>
         <input_file_ref idref="fl-b"/>
      </object_component>
      <object_component id="oc-2c2">
         <name>.text:__aeabi_cdcmple</name>
         <load_address>0x88fc</load_address>
         <run_address>0x88fc</run_address>
         <size>0x86</size>
         <input_file_ref idref="fl-ea"/>
      </object_component>
      <object_component id="oc-2c7">
         <name>.text:__aeabi_cdrcmple</name>
         <load_address>0x8982</load_address>
         <run_address>0x8982</run_address>
         <size>0x86</size>
         <input_file_ref idref="fl-ea"/>
      </object_component>
      <object_component id="oc-8a">
         <name>.text</name>
         <load_address>0x8a08</load_address>
         <run_address>0x8a08</run_address>
         <size>0x7a</size>
         <input_file_ref idref="fl-fa"/>
      </object_component>
      <object_component id="oc-3d8">
         <name>.text:_mcpy</name>
         <load_address>0x8a82</load_address>
         <run_address>0x8a82</run_address>
         <size>0x6e</size>
         <input_file_ref idref="fl-ff"/>
      </object_component>
      <object_component id="oc-113">
         <name>.text</name>
         <load_address>0x8af0</load_address>
         <run_address>0x8af0</run_address>
         <size>0x6e</size>
         <input_file_ref idref="fl-ee"/>
      </object_component>
      <object_component id="oc-14">
         <name>.text:decompress:lzss:__TI_decompress_lzss</name>
         <load_address>0x8b5e</load_address>
         <run_address>0x8b5e</run_address>
         <size>0x68</size>
         <input_file_ref idref="fl-f3"/>
      </object_component>
      <object_component id="oc-3ed">
         <name>.text:frexp</name>
         <load_address>0x8bc8</load_address>
         <run_address>0x8bc8</run_address>
         <size>0x64</size>
         <input_file_ref idref="fl-106"/>
      </object_component>
      <object_component id="oc-372">
         <name>.text:_pconv_f</name>
         <load_address>0x8c2c</load_address>
         <run_address>0x8c2c</run_address>
         <size>0x56</size>
         <input_file_ref idref="fl-ff"/>
      </object_component>
      <object_component id="oc-3cc">
         <name>.text:ltoa</name>
         <load_address>0x8c82</load_address>
         <run_address>0x8c82</run_address>
         <size>0x54</size>
         <input_file_ref idref="fl-102"/>
      </object_component>
      <object_component id="oc-3d2">
         <name>.text:_ecpy</name>
         <load_address>0x8cd6</load_address>
         <run_address>0x8cd6</run_address>
         <size>0x52</size>
         <input_file_ref idref="fl-ff"/>
      </object_component>
      <object_component id="oc-360">
         <name>.text:atoi</name>
         <load_address>0x8d28</load_address>
         <run_address>0x8d28</run_address>
         <size>0x4c</size>
         <input_file_ref idref="fl-100"/>
      </object_component>
      <object_component id="oc-211">
         <name>.text</name>
         <load_address>0x8d74</load_address>
         <run_address>0x8d74</run_address>
         <size>0x48</size>
         <input_file_ref idref="fl-ed"/>
      </object_component>
      <object_component id="oc-16b">
         <name>.text:__TI_auto_init_nobinit_nopinit:__TI_auto_init_nobinit_nopinit</name>
         <load_address>0x8dbc</load_address>
         <run_address>0x8dbc</run_address>
         <size>0x44</size>
         <input_file_ref idref="fl-fc"/>
      </object_component>
      <object_component id="oc-209">
         <name>.text:sprintf</name>
         <load_address>0x8e00</load_address>
         <run_address>0x8e00</run_address>
         <size>0x40</size>
         <input_file_ref idref="fl-f9"/>
      </object_component>
      <object_component id="oc-3e5">
         <name>.text:_fcpy</name>
         <load_address>0x8e40</load_address>
         <run_address>0x8e40</run_address>
         <size>0x3e</size>
         <input_file_ref idref="fl-ff"/>
      </object_component>
      <object_component id="oc-1a9">
         <name>.text</name>
         <load_address>0x8e7e</load_address>
         <run_address>0x8e7e</run_address>
         <size>0x3e</size>
         <input_file_ref idref="fl-f"/>
      </object_component>
      <object_component id="oc-52">
         <name>.text:_c_int00_noargs:_c_int00_noargs</name>
         <load_address>0x8ebc</load_address>
         <run_address>0x8ebc</run_address>
         <size>0x38</size>
         <input_file_ref idref="fl-f5"/>
      </object_component>
      <object_component id="oc-109">
         <name>.text</name>
         <load_address>0x8ef4</load_address>
         <run_address>0x8ef4</run_address>
         <size>0x38</size>
         <input_file_ref idref="fl-ef"/>
      </object_component>
      <object_component id="oc-2ba">
         <name>.text</name>
         <load_address>0x8f2c</load_address>
         <run_address>0x8f2c</run_address>
         <size>0x2e</size>
         <input_file_ref idref="fl-f0"/>
      </object_component>
      <object_component id="oc-384">
         <name>.text:memccpy</name>
         <load_address>0x8f5a</load_address>
         <run_address>0x8f5a</run_address>
         <size>0x1c</size>
         <input_file_ref idref="fl-103"/>
      </object_component>
      <object_component id="oc-2f5">
         <name>.text:_outs</name>
         <load_address>0x8f76</load_address>
         <run_address>0x8f76</run_address>
         <size>0x18</size>
         <input_file_ref idref="fl-f9"/>
      </object_component>
      <object_component id="oc-3f3">
         <name>.text:strchr</name>
         <load_address>0x8f8e</load_address>
         <run_address>0x8f8e</run_address>
         <size>0x16</size>
         <input_file_ref idref="fl-104"/>
      </object_component>
      <object_component id="oc-33e">
         <name>.text:copysign</name>
         <load_address>0x8fa4</load_address>
         <run_address>0x8fa4</run_address>
         <size>0x14</size>
         <input_file_ref idref="fl-e8"/>
      </object_component>
      <object_component id="oc-35a">
         <name>.text:strlen</name>
         <load_address>0x8fb8</load_address>
         <run_address>0x8fb8</run_address>
         <size>0x14</size>
         <input_file_ref idref="fl-105"/>
      </object_component>
      <object_component id="oc-40">
         <name>.text:decompress:ZI:__TI_zero_init_nomemset:__TI_zero_init_nomemset</name>
         <load_address>0x8fcc</load_address>
         <run_address>0x8fcc</run_address>
         <size>0x12</size>
         <input_file_ref idref="fl-f1"/>
      </object_component>
      <object_component id="oc-38a">
         <name>.text:wcslen</name>
         <load_address>0x8fde</load_address>
         <run_address>0x8fde</run_address>
         <size>0x12</size>
         <input_file_ref idref="fl-107"/>
      </object_component>
      <object_component id="oc-1a">
         <name>.text:decompress:none:__TI_decompress_none</name>
         <load_address>0x8ff0</load_address>
         <run_address>0x8ff0</run_address>
         <size>0xe</size>
         <input_file_ref idref="fl-f2"/>
      </object_component>
      <object_component id="oc-64">
         <name>.text</name>
         <load_address>0x8ffe</load_address>
         <run_address>0x8ffe</run_address>
         <size>0xe</size>
         <input_file_ref idref="fl-8"/>
      </object_component>
      <object_component id="oc-2fb">
         <name>.text:_outc</name>
         <load_address>0x900c</load_address>
         <run_address>0x900c</run_address>
         <size>0xa</size>
         <input_file_ref idref="fl-f9"/>
      </object_component>
      <object_component id="oc-2b4">
         <name>.text:__aeabi_errno_addr</name>
         <load_address>0x9018</load_address>
         <run_address>0x9018</run_address>
         <size>0x8</size>
         <input_file_ref idref="fl-f4"/>
      </object_component>
      <object_component id="oc-90">
         <name>.text:_system_pre_init</name>
         <load_address>0x9020</load_address>
         <run_address>0x9020</run_address>
         <size>0x4</size>
         <input_file_ref idref="fl-fd"/>
      </object_component>
      <object_component id="oc-15f">
         <name>.text:abort:abort</name>
         <load_address>0x9024</load_address>
         <run_address>0x9024</run_address>
         <size>0x4</size>
         <input_file_ref idref="fl-f6"/>
      </object_component>
      <object_component id="oc-3c1">
         <name>.const:.string:_ctypes_</name>
         <load_address>0x9028</load_address>
         <run_address>0x9028</run_address>
         <size>0x101</size>
         <input_file_ref idref="fl-101"/>
      </object_component>
      <object_component id="oc-354">
         <name>.const:$O1$$</name>
         <load_address>0x9130</load_address>
         <run_address>0x9130</run_address>
         <size>0x98</size>
         <input_file_ref idref="fl-e6"/>
      </object_component>
      <object_component id="oc-1e5">
         <name>.const:lpfCoeffs$1</name>
         <load_address>0x91c8</load_address>
         <run_address>0x91c8</run_address>
         <size>0x54</size>
         <input_file_ref idref="fl-2"/>
      </object_component>
      <object_component id="oc-1b5">
         <name>.const:g_pulRegs</name>
         <load_address>0x921c</load_address>
         <run_address>0x921c</run_address>
         <size>0x50</size>
         <input_file_ref idref="fl-17"/>
      </object_component>
      <object_component id="oc-2bf">
         <name>.const:$O1$$</name>
         <load_address>0x9270</load_address>
         <run_address>0x9270</run_address>
         <size>0x30</size>
         <input_file_ref idref="fl-e4"/>
      </object_component>
      <object_component id="oc-106">
         <name>.const:$P$T5$6</name>
         <load_address>0x92a0</load_address>
         <run_address>0x92a0</run_address>
         <size>0x24</size>
         <input_file_ref idref="fl-5"/>
      </object_component>
      <object_component id="oc-1b2">
         <name>.const:g_pulPriority</name>
         <load_address>0x92c4</load_address>
         <run_address>0x92c4</run_address>
         <size>0x20</size>
         <input_file_ref idref="fl-17"/>
      </object_component>
      <object_component id="oc-1db">
         <name>.const:GPIO_PORT_TO_INT</name>
         <load_address>0x92e4</load_address>
         <run_address>0x92e4</run_address>
         <size>0x1c</size>
         <input_file_ref idref="fl-15"/>
      </object_component>
      <object_component id="oc-f7">
         <name>.const:$P$T0$1</name>
         <load_address>0x9300</load_address>
         <run_address>0x9300</run_address>
         <size>0x18</size>
         <input_file_ref idref="fl-5"/>
      </object_component>
      <object_component id="oc-fa">
         <name>.const:$P$T1$2</name>
         <load_address>0x9318</load_address>
         <run_address>0x9318</run_address>
         <size>0x18</size>
         <input_file_ref idref="fl-5"/>
      </object_component>
      <object_component id="oc-fd">
         <name>.const:$P$T2$3</name>
         <load_address>0x9330</load_address>
         <run_address>0x9330</run_address>
         <size>0x18</size>
         <input_file_ref idref="fl-5"/>
      </object_component>
      <object_component id="oc-100">
         <name>.const:$P$T3$4</name>
         <load_address>0x9348</load_address>
         <run_address>0x9348</run_address>
         <size>0x18</size>
         <input_file_ref idref="fl-5"/>
      </object_component>
      <object_component id="oc-103">
         <name>.const:$P$T4$5</name>
         <load_address>0x9360</load_address>
         <run_address>0x9360</run_address>
         <size>0x18</size>
         <input_file_ref idref="fl-5"/>
      </object_component>
      <object_component id="oc-201">
         <name>.const:$P$T0$2</name>
         <load_address>0x9378</load_address>
         <run_address>0x9378</run_address>
         <size>0xc</size>
         <input_file_ref idref="fl-7"/>
      </object_component>
      <object_component id="oc-204">
         <name>.const:$P$T1$3</name>
         <load_address>0x9384</load_address>
         <run_address>0x9384</run_address>
         <size>0xc</size>
         <input_file_ref idref="fl-7"/>
      </object_component>
      <object_component id="oc-1bb">
         <name>.const:g_pulDisRegs</name>
         <load_address>0x9390</load_address>
         <run_address>0x9390</run_address>
         <size>0x8</size>
         <input_file_ref idref="fl-17"/>
      </object_component>
      <object_component id="oc-1b8">
         <name>.const:g_pulEnRegs</name>
         <load_address>0x9398</load_address>
         <run_address>0x9398</run_address>
         <size>0x8</size>
         <input_file_ref idref="fl-17"/>
      </object_component>
      <object_component id="oc-1be">
         <name>.const:g_pulPendRegs</name>
         <load_address>0x93a0</load_address>
         <run_address>0x93a0</run_address>
         <size>0x8</size>
         <input_file_ref idref="fl-17"/>
      </object_component>
      <object_component id="oc-1c1">
         <name>.const:g_pulUnpendRegs</name>
         <load_address>0x93a8</load_address>
         <run_address>0x93a8</run_address>
         <size>0x8</size>
         <input_file_ref idref="fl-17"/>
      </object_component>
      <object_component id="oc-474">
         <name>.cinit..data.load</name>
         <load_address>0x93b0</load_address>
         <run_address>0x93b0</run_address>
         <size>0xa0</size>
      </object_component>
      <object_component id="oc-471">
         <name>__TI_handler_table</name>
         <load_address>0x9450</load_address>
         <run_address>0x9450</run_address>
         <size>0xc</size>
      </object_component>
      <object_component id="oc-475">
         <name>.cinit..bss.load</name>
         <load_address>0x9460</load_address>
         <run_address>0x9460</run_address>
         <size>0x8</size>
      </object_component>
      <object_component id="oc-473">
         <name>.cinit..vtable.load</name>
         <load_address>0x9468</load_address>
         <run_address>0x9468</run_address>
         <size>0x8</size>
      </object_component>
      <object_component id="oc-472">
         <name>__TI_cinit_table</name>
         <load_address>0x9470</load_address>
         <run_address>0x9470</run_address>
         <size>0x18</size>
      </object_component>
      <object_component id="oc-446">
         <name>.binit</name>
         <load_address>0x0</load_address>
         <run_address>0x0</run_address>
         <size>0x0</size>
      </object_component>
      <object_component id="oc-1af">
         <name>.vtable</name>
         <uninitialized>true</uninitialized>
         <run_address>0x20000000</run_address>
         <size>0xe4</size>
         <input_file_ref idref="fl-17"/>
      </object_component>
      <object_component id="oc-12a">
         <name>.data:g_motor_r</name>
         <load_address>0x200002ec</load_address>
         <run_address>0x200002ec</run_address>
         <size>0x24</size>
         <input_file_ref idref="fl-5"/>
      </object_component>
      <object_component id="oc-12d">
         <name>.data:g_motor_l</name>
         <load_address>0x200002c8</load_address>
         <run_address>0x200002c8</run_address>
         <size>0x24</size>
         <input_file_ref idref="fl-5"/>
      </object_component>
      <object_component id="oc-127">
         <name>.data</name>
         <load_address>0x20000328</load_address>
         <run_address>0x20000328</run_address>
         <size>0x2</size>
         <input_file_ref idref="fl-5"/>
      </object_component>
      <object_component id="oc-131">
         <name>.data:k_lqr$8</name>
         <load_address>0x20000310</load_address>
         <run_address>0x20000310</run_address>
         <size>0x10</size>
         <input_file_ref idref="fl-5"/>
      </object_component>
      <object_component id="oc-19d">
         <name>.data</name>
         <load_address>0x20000324</load_address>
         <run_address>0x20000324</run_address>
         <size>0x4</size>
         <input_file_ref idref="fl-9"/>
      </object_component>
      <object_component id="oc-1c6">
         <name>.data:__getBurstProgramRegs</name>
         <load_address>0x20000258</load_address>
         <run_address>0x20000258</run_address>
         <size>0x40</size>
         <input_file_ref idref="fl-13"/>
      </object_component>
      <object_component id="oc-1d8">
         <name>.data:GPIO_PORT_TO_BASE</name>
         <load_address>0x20000298</load_address>
         <run_address>0x20000298</run_address>
         <size>0x30</size>
         <input_file_ref idref="fl-15"/>
      </object_component>
      <object_component id="oc-334">
         <name>.data</name>
         <load_address>0x20000320</load_address>
         <run_address>0x20000320</run_address>
         <size>0x4</size>
         <input_file_ref idref="fl-f4"/>
      </object_component>
      <object_component id="oc-130">
         <name>.bss</name>
         <uninitialized>true</uninitialized>
         <run_address>0x20000254</run_address>
         <size>0x4</size>
         <input_file_ref idref="fl-5"/>
      </object_component>
      <object_component id="oc-132">
         <name>.bss:data$9</name>
         <uninitialized>true</uninitialized>
         <run_address>0x2000021c</run_address>
         <size>0x24</size>
         <input_file_ref idref="fl-5"/>
      </object_component>
      <object_component id="oc-200">
         <name>.bss:ang_vel_prev$1</name>
         <uninitialized>true</uninitialized>
         <run_address>0x20000240</run_address>
         <size>0xc</size>
         <input_file_ref idref="fl-7"/>
      </object_component>
      <object_component id="oc-1d3">
         <name>.bss</name>
         <uninitialized>true</uninitialized>
         <run_address>0x2000024c</run_address>
         <size>0x8</size>
         <input_file_ref idref="fl-11"/>
      </object_component>
      <object_component id="oc-126">
         <name>.common:g_imu</name>
         <uninitialized>true</uninitialized>
         <run_address>0x200001b4</run_address>
         <size>0x68</size>
      </object_component>
      <object_component id="oc-122">
         <name>.common:g_enc_r</name>
         <uninitialized>true</uninitialized>
         <run_address>0x2000014c</run_address>
         <size>0x68</size>
      </object_component>
      <object_component id="oc-125">
         <name>.common:g_enc_l</name>
         <uninitialized>true</uninitialized>
         <run_address>0x200000e4</run_address>
         <size>0x68</size>
      </object_component>
      <object_component id="oc-26">
         <name>.stack</name>
         <uninitialized>true</uninitialized>
         <run_address>0x2000fe00</run_address>
         <size>0x4</size>
         <input_file_ref idref="fl-f5"/>
      </object_component>
      <object_component id="oc-476">
         <name>.stack</name>
         <uninitialized>true</uninitialized>
         <run_address>0x2000fe00</run_address>
         <size>0x0</size>
      </object_component>
      <object_component id="oc-1e7">
         <name>.debug_info</name>
         <load_address>0x0</load_address>
         <run_address>0x0</run_address>
         <size>0x61a</size>
         <input_file_ref idref="fl-2"/>
      </object_component>
      <object_component id="oc-e1">
         <name>.debug_info</name>
         <load_address>0x61a</load_address>
         <run_address>0x61a</run_address>
         <size>0x3eb</size>
         <input_file_ref idref="fl-2"/>
      </object_component>
      <object_component id="oc-235">
         <name>.debug_info</name>
         <load_address>0xa05</load_address>
         <run_address>0xa05</run_address>
         <size>0xc2</size>
         <input_file_ref idref="fl-2"/>
      </object_component>
      <object_component id="oc-14a">
         <name>.debug_info</name>
         <load_address>0xac7</load_address>
         <run_address>0xac7</run_address>
         <size>0x26b</size>
         <input_file_ref idref="fl-2"/>
      </object_component>
      <object_component id="oc-23f">
         <name>.debug_info</name>
         <load_address>0xd32</load_address>
         <run_address>0xd32</run_address>
         <size>0x1055</size>
         <input_file_ref idref="fl-2"/>
      </object_component>
      <object_component id="oc-27a">
         <name>.debug_info</name>
         <load_address>0x1d87</load_address>
         <run_address>0x1d87</run_address>
         <size>0x37e2</size>
         <input_file_ref idref="fl-2"/>
      </object_component>
      <object_component id="oc-294">
         <name>.debug_info</name>
         <load_address>0x5569</load_address>
         <run_address>0x5569</run_address>
         <size>0x1b5</size>
         <input_file_ref idref="fl-2"/>
      </object_component>
      <object_component id="oc-29b">
         <name>.debug_info</name>
         <load_address>0x571e</load_address>
         <run_address>0x571e</run_address>
         <size>0xc6</size>
         <input_file_ref idref="fl-2"/>
      </object_component>
      <object_component id="oc-134">
         <name>.debug_info</name>
         <load_address>0x57e4</load_address>
         <run_address>0x57e4</run_address>
         <size>0x341</size>
         <input_file_ref idref="fl-2"/>
      </object_component>
      <object_component id="oc-2f">
         <name>.debug_info</name>
         <load_address>0x5b25</load_address>
         <run_address>0x5b25</run_address>
         <size>0x84</size>
         <input_file_ref idref="fl-2"/>
      </object_component>
      <object_component id="oc-24f">
         <name>.debug_info</name>
         <load_address>0x5ba9</load_address>
         <run_address>0x5ba9</run_address>
         <size>0x297</size>
         <input_file_ref idref="fl-2"/>
      </object_component>
      <object_component id="oc-13e">
         <name>.debug_info</name>
         <load_address>0x5e40</load_address>
         <run_address>0x5e40</run_address>
         <size>0xef</size>
         <input_file_ref idref="fl-2"/>
      </object_component>
      <object_component id="oc-143">
         <name>.debug_info</name>
         <load_address>0x5f2f</load_address>
         <run_address>0x5f2f</run_address>
         <size>0xbb</size>
         <input_file_ref idref="fl-2"/>
      </object_component>
      <object_component id="oc-244">
         <name>.debug_info</name>
         <load_address>0x5fea</load_address>
         <run_address>0x5fea</run_address>
         <size>0xee</size>
         <input_file_ref idref="fl-2"/>
      </object_component>
      <object_component id="oc-2b3">
         <name>.debug_info</name>
         <load_address>0x60d8</load_address>
         <run_address>0x60d8</run_address>
         <size>0x545</size>
         <input_file_ref idref="fl-3"/>
      </object_component>
      <object_component id="oc-1eb">
         <name>.debug_info</name>
         <load_address>0x661d</load_address>
         <run_address>0x661d</run_address>
         <size>0x3bc</size>
         <input_file_ref idref="fl-3"/>
      </object_component>
      <object_component id="oc-123">
         <name>.debug_info</name>
         <load_address>0x69d9</load_address>
         <run_address>0x69d9</run_address>
         <size>0xee3</size>
         <input_file_ref idref="fl-5"/>
      </object_component>
      <object_component id="oc-12b">
         <name>.debug_info</name>
         <load_address>0x78bc</load_address>
         <run_address>0x78bc</run_address>
         <size>0xe0</size>
         <input_file_ref idref="fl-5"/>
      </object_component>
      <object_component id="oc-12e">
         <name>.debug_info</name>
         <load_address>0x799c</load_address>
         <run_address>0x799c</run_address>
         <size>0xe0</size>
         <input_file_ref idref="fl-5"/>
      </object_component>
      <object_component id="oc-128">
         <name>.debug_info</name>
         <load_address>0x7a7c</load_address>
         <run_address>0x7a7c</run_address>
         <size>0x11b</size>
         <input_file_ref idref="fl-5"/>
      </object_component>
      <object_component id="oc-f8">
         <name>.debug_info</name>
         <load_address>0x7b97</load_address>
         <run_address>0x7b97</run_address>
         <size>0xdb</size>
         <input_file_ref idref="fl-5"/>
      </object_component>
      <object_component id="oc-fb">
         <name>.debug_info</name>
         <load_address>0x7c72</load_address>
         <run_address>0x7c72</run_address>
         <size>0xdb</size>
         <input_file_ref idref="fl-5"/>
      </object_component>
      <object_component id="oc-fe">
         <name>.debug_info</name>
         <load_address>0x7d4d</load_address>
         <run_address>0x7d4d</run_address>
         <size>0xdb</size>
         <input_file_ref idref="fl-5"/>
      </object_component>
      <object_component id="oc-101">
         <name>.debug_info</name>
         <load_address>0x7e28</load_address>
         <run_address>0x7e28</run_address>
         <size>0xdb</size>
         <input_file_ref idref="fl-5"/>
      </object_component>
      <object_component id="oc-104">
         <name>.debug_info</name>
         <load_address>0x7f03</load_address>
         <run_address>0x7f03</run_address>
         <size>0xdb</size>
         <input_file_ref idref="fl-5"/>
      </object_component>
      <object_component id="oc-107">
         <name>.debug_info</name>
         <load_address>0x7fde</load_address>
         <run_address>0x7fde</run_address>
         <size>0xdb</size>
         <input_file_ref idref="fl-5"/>
      </object_component>
      <object_component id="oc-6b">
         <name>.debug_info</name>
         <load_address>0x80b9</load_address>
         <run_address>0x80b9</run_address>
         <size>0xcc2</size>
         <input_file_ref idref="fl-5"/>
      </object_component>
      <object_component id="oc-22b">
         <name>.debug_info</name>
         <load_address>0x8d7b</load_address>
         <run_address>0x8d7b</run_address>
         <size>0x180</size>
         <input_file_ref idref="fl-5"/>
      </object_component>
      <object_component id="oc-230">
         <name>.debug_info</name>
         <load_address>0x8efb</load_address>
         <run_address>0x8efb</run_address>
         <size>0x126</size>
         <input_file_ref idref="fl-5"/>
      </object_component>
      <object_component id="oc-23a">
         <name>.debug_info</name>
         <load_address>0x9021</load_address>
         <run_address>0x9021</run_address>
         <size>0x37e2</size>
         <input_file_ref idref="fl-5"/>
      </object_component>
      <object_component id="oc-139">
         <name>.debug_info</name>
         <load_address>0xc803</load_address>
         <run_address>0xc803</run_address>
         <size>0x8b</size>
         <input_file_ref idref="fl-5"/>
      </object_component>
      <object_component id="oc-303">
         <name>.debug_info</name>
         <load_address>0xc88e</load_address>
         <run_address>0xc88e</run_address>
         <size>0x2c</size>
         <input_file_ref idref="fl-5"/>
      </object_component>
      <object_component id="oc-217">
         <name>.debug_info</name>
         <load_address>0xc8ba</load_address>
         <run_address>0xc8ba</run_address>
         <size>0x557</size>
         <input_file_ref idref="fl-6"/>
      </object_component>
      <object_component id="oc-f4">
         <name>.debug_info</name>
         <load_address>0xce11</load_address>
         <run_address>0xce11</run_address>
         <size>0x209</size>
         <input_file_ref idref="fl-6"/>
      </object_component>
      <object_component id="oc-208">
         <name>.debug_info</name>
         <load_address>0xd01a</load_address>
         <run_address>0xd01a</run_address>
         <size>0x690</size>
         <input_file_ref idref="fl-7"/>
      </object_component>
      <object_component id="oc-202">
         <name>.debug_info</name>
         <load_address>0xd6aa</load_address>
         <run_address>0xd6aa</run_address>
         <size>0xde</size>
         <input_file_ref idref="fl-7"/>
      </object_component>
      <object_component id="oc-205">
         <name>.debug_info</name>
         <load_address>0xd788</load_address>
         <run_address>0xd788</run_address>
         <size>0xde</size>
         <input_file_ref idref="fl-7"/>
      </object_component>
      <object_component id="oc-e8">
         <name>.debug_info</name>
         <load_address>0xd866</load_address>
         <run_address>0xd866</run_address>
         <size>0xa37</size>
         <input_file_ref idref="fl-7"/>
      </object_component>
      <object_component id="oc-2ea">
         <name>.debug_info</name>
         <load_address>0xe29d</load_address>
         <run_address>0xe29d</run_address>
         <size>0x37e2</size>
         <input_file_ref idref="fl-7"/>
      </object_component>
      <object_component id="oc-72">
         <name>.debug_info</name>
         <load_address>0x11a7f</load_address>
         <run_address>0x11a7f</run_address>
         <size>0x2d5</size>
         <input_file_ref idref="fl-8"/>
      </object_component>
      <object_component id="oc-24">
         <name>.debug_info</name>
         <load_address>0x11d54</load_address>
         <run_address>0x11d54</run_address>
         <size>0x101</size>
         <input_file_ref idref="fl-8"/>
      </object_component>
      <object_component id="oc-65">
         <name>.debug_info</name>
         <load_address>0x11e55</load_address>
         <run_address>0x11e55</run_address>
         <size>0x1c8</size>
         <input_file_ref idref="fl-8"/>
      </object_component>
      <object_component id="oc-19e">
         <name>.debug_info</name>
         <load_address>0x1201d</load_address>
         <run_address>0x1201d</run_address>
         <size>0xfa</size>
         <input_file_ref idref="fl-9"/>
      </object_component>
      <object_component id="oc-a3">
         <name>.debug_info</name>
         <load_address>0x12117</load_address>
         <run_address>0x12117</run_address>
         <size>0x26c</size>
         <input_file_ref idref="fl-9"/>
      </object_component>
      <object_component id="oc-210">
         <name>.debug_info</name>
         <load_address>0x12383</load_address>
         <run_address>0x12383</run_address>
         <size>0x627</size>
         <input_file_ref idref="fl-a"/>
      </object_component>
      <object_component id="oc-ec">
         <name>.debug_info</name>
         <load_address>0x129aa</load_address>
         <run_address>0x129aa</run_address>
         <size>0x29d</size>
         <input_file_ref idref="fl-a"/>
      </object_component>
      <object_component id="oc-da">
         <name>.debug_info</name>
         <load_address>0x12c47</load_address>
         <run_address>0x12c47</run_address>
         <size>0x24e</size>
         <input_file_ref idref="fl-b"/>
      </object_component>
      <object_component id="oc-1aa">
         <name>.debug_info</name>
         <load_address>0x12e95</load_address>
         <run_address>0x12e95</run_address>
         <size>0x3d0</size>
         <input_file_ref idref="fl-f"/>
      </object_component>
      <object_component id="oc-1d7">
         <name>.debug_info</name>
         <load_address>0x13265</load_address>
         <run_address>0x13265</run_address>
         <size>0x78f</size>
         <input_file_ref idref="fl-11"/>
      </object_component>
      <object_component id="oc-1d4">
         <name>.debug_info</name>
         <load_address>0x139f4</load_address>
         <run_address>0x139f4</run_address>
         <size>0x110</size>
         <input_file_ref idref="fl-11"/>
      </object_component>
      <object_component id="oc-c3">
         <name>.debug_info</name>
         <load_address>0x13b04</load_address>
         <run_address>0x13b04</run_address>
         <size>0x22ea</size>
         <input_file_ref idref="fl-11"/>
      </object_component>
      <object_component id="oc-1ca">
         <name>.debug_info</name>
         <load_address>0x15dee</load_address>
         <run_address>0x15dee</run_address>
         <size>0x7ad</size>
         <input_file_ref idref="fl-13"/>
      </object_component>
      <object_component id="oc-1c7">
         <name>.debug_info</name>
         <load_address>0x1659b</load_address>
         <run_address>0x1659b</run_address>
         <size>0x10d</size>
         <input_file_ref idref="fl-13"/>
      </object_component>
      <object_component id="oc-b8">
         <name>.debug_info</name>
         <load_address>0x166a8</load_address>
         <run_address>0x166a8</run_address>
         <size>0x3bdf</size>
         <input_file_ref idref="fl-13"/>
      </object_component>
      <object_component id="oc-1df">
         <name>.debug_info</name>
         <load_address>0x1a287</load_address>
         <run_address>0x1a287</run_address>
         <size>0x698</size>
         <input_file_ref idref="fl-15"/>
      </object_component>
      <object_component id="oc-1dc">
         <name>.debug_info</name>
         <load_address>0x1a91f</load_address>
         <run_address>0x1a91f</run_address>
         <size>0x102</size>
         <input_file_ref idref="fl-15"/>
      </object_component>
      <object_component id="oc-1d9">
         <name>.debug_info</name>
         <load_address>0x1aa21</load_address>
         <run_address>0x1aa21</run_address>
         <size>0x104</size>
         <input_file_ref idref="fl-15"/>
      </object_component>
      <object_component id="oc-c8">
         <name>.debug_info</name>
         <load_address>0x1ab25</load_address>
         <run_address>0x1ab25</run_address>
         <size>0x1a05</size>
         <input_file_ref idref="fl-15"/>
      </object_component>
      <object_component id="oc-1c5">
         <name>.debug_info</name>
         <load_address>0x1c52a</load_address>
         <run_address>0x1c52a</run_address>
         <size>0x626</size>
         <input_file_ref idref="fl-17"/>
      </object_component>
      <object_component id="oc-1b3">
         <name>.debug_info</name>
         <load_address>0x1cb50</load_address>
         <run_address>0x1cb50</run_address>
         <size>0x101</size>
         <input_file_ref idref="fl-17"/>
      </object_component>
      <object_component id="oc-1b6">
         <name>.debug_info</name>
         <load_address>0x1cc51</load_address>
         <run_address>0x1cc51</run_address>
         <size>0xf9</size>
         <input_file_ref idref="fl-17"/>
      </object_component>
      <object_component id="oc-1b9">
         <name>.debug_info</name>
         <load_address>0x1cd4a</load_address>
         <run_address>0x1cd4a</run_address>
         <size>0xfd</size>
         <input_file_ref idref="fl-17"/>
      </object_component>
      <object_component id="oc-1bc">
         <name>.debug_info</name>
         <load_address>0x1ce47</load_address>
         <run_address>0x1ce47</run_address>
         <size>0xff</size>
         <input_file_ref idref="fl-17"/>
      </object_component>
      <object_component id="oc-1bf">
         <name>.debug_info</name>
         <load_address>0x1cf46</load_address>
         <run_address>0x1cf46</run_address>
         <size>0x101</size>
         <input_file_ref idref="fl-17"/>
      </object_component>
      <object_component id="oc-1c2">
         <name>.debug_info</name>
         <load_address>0x1d047</load_address>
         <run_address>0x1d047</run_address>
         <size>0x105</size>
         <input_file_ref idref="fl-17"/>
      </object_component>
      <object_component id="oc-1b0">
         <name>.debug_info</name>
         <load_address>0x1d14c</load_address>
         <run_address>0x1d14c</run_address>
         <size>0x106</size>
         <input_file_ref idref="fl-17"/>
      </object_component>
      <object_component id="oc-b2">
         <name>.debug_info</name>
         <load_address>0x1d252</load_address>
         <run_address>0x1d252</run_address>
         <size>0x11a9</size>
         <input_file_ref idref="fl-17"/>
      </object_component>
      <object_component id="oc-1d2">
         <name>.debug_info</name>
         <load_address>0x1e3fb</load_address>
         <run_address>0x1e3fb</run_address>
         <size>0x74a</size>
         <input_file_ref idref="fl-19"/>
      </object_component>
      <object_component id="oc-bc">
         <name>.debug_info</name>
         <load_address>0x1eb45</load_address>
         <run_address>0x1eb45</run_address>
         <size>0x2398</size>
         <input_file_ref idref="fl-19"/>
      </object_component>
      <object_component id="oc-29a">
         <name>.debug_info</name>
         <load_address>0x20edd</load_address>
         <run_address>0x20edd</run_address>
         <size>0x683</size>
         <input_file_ref idref="fl-1e"/>
      </object_component>
      <object_component id="oc-1ce">
         <name>.debug_info</name>
         <load_address>0x21560</load_address>
         <run_address>0x21560</run_address>
         <size>0x147a</size>
         <input_file_ref idref="fl-1e"/>
      </object_component>
      <object_component id="oc-277">
         <name>.debug_info</name>
         <load_address>0x229da</load_address>
         <run_address>0x229da</run_address>
         <size>0x55e</size>
         <input_file_ref idref="fl-20"/>
      </object_component>
      <object_component id="oc-1a3">
         <name>.debug_info</name>
         <load_address>0x22f38</load_address>
         <run_address>0x22f38</run_address>
         <size>0xea8</size>
         <input_file_ref idref="fl-20"/>
      </object_component>
      <object_component id="oc-1e1">
         <name>.debug_info</name>
         <load_address>0x23de0</load_address>
         <run_address>0x23de0</run_address>
         <size>0x6bc</size>
         <input_file_ref idref="fl-23"/>
      </object_component>
      <object_component id="oc-ce">
         <name>.debug_info</name>
         <load_address>0x2449c</load_address>
         <run_address>0x2449c</run_address>
         <size>0x24ae</size>
         <input_file_ref idref="fl-23"/>
      </object_component>
      <object_component id="oc-1e3">
         <name>.debug_info</name>
         <load_address>0x2694a</load_address>
         <run_address>0x2694a</run_address>
         <size>0x682</size>
         <input_file_ref idref="fl-24"/>
      </object_component>
      <object_component id="oc-d5">
         <name>.debug_info</name>
         <load_address>0x26fcc</load_address>
         <run_address>0x26fcc</run_address>
         <size>0x1627</size>
         <input_file_ref idref="fl-24"/>
      </object_component>
      <object_component id="oc-1a8">
         <name>.debug_info</name>
         <load_address>0x285f3</load_address>
         <run_address>0x285f3</run_address>
         <size>0x726</size>
         <input_file_ref idref="fl-25"/>
      </object_component>
      <object_component id="oc-aa">
         <name>.debug_info</name>
         <load_address>0x28d19</load_address>
         <run_address>0x28d19</run_address>
         <size>0x8b8</size>
         <input_file_ref idref="fl-25"/>
      </object_component>
      <object_component id="oc-2e3">
         <name>.debug_info</name>
         <load_address>0x295d1</load_address>
         <run_address>0x295d1</run_address>
         <size>0x2ae</size>
         <input_file_ref idref="fl-e3"/>
      </object_component>
      <object_component id="oc-1fb">
         <name>.debug_info</name>
         <load_address>0x2987f</load_address>
         <run_address>0x2987f</run_address>
         <size>0x247</size>
         <input_file_ref idref="fl-e3"/>
      </object_component>
      <object_component id="oc-34b">
         <name>.debug_info</name>
         <load_address>0x29ac6</load_address>
         <run_address>0x29ac6</run_address>
         <size>0x46</size>
         <input_file_ref idref="fl-e3"/>
      </object_component>
      <object_component id="oc-2d3">
         <name>.debug_info</name>
         <load_address>0x29b0c</load_address>
         <run_address>0x29b0c</run_address>
         <size>0x39</size>
         <input_file_ref idref="fl-e3"/>
      </object_component>
      <object_component id="oc-2d8">
         <name>.debug_info</name>
         <load_address>0x29b45</load_address>
         <run_address>0x29b45</run_address>
         <size>0x363</size>
         <input_file_ref idref="fl-e4"/>
      </object_component>
      <object_component id="oc-2c0">
         <name>.debug_info</name>
         <load_address>0x29ea8</load_address>
         <run_address>0x29ea8</run_address>
         <size>0x128</size>
         <input_file_ref idref="fl-e4"/>
      </object_component>
      <object_component id="oc-1ef">
         <name>.debug_info</name>
         <load_address>0x29fd0</load_address>
         <run_address>0x29fd0</run_address>
         <size>0xbdf</size>
         <input_file_ref idref="fl-e4"/>
      </object_component>
      <object_component id="oc-2db">
         <name>.debug_info</name>
         <load_address>0x2abaf</load_address>
         <run_address>0x2abaf</run_address>
         <size>0x2ca</size>
         <input_file_ref idref="fl-e5"/>
      </object_component>
      <object_component id="oc-1f5">
         <name>.debug_info</name>
         <load_address>0x2ae79</load_address>
         <run_address>0x2ae79</run_address>
         <size>0x24d</size>
         <input_file_ref idref="fl-e5"/>
      </object_component>
      <object_component id="oc-3bd">
         <name>.debug_info</name>
         <load_address>0x2b0c6</load_address>
         <run_address>0x2b0c6</run_address>
         <size>0x2f7</size>
         <input_file_ref idref="fl-e6"/>
      </object_component>
      <object_component id="oc-355">
         <name>.debug_info</name>
         <load_address>0x2b3bd</load_address>
         <run_address>0x2b3bd</run_address>
         <size>0x131</size>
         <input_file_ref idref="fl-e6"/>
      </object_component>
      <object_component id="oc-2dd">
         <name>.debug_info</name>
         <load_address>0x2b4ee</load_address>
         <run_address>0x2b4ee</run_address>
         <size>0x4ac</size>
         <input_file_ref idref="fl-e6"/>
      </object_component>
      <object_component id="oc-345">
         <name>.debug_info</name>
         <load_address>0x2b99a</load_address>
         <run_address>0x2b99a</run_address>
         <size>0x2fd</size>
         <input_file_ref idref="fl-e7"/>
      </object_component>
      <object_component id="oc-2cd">
         <name>.debug_info</name>
         <load_address>0x2bc97</load_address>
         <run_address>0x2bc97</run_address>
         <size>0x225</size>
         <input_file_ref idref="fl-e7"/>
      </object_component>
      <object_component id="oc-3b6">
         <name>.debug_info</name>
         <load_address>0x2bebc</load_address>
         <run_address>0x2bebc</run_address>
         <size>0x39</size>
         <input_file_ref idref="fl-e7"/>
      </object_component>
      <object_component id="oc-346">
         <name>.debug_info</name>
         <load_address>0x2bef5</load_address>
         <run_address>0x2bef5</run_address>
         <size>0x2c</size>
         <input_file_ref idref="fl-e7"/>
      </object_component>
      <object_component id="oc-33f">
         <name>.debug_info</name>
         <load_address>0x2bf21</load_address>
         <run_address>0x2bf21</run_address>
         <size>0x161</size>
         <input_file_ref idref="fl-e8"/>
      </object_component>
      <object_component id="oc-11f">
         <name>.debug_info</name>
         <load_address>0x2c082</load_address>
         <run_address>0x2c082</run_address>
         <size>0x14f</size>
         <input_file_ref idref="fl-e9"/>
      </object_component>
      <object_component id="oc-2c4">
         <name>.debug_info</name>
         <load_address>0x2c1d1</load_address>
         <run_address>0x2c1d1</run_address>
         <size>0x12b</size>
         <input_file_ref idref="fl-ea"/>
      </object_component>
      <object_component id="oc-2c9">
         <name>.debug_info</name>
         <load_address>0x2c2fc</load_address>
         <run_address>0x2c2fc</run_address>
         <size>0x12d</size>
         <input_file_ref idref="fl-ea"/>
      </object_component>
      <object_component id="oc-119">
         <name>.debug_info</name>
         <load_address>0x2c429</load_address>
         <run_address>0x2c429</run_address>
         <size>0x13d</size>
         <input_file_ref idref="fl-eb"/>
      </object_component>
      <object_component id="oc-10f">
         <name>.debug_info</name>
         <load_address>0x2c566</load_address>
         <run_address>0x2c566</run_address>
         <size>0x13d</size>
         <input_file_ref idref="fl-ec"/>
      </object_component>
      <object_component id="oc-212">
         <name>.debug_info</name>
         <load_address>0x2c6a3</load_address>
         <run_address>0x2c6a3</run_address>
         <size>0x131</size>
         <input_file_ref idref="fl-ed"/>
      </object_component>
      <object_component id="oc-114">
         <name>.debug_info</name>
         <load_address>0x2c7d4</load_address>
         <run_address>0x2c7d4</run_address>
         <size>0x141</size>
         <input_file_ref idref="fl-ee"/>
      </object_component>
      <object_component id="oc-10a">
         <name>.debug_info</name>
         <load_address>0x2c915</load_address>
         <run_address>0x2c915</run_address>
         <size>0x12f</size>
         <input_file_ref idref="fl-ef"/>
      </object_component>
      <object_component id="oc-2bc">
         <name>.debug_info</name>
         <load_address>0x2ca44</load_address>
         <run_address>0x2ca44</run_address>
         <size>0x12f</size>
         <input_file_ref idref="fl-f0"/>
      </object_component>
      <object_component id="oc-89">
         <name>.debug_info</name>
         <load_address>0x2cb73</load_address>
         <run_address>0x2cb73</run_address>
         <size>0x31e</size>
         <input_file_ref idref="fl-f1"/>
      </object_component>
      <object_component id="oc-41">
         <name>.debug_info</name>
         <load_address>0x2ce91</load_address>
         <run_address>0x2ce91</run_address>
         <size>0x1bf</size>
         <input_file_ref idref="fl-f1"/>
      </object_component>
      <object_component id="oc-84">
         <name>.debug_info</name>
         <load_address>0x2d050</load_address>
         <run_address>0x2d050</run_address>
         <size>0x46</size>
         <input_file_ref idref="fl-f1"/>
      </object_component>
      <object_component id="oc-156">
         <name>.debug_info</name>
         <load_address>0x2d096</load_address>
         <run_address>0x2d096</run_address>
         <size>0x2c</size>
         <input_file_ref idref="fl-f1"/>
      </object_component>
      <object_component id="oc-3f">
         <name>.debug_info</name>
         <load_address>0x2d0c2</load_address>
         <run_address>0x2d0c2</run_address>
         <size>0x2a8</size>
         <input_file_ref idref="fl-f2"/>
      </object_component>
      <object_component id="oc-1b">
         <name>.debug_info</name>
         <load_address>0x2d36a</load_address>
         <run_address>0x2d36a</run_address>
         <size>0x1ea</size>
         <input_file_ref idref="fl-f2"/>
      </object_component>
      <object_component id="oc-3a">
         <name>.debug_info</name>
         <load_address>0x2d554</load_address>
         <run_address>0x2d554</run_address>
         <size>0x46</size>
         <input_file_ref idref="fl-f2"/>
      </object_component>
      <object_component id="oc-7c">
         <name>.debug_info</name>
         <load_address>0x2d59a</load_address>
         <run_address>0x2d59a</run_address>
         <size>0x2c</size>
         <input_file_ref idref="fl-f2"/>
      </object_component>
      <object_component id="oc-7a">
         <name>.debug_info</name>
         <load_address>0x2d5c6</load_address>
         <run_address>0x2d5c6</run_address>
         <size>0x29e</size>
         <input_file_ref idref="fl-f3"/>
      </object_component>
      <object_component id="oc-17">
         <name>.debug_info</name>
         <load_address>0x2d864</load_address>
         <run_address>0x2d864</run_address>
         <size>0x250</size>
         <input_file_ref idref="fl-f3"/>
      </object_component>
      <object_component id="oc-2a">
         <name>.debug_info</name>
         <load_address>0x2dab4</load_address>
         <run_address>0x2dab4</run_address>
         <size>0x60</size>
         <input_file_ref idref="fl-f3"/>
      </object_component>
      <object_component id="oc-14f">
         <name>.debug_info</name>
         <load_address>0x2db14</load_address>
         <run_address>0x2db14</run_address>
         <size>0x46</size>
         <input_file_ref idref="fl-f3"/>
      </object_component>
      <object_component id="oc-75">
         <name>.debug_info</name>
         <load_address>0x2db5a</load_address>
         <run_address>0x2db5a</run_address>
         <size>0x39</size>
         <input_file_ref idref="fl-f3"/>
      </object_component>
      <object_component id="oc-338">
         <name>.debug_info</name>
         <load_address>0x2db93</load_address>
         <run_address>0x2db93</run_address>
         <size>0x289</size>
         <input_file_ref idref="fl-f4"/>
      </object_component>
      <object_component id="oc-335">
         <name>.debug_info</name>
         <load_address>0x2de1c</load_address>
         <run_address>0x2de1c</run_address>
         <size>0x10e</size>
         <input_file_ref idref="fl-f4"/>
      </object_component>
      <object_component id="oc-2b8">
         <name>.debug_info</name>
         <load_address>0x2df2a</load_address>
         <run_address>0x2df2a</run_address>
         <size>0x14e</size>
         <input_file_ref idref="fl-f4"/>
      </object_component>
      <object_component id="oc-27">
         <name>.debug_info</name>
         <load_address>0x2e078</load_address>
         <run_address>0x2e078</run_address>
         <size>0x10b</size>
         <input_file_ref idref="fl-f5"/>
      </object_component>
      <object_component id="oc-53">
         <name>.debug_info</name>
         <load_address>0x2e183</load_address>
         <run_address>0x2e183</run_address>
         <size>0x1af</size>
         <input_file_ref idref="fl-f5"/>
      </object_component>
      <object_component id="oc-160">
         <name>.debug_info</name>
         <load_address>0x2e332</load_address>
         <run_address>0x2e332</run_address>
         <size>0x122</size>
         <input_file_ref idref="fl-f6"/>
      </object_component>
      <object_component id="oc-302">
         <name>.debug_info</name>
         <load_address>0x2e454</load_address>
         <run_address>0x2e454</run_address>
         <size>0x333</size>
         <input_file_ref idref="fl-f9"/>
      </object_component>
      <object_component id="oc-20a">
         <name>.debug_info</name>
         <load_address>0x2e787</load_address>
         <run_address>0x2e787</run_address>
         <size>0x1d1</size>
         <input_file_ref idref="fl-f9"/>
      </object_component>
      <object_component id="oc-2f6">
         <name>.debug_info</name>
         <load_address>0x2e958</load_address>
         <run_address>0x2e958</run_address>
         <size>0x18d</size>
         <input_file_ref idref="fl-f9"/>
      </object_component>
      <object_component id="oc-2fc">
         <name>.debug_info</name>
         <load_address>0x2eae5</load_address>
         <run_address>0x2eae5</run_address>
         <size>0x16d</size>
         <input_file_ref idref="fl-f9"/>
      </object_component>
      <object_component id="oc-405">
         <name>.debug_info</name>
         <load_address>0x2ec52</load_address>
         <run_address>0x2ec52</run_address>
         <size>0x2c</size>
         <input_file_ref idref="fl-f9"/>
      </object_component>
      <object_component id="oc-8c">
         <name>.debug_info</name>
         <load_address>0x2ec7e</load_address>
         <run_address>0x2ec7e</run_address>
         <size>0x14a</size>
[...]
      <symbol id="sm-907">
         <name>UART_transmitData</name>
         <value>0x5f95</value>
         <object_component_ref idref="oc-d3"/>
      </symbol>
      <symbol id="sm-908">
         <name>UART_transmitBreak</name>
         <value>0x606b</value>
         <object_component_ref idref="oc-d3"/>
      </symbol>
      <symbol id="sm-909">
         <name>UART_registerInterrupt</name>
         <value>0x61e1</value>
         <object_component_ref idref="oc-d3"/>
      </symbol>
      <symbol id="sm-90a">
         <name>UART_selectDeglitchTime</name>
         <value>0x60cd</value>
         <object_component_ref idref="oc-d3"/>
      </symbol>
      <symbol id="sm-90b">
         <name>UART_getInterruptStatus</name>
         <value>0x6149</value>
         <object_component_ref idref="oc-d3"/>
      </symbol>
      <symbol id="sm-90c">
         <name>UART_getReceiveBufferAddressForDMA</name>
         <value>0x60b1</value>
         <object_component_ref idref="oc-d3"/>
      </symbol>
      <symbol id="sm-90d">
         <name>UART_getTransmitBufferAddressForDMA</name>
         <value>0x60bf</value>
         <object_component_ref idref="oc-d3"/>
      </symbol>
      <symbol id="sm-90e">
         <name>UART_initModule</name>
         <value>0x5ead</value>
         <object_component_ref idref="oc-d3"/>
      </symbol>
      <symbol id="sm-90f">
         <name>UART_transmitAddress</name>
         <value>0x604d</value>
         <object_component_ref idref="oc-d3"/>
      </symbol>
      <symbol id="sm-910">
         <name>UART_clearInterruptFlag</name>
         <value>0x61c1</value>
         <object_component_ref idref="oc-d3"/>
      </symbol>
      <symbol id="sm-911">
         <name>UART_queryStatusFlags</name>
         <value>0x6011</value>
         <object_component_ref idref="oc-d3"/>
      </symbol>
      <symbol id="sm-912">
         <name>UART_disableInterrupt</name>
         <value>0x6119</value>
         <object_component_ref idref="oc-d3"/>
      </symbol>
      <symbol id="sm-913">
         <name>UART_setDormant</name>
         <value>0x6025</value>
         <object_component_ref idref="oc-d3"/>
      </symbol>
      <symbol id="sm-914">
         <name>UART_resetDormant</name>
         <value>0x6039</value>
         <object_component_ref idref="oc-d3"/>
      </symbol>
      <symbol id="sm-92b">
         <name>WDT_A_setTimeoutReset</name>
         <value>0x85a5</value>
         <object_component_ref idref="oc-a9"/>
      </symbol>
      <symbol id="sm-92c">
         <name>WDT_A_registerInterrupt</name>
         <value>0x85b1</value>
         <object_component_ref idref="oc-a9"/>
      </symbol>
      <symbol id="sm-92d">
         <name>WDT_A_setPasswordViolationReset</name>
         <value>0x8599</value>
         <object_component_ref idref="oc-a9"/>
      </symbol>
      <symbol id="sm-92e">
         <name>WDT_A_initIntervalTimer</name>
         <value>0x857d</value>
         <object_component_ref idref="oc-a9"/>
      </symbol>
      <symbol id="sm-92f">
         <name>WDT_A_clearTimer</name>
         <value>0x8541</value>
         <object_component_ref idref="oc-a9"/>
      </symbol>
      <symbol id="sm-930">
         <name>WDT_A_holdTimer</name>
         <value>0x8501</value>
         <object_component_ref idref="oc-a9"/>
      </symbol>
      <symbol id="sm-931">
         <name>WDT_A_initWatchdogTimer</name>
         <value>0x8561</value>
         <object_component_ref idref="oc-a9"/>
      </symbol>
      <symbol id="sm-932">
         <name>WDT_A_startTimer</name>
         <value>0x8521</value>
         <object_component_ref idref="oc-a9"/>
      </symbol>
      <symbol id="sm-933">
         <name>WDT_A_unregisterInterrupt</name>
         <value>0x85c5</value>
         <object_component_ref idref="oc-a9"/>
      </symbol>
      <symbol id="sm-975">
         <name>atan2</name>
         <value>0x78a5</value>
         <object_component_ref idref="oc-1fa"/>
      </symbol>
      <symbol id="sm-976">
         <name>atan2l</name>
         <value>0x78a5</value>
         <object_component_ref idref="oc-1fa"/>
      </symbol>
      <symbol id="sm-a03">
         <name>pow</name>
         <value>0x2e5d</value>
         <object_component_ref idref="oc-1ee"/>
      </symbol>
      <symbol id="sm-a04">
         <name>powl</name>
         <value>0x2e5d</value>
         <object_component_ref idref="oc-1ee"/>
      </symbol>
      <symbol id="sm-a26">
         <name>sqrtl</name>
         <value>0x7e05</value>
         <object_component_ref idref="oc-1f4"/>
      </symbol>
      <symbol id="sm-a27">
         <name>sqrt</name>
         <value>0x7e05</value>
         <object_component_ref idref="oc-1f4"/>
      </symbol>
      <symbol id="sm-a5d">
         <name>atanl</name>
         <value>0x69ed</value>
         <object_component_ref idref="oc-2dc"/>
      </symbol>
      <symbol id="sm-a5e">
         <name>atan</name>
         <value>0x69ed</value>
         <object_component_ref idref="oc-2dc"/>
      </symbol>
      <symbol id="sm-a85">
         <name>scalbn</name>
         <value>0x82f5</value>
         <object_component_ref idref="oc-2cc"/>
      </symbol>
      <symbol id="sm-a86">
         <name>scalbnl</name>
         <value>0x82f5</value>
         <object_component_ref idref="oc-2cc"/>
      </symbol>
      <symbol id="sm-a87">
         <name>ldexpl</name>
         <value>0x82f5</value>
         <object_component_ref idref="oc-2cc"/>
      </symbol>
      <symbol id="sm-a88">
         <name>ldexp</name>
         <value>0x82f5</value>
         <object_component_ref idref="oc-2cc"/>
      </symbol>
      <symbol id="sm-a92">
         <name>copysign</name>
         <value>0x8fa5</value>
         <object_component_ref idref="oc-33e"/>
      </symbol>
      <symbol id="sm-a93">
         <name>copysignl</name>
         <value>0x8fa5</value>
         <object_component_ref idref="oc-33e"/>
      </symbol>
      <symbol id="sm-aaa">
         <name>__aeabi_dsub</name>
         <value>0x7c4d</value>
         <object_component_ref idref="oc-11d"/>
      </symbol>
      <symbol id="sm-aab">
         <name>__aeabi_dadd</name>
         <value>0x7c57</value>
         <object_component_ref idref="oc-11d"/>
      </symbol>
      <symbol id="sm-acd">
         <name>__aeabi_cdcmpeq</name>
         <value>0x88fd</value>
         <object_component_ref idref="oc-2c2"/>
      </symbol>
      <symbol id="sm-ace">
         <name>__aeabi_cdcmple</name>
         <value>0x88fd</value>
         <object_component_ref idref="oc-2c2"/>
      </symbol>
      <symbol id="sm-acf">
         <name>__aeabi_cdrcmple</name>
         <value>0x8983</value>
         <object_component_ref idref="oc-2c7"/>
      </symbol>
      <symbol id="sm-ae3">
         <name>__aeabi_ddiv</name>
         <value>0x8099</value>
         <object_component_ref idref="oc-118"/>
      </symbol>
      <symbol id="sm-aee">
         <name>__aeabi_dmul</name>
         <value>0x8405</value>
         <object_component_ref idref="oc-10e"/>
      </symbol>
      <symbol id="sm-af8">
         <name>__aeabi_d2iz</name>
         <value>0x8d75</value>
         <object_component_ref idref="oc-211"/>
      </symbol>
      <symbol id="sm-b04">
         <name>__aeabi_d2f</name>
         <value>0x8af1</value>
         <object_component_ref idref="oc-113"/>
      </symbol>
      <symbol id="sm-b0f">
         <name>__aeabi_f2d</name>
         <value>0x8ef5</value>
         <object_component_ref idref="oc-109"/>
      </symbol>
      <symbol id="sm-b19">
         <name>__aeabi_i2d</name>
         <value>0x8f2d</value>
         <object_component_ref idref="oc-2ba"/>
      </symbol>
      <symbol id="sm-b32">
         <name>__TI_zero_init_nomemset</name>
         <value>0x8fcd</value>
         <object_component_ref idref="oc-40"/>
      </symbol>
      <symbol id="sm-b49">
         <name>__TI_decompress_none</name>
         <value>0x8ff1</value>
         <object_component_ref idref="oc-1a"/>
      </symbol>
      <symbol id="sm-b6c">
         <name>__TI_decompress_lzss</name>
         <value>0x8b5f</value>
         <object_component_ref idref="oc-14"/>
      </symbol>
      <symbol id="sm-b82">
         <name>__aeabi_errno_addr</name>
         <value>0x9019</value>
         <object_component_ref idref="oc-2b4"/>
      </symbol>
      <symbol id="sm-b83">
         <name>errno</name>
         <value>0x20000320</value>
         <object_component_ref idref="oc-334"/>
      </symbol>
      <symbol id="sm-b96">
         <name>__stack</name>
         <value>0x2000fe00</value>
         <object_component_ref idref="oc-26"/>
      </symbol>
      <symbol id="sm-b97">
         <name>_c_int00_noargs</name>
         <value>0x8ebd</value>
         <object_component_ref idref="oc-52"/>
      </symbol>
      <symbol id="sm-ba2">
         <name>C$$EXIT</name>
         <value>0x9025</value>
         <object_component_ref idref="oc-15f"/>
      </symbol>
      <symbol id="sm-ba3">
         <name>abort</name>
         <value>0x9025</value>
         <object_component_ref idref="oc-15f"/>
      </symbol>
      <symbol id="sm-bcc">
         <name>sprintf</name>
         <value>0x8e01</value>
         <object_component_ref idref="oc-209"/>
      </symbol>
      <symbol id="sm-bdb">
         <name>__aeabi_memset</name>
         <value>0x8a0b</value>
         <object_component_ref idref="oc-8a"/>
      </symbol>
      <symbol id="sm-bdc">
         <name>memset</name>
         <value>0x8a11</value>
         <object_component_ref idref="oc-8a"/>
      </symbol>
      <symbol id="sm-bdd">
         <name>__aeabi_memset8</name>
         <value>0x8a0b</value>
         <object_component_ref idref="oc-8a"/>
      </symbol>
      <symbol id="sm-bde">
         <name>__aeabi_memset4</name>
         <value>0x8a0b</value>
         <object_component_ref idref="oc-8a"/>
      </symbol>
      <symbol id="sm-bdf">
         <name>__aeabi_memclr8</name>
         <value>0x8a09</value>
         <object_component_ref idref="oc-8a"/>
      </symbol>
      <symbol id="sm-be0">
         <name>__aeabi_memclr4</name>
         <value>0x8a09</value>
         <object_component_ref idref="oc-8a"/>
      </symbol>
      <symbol id="sm-be1">
         <name>__aeabi_memclr</name>
         <value>0x8a09</value>
         <object_component_ref idref="oc-8a"/>
      </symbol>
      <symbol id="sm-bfc">
         <name>memcpy</name>
         <value>0x8743</value>
         <object_component_ref idref="oc-34"/>
      </symbol>
      <symbol id="sm-bfd">
         <name>__aeabi_memcpy</name>
         <value>0x8743</value>
         <object_component_ref idref="oc-34"/>
      </symbol>
      <symbol id="sm-bfe">
         <name>__aeabi_memcpy8</name>
         <value>0x8743</value>
         <object_component_ref idref="oc-34"/>
      </symbol>
      <symbol id="sm-bff">
         <name>__aeabi_memcpy4</name>
         <value>0x8743</value>
         <object_component_ref idref="oc-34"/>
      </symbol>
      <symbol id="sm-c27">
         <name>__TI_auto_init_nobinit_nopinit</name>
         <value>0x8dbd</value>
         <object_component_ref idref="oc-16b"/>
      </symbol>
      <symbol id="sm-c31">
         <name>_system_pre_init</name>
         <value>0x9021</value>
         <object_component_ref idref="oc-90"/>
      </symbol>
      <symbol id="sm-d97">
         <name>__TI_printfi</name>
         <value>0x23fd</value>
         <object_component_ref idref="oc-2ef"/>
      </symbol>
      <symbol id="sm-dad">
         <name>atoi</name>
         <value>0x8d29</value>
         <object_component_ref idref="oc-360"/>
      </symbol>
      <symbol id="sm-db8">
         <name>_ctypes_</name>
         <value>0x9028</value>
         <object_component_ref idref="oc-3c1"/>
      </symbol>
      <symbol id="sm-dc7">
         <name>ltoa</name>
         <value>0x8c83</value>
         <object_component_ref idref="oc-3cc"/>
      </symbol>
      <symbol id="sm-dd7">
         <name>memccpy</name>
         <value>0x8f5b</value>
         <object_component_ref idref="oc-384"/>
      </symbol>
      <symbol id="sm-de7">
         <name>strchr</name>
         <value>0x8f8f</value>
         <object_component_ref idref="oc-3f3"/>
      </symbol>
      <symbol id="sm-df5">
         <name>strlen</name>
         <value>0x8fb9</value>
         <object_component_ref idref="oc-35a"/>
      </symbol>
      <symbol id="sm-e0b">
         <name>frexpl</name>
         <value>0x8bc9</value>
         <object_component_ref idref="oc-3ed"/>
      </symbol>
      <symbol id="sm-e0c">
         <name>frexp</name>
         <value>0x8bc9</value>
         <object_component_ref idref="oc-3ed"/>
      </symbol>
      <symbol id="sm-e25">
         <name>wcslen</name>
         <value>0x8fdf</value>
         <object_component_ref idref="oc-38a"/>
      </symbol>
      <symbol id="sm-e32">
         <name>__aeabi_uldivmod</name>
         <value>0x87df</value>
         <object_component_ref idref="oc-3c6"/>
      </symbol>
      <symbol id="sm-e3c">
         <name>__aeabi_idiv0</name>
         <value>0x2e5b</value>
         <object_component_ref idref="oc-41d"/>
      </symbol>
      <symbol id="sm-e3d">
         <name>__aeabi_ldiv0</name>
         <value>0x2e5b</value>
         <object_component_ref idref="oc-41d"/>
      </symbol>
      <symbol id="sm-e3e">
         <name>__TI_static_base__</name>
         <value>0x0</value>
      </symbol>
      <symbol id="sm-e41">
         <name>__mpu_init</name>
         <value>0x0</value>
      </symbol>
      <symbol id="sm-e42">
         <name>_system_post_cinit</name>
         <value>0x0</value>
      </symbol>
      <symbol id="sm-e43">
         <name>NMI_Handler</name>
         <value>0x900b</value>
      </symbol>
      <symbol id="sm-e44">
         <name>HardFault_Handler</name>
         <value>0x900b</value>
      </symbol>
      <symbol id="sm-e45">
         <name>MemManage_Handler</name>
         <value>0x900b</value>
      </symbol>
      <symbol id="sm-e46">
         <name>BusFault_Handler</name>
         <value>0x900b</value>
      </symbol>
      <symbol id="sm-e47">
         <name>UsageFault_Handler</name>
         <value>0x900b</value>
      </symbol>
      <symbol id="sm-e48">
         <name>SVC_Handler</name>
         <value>0x900b</value>
      </symbol>
      <symbol id="sm-e49">
         <name>DebugMon_Handler</name>
         <value>0x900b</value>
      </symbol>
      <symbol id="sm-e4a">
         <name>PendSV_Handler</name>
         <value>0x900b</value>
      </symbol>
      <symbol id="sm-e4b">
         <name>SysTick_Handler</name>
         <value>0x900b</value>
      </symbol>
      <symbol id="sm-e4c">
         <name>PSS_IRQHandler</name>
         <value>0x900b</value>
      </symbol>
      <symbol id="sm-e4d">
         <name>CS_IRQHandler</name>
         <value>0x900b</value>
      </symbol>
      <symbol id="sm-e4e">
         <name>PCM_IRQHandler</name>
         <value>0x900b</value>
      </symbol>
      <symbol id="sm-e4f">
         <name>WDT_A_IRQHandler</name>
         <value>0x900b</value>
      </symbol>
      <symbol id="sm-e50">
         <name>FPU_IRQHandler</name>
         <value>0x900b</value>
      </symbol>
      <symbol id="sm-e51">
         <name>FLCTL_IRQHandler</name>
         <value>0x900b</value>
      </symbol>
      <symbol id="sm-e52">
         <name>COMP_E0_IRQHandler</name>
         <value>0x900b</value>
      </symbol>
      <symbol id="sm-e53">
         <name>COMP_E1_IRQHandler</name>
         <value>0x900b</value>
      </symbol>
      <symbol id="sm-e54">
         <name>TA0_0_IRQHandler</name>
         <value>0x900b</value>
      </symbol>
      <symbol id="sm-e55">
         <name>TA0_N_IRQHandler</name>
         <value>0x900b</value>
      </symbol>
      <symbol id="sm-e56">
         <name>TA1_0_IRQHandler</name>
         <value>0x5213</value>
      </symbol>
      <symbol id="sm-e57">
         <name>TA1_N_IRQHandler</name>
         <value>0x900b</value>
      </symbol>
      <symbol id="sm-e58">
         <name>TA2_0_IRQHandler</name>
         <value>0x900b</value>
      </symbol>
      <symbol id="sm-e59">
         <name>TA2_N_IRQHandler</name>
         <value>0x900b</value>
      </symbol>
      <symbol id="sm-e5a">
         <name>TA3_0_IRQHandler</name>
         <value>0x900b</value>
      </symbol>
      <symbol id="sm-e5b">
         <name>TA3_N_IRQHandler</name>
         <value>0x900b</value>
      </symbol>
      <symbol id="sm-e5c">
         <name>EUSCIA0_IRQHandler</name>
         <value>0x900b</value>
      </symbol>
      <symbol id="sm-e5d">
         <name>EUSCIA1_IRQHandler</name>
         <value>0x900b</value>
      </symbol>
      <symbol id="sm-e5e">
         <name>EUSCIA2_IRQHandler</name>
         <value>0x900b</value>
      </symbol>
      <symbol id="sm-e5f">
         <name>EUSCIA3_IRQHandler</name>
         <value>0x900b</value>
      </symbol>
      <symbol id="sm-e60">
         <name>EUSCIB0_IRQHandler</name>
         <value>0x900b</value>
      </symbol>
      <symbol id="sm-e61">
         <name>EUSCIB1_IRQHandler</name>
         <value>0x900b</value>
      </symbol>
      <symbol id="sm-e62">
         <name>EUSCIB2_IRQHandler</name>
         <value>0x900b</value>
      </symbol>
      <symbol id="sm-e63">
         <name>EUSCIB3_IRQHandler</name>
         <value>0x900b</value>
      </symbol>
      <symbol id="sm-e64">
         <name>ADC14_IRQHandler</name>
         <value>0x900b</value>
      </symbol>
      <symbol id="sm-e65">
         <name>T32_INT1_IRQHandler</name>
         <value>0x900b</value>
      </symbol>
      <symbol id="sm-e66">
         <name>T32_INT2_IRQHandler</name>
         <value>0x900b</value>
      </symbol>
      <symbol id="sm-e67">
         <name>T32_INTC_IRQHandler</name>
         <value>0x900b</value>
      </symbol>
      <symbol id="sm-e68">
         <name>AES256_IRQHandler</name>
         <value>0x900b</value>
      </symbol>
      <symbol id="sm-e69">
         <name>RTC_C_IRQHandler</name>
         <value>0x900b</value>
      </symbol>
      <symbol id="sm-e6a">
         <name>DMA_ERR_IRQHandler</name>
         <value>0x900b</value>
      </symbol>
      <symbol id="sm-e6b">
         <name>DMA_INT3_IRQHandler</name>
         <value>0x900b</value>
      </symbol>
      <symbol id="sm-e6c">
         <name>DMA_INT2_IRQHandler</name>
         <value>0x900b</value>
      </symbol>
      <symbol id="sm-e6d">
         <name>DMA_INT1_IRQHandler</name>
         <value>0x900b</value>
      </symbol>
      <symbol id="sm-e6e">
         <name>DMA_INT0_IRQHandler</name>
         <value>0x900b</value>
      </symbol>
      <symbol id="sm-e6f">
         <name>PORT1_IRQHandler</name>
         <value>0x900b</value>
      </symbol>
      <symbol id="sm-e70">
         <name>PORT2_IRQHandler</name>
         <value>0x900b</value>
      </symbol>
      <symbol id="sm-e71">
         <name>PORT3_IRQHandler</name>
         <value>0x5273</value>
      </symbol>
      <symbol id="sm-e72">
         <name>PORT4_IRQHandler</name>
         <value>0x900b</value>
      </symbol>
      <symbol id="sm-e73">
         <name>PORT5_IRQHandler</name>
         <value>0x900b</value>
      </symbol>
      <symbol id="sm-e74">
         <name>PORT6_IRQHandler</name>
         <value>0x900b</value>
      </symbol>
   </symbol_table>
   <title>Link successful</title>
</link_info>
