******************************************************************************
                  TI ARM Linker Unix v18.1.4                   
******************************************************************************
>> Linked Wed Nov 25 18:17:52 2020

OUTPUT FILE NAME:   <balance-bot.out>
ENTRY POINT SYMBOL: "_c_int00_noargs"  address: 000082a9


MEMORY CONFIGURATION

         name            origin    length      used     unused   attr    fill
----------------------  --------  ---------  --------  --------  ----  --------
  MAIN                  00000000   00040000  0000887c  00037784  R  X
  INFO                  00200000   00004000  00000000  00004000  R  X
  SRAM_CODE             01000000   00010000  0000053c  0000fac4  RW X
  SRAM_DATA             20000000   00010000  0000053c  0000fac4  RW  


SEGMENT ALLOCATION MAP

run origin  load origin   length   init length attrs members
----------  ----------- ---------- ----------- ----- -------
00000000    00000000    00008880   00008880    r-x
  00000000    00000000    000000e4   000000e4    r-- .intvecs
  000000e4    000000e4    00008330   00008330    r-x .text
  00008418    00008418    00000388   00000388    r-- .const
  000087a0    000087a0    000000e0   000000e0    r-- .cinit
20000000    20000000    0000033c   00000000    rw-
  20000000    20000000    000000e4   00000000    rw- .vtable
  200000e4    200000e4    00000174   00000000    rw- .bss
  20000258    20000258    000000e4   00000000    rw- .data
2000fe00    2000fe00    00000200   00000000    rw-
  2000fe00    2000fe00    00000200   00000000    rw- .stack


SECTION ALLOCATION MAP

 output                                  attributes/
section   page    origin      length       input sections
--------  ----  ----------  ----------   ----------------
.intvecs   0    00000000    000000e4     
                  00000000    000000e4     startup_msp432p401r_ccs.obj (.intvecs:retain)

.text      0    000000e4    00008330     
                  000000e4    0000159c     flash.obj (.text)
                  00001680    00000d7c     cs.obj (.text)
                  000023fc    00000a5e     rtsv7M4_T_le_v4SPD16_eabi.lib : _printfi.c.obj (.text:__TI_printfi)
                  00002e5a    00000002                                   : div0.asm.obj (.text)
                  00002e5c    000009c0                                   : e_pow.c.obj (.text:pow)
                  0000381c    000007fc     mpu6050.obj (.text)
                  00004018    00000798     timer_a.obj (.text)
                  000047b0    00000480     gpio.obj (.text)
                  00004c30    0000041c     uart.obj (.text)
                  0000504c    000003f0     interrupt.obj (.text)
                  0000543c    00000334     system_msp432p401r.obj (.text)
                  00005770    00000318     encoder.obj (.text)
                  00005a88    00000314     control.obj (.text)
                  00005d9c    000002ec     rtsv7M4_T_le_v4SPD16_eabi.lib : s_atan.c.obj (.text:atan)
                  00006088    00000270                                   : _printfi.c.obj (.text:_pconv_a)
                  000062f8    00000248     init.obj (.text)
                  00006540    00000244     i2c_lt.obj (.text)
                  00006784    00000244     sysctl.obj (.text)
                  000069c8    000001f8     main.obj (.text)
                  00006bc0    000001d8     rtsv7M4_T_le_v4SPD16_eabi.lib : e_atan2.c.obj (.text:atan2)
                  00006d98    000001d0                                   : _printfi.c.obj (.text:_pconv_g)
                  00006f68    000001b6                                   : fd_add_t2.asm.obj (.text)
                  0000711e    00000002     --HOLE-- [fill = 0]
                  00007120    00000158                                   : e_sqrt.c.obj (.text:sqrt)
                  00007278    0000013c                                   : _printfi.c.obj (.text:_pconv_e)
                  000073b4    00000136                                   : fd_div_t2.asm.obj (.text)
                  000074ea    00000002     --HOLE-- [fill = 0]
                  000074ec    00000124                                   : _printfi.c.obj (.text:fcvt)
                  00007610    00000110                                   : s_scalbn.c.obj (.text:scalbn)
                  00007720    000000fc                                   : fd_mul_t2.asm.obj (.text)
                  0000781c    000000d8     wdt_a.obj (.text)
                  000078f4    000000d0     interrupts.obj (.text)
                  000079c4    000000b8     uart_lt.obj (.text)
                  00007a7c    000000b1     rtsv7M4_T_le_v4SPD16_eabi.lib : _printfi.c.obj (.text:_ltostr)
                  00007b2d    00000001     --HOLE-- [fill = 0]
                  00007b2e    0000009c                                   : memcpy_t2.asm.obj (.text)
                  00007bca    00000096                                   : ull_div_t2.asm.obj (.text)
                  00007c60    00000088     util.obj (.text)
                  00007ce8    00000086     rtsv7M4_T_le_v4SPD16_eabi.lib : fd_cmp_t2.asm.obj (.text:__aeabi_cdcmple)
                  00007d6e    00000086                                   : fd_cmp_t2.asm.obj (.text:__aeabi_cdrcmple)
                  00007df4    0000007a                                   : memset_t2.asm.obj (.text)
                  00007e6e    0000006e                                   : _printfi.c.obj (.text:_mcpy)
                  00007edc    0000006e                                   : fd_tos_t2.asm.obj (.text)
                  00007f4a    00000068                                   : copy_decompress_lzss.c.obj (.text:decompress:lzss:__TI_decompress_lzss)
                  00007fb2    00000002     --HOLE-- [fill = 0]
                  00007fb4    00000064                                   : s_frexp.c.obj (.text:frexp)
                  00008018    00000056                                   : _printfi.c.obj (.text:_pconv_f)
                  0000806e    00000054                                   : ltoa.c.obj (.text:ltoa)
                  000080c2    00000052                                   : _printfi.c.obj (.text:_ecpy)
                  00008114    0000004c                                   : atoi.c.obj (.text:atoi)
                  00008160    00000048                                   : fd_toi_t2.asm.obj (.text)
                  000081a8    00000044                                   : autoinit.c.obj (.text:__TI_auto_init_nobinit_nopinit:__TI_auto_init_nobinit_nopinit)
                  000081ec    00000040                                   : sprintf.c.obj (.text:sprintf)
                  0000822c    0000003e                                   : _printfi.c.obj (.text:_fcpy)
                  0000826a    0000003e     cpu.obj (.text)
                  000082a8    00000038     rtsv7M4_T_le_v4SPD16_eabi.lib : boot_cortex_m.c.obj (.text:_c_int00_noargs:_c_int00_noargs)
                  000082e0    00000038                                   : fs_tod_t2.asm.obj (.text)
                  00008318    0000002e                                   : i_tofd_t2.asm.obj (.text)
                  00008346    0000001c                                   : memccpy.c.obj (.text:memccpy)
                  00008362    00000018                                   : sprintf.c.obj (.text:_outs)
                  0000837a    00000016                                   : strchr.c.obj (.text:strchr)
                  00008390    00000014                                   : s_copysign.c.obj (.text:copysign)
                  000083a4    00000014                                   : strlen.c.obj (.text:strlen)
                  000083b8    00000012                                   : copy_zero_init.c.obj (.text:decompress:ZI:__TI_zero_init_nomemset:__TI_zero_init_nomemset)
                  000083ca    00000012                                   : wcslen.c.obj (.text:wcslen)
                  000083dc    0000000e                                   : copy_decompress_none.c.obj (.text:decompress:none:__TI_decompress_none)
                  000083ea    0000000e     startup_msp432p401r_ccs.obj (.text)
                  000083f8    0000000a     rtsv7M4_T_le_v4SPD16_eabi.lib : sprintf.c.obj (.text:_outc)
                  00008402    00000002     --HOLE-- [fill = 0]
                  00008404    00000008                                   : errno.c.obj (.text:__aeabi_errno_addr)
                  0000840c    00000004                                   : pre_init.c.obj (.text:_system_pre_init)
                  00008410    00000004                                   : exit.c.obj (.text:abort:abort)

.const     0    00008418    00000388     
                  00008418    00000101     rtsv7M4_T_le_v4SPD16_eabi.lib : ctype.c.obj (.const:.string:_ctypes_)
                  00008519    00000007     --HOLE-- [fill = 0]
                  00008520    00000098                                   : s_atan.c.obj (.const:$O1$$)
                  000085b8    00000054     encoder.obj (.const:lpfCoeffs$1)
                  0000860c    00000050     interrupt.obj (.const:g_pulRegs)
                  0000865c    00000004     --HOLE-- [fill = 0]
                  00008660    00000030     rtsv7M4_T_le_v4SPD16_eabi.lib : e_pow.c.obj (.const:$O1$$)
                  00008690    00000024     init.obj (.const:$P$T5$6)
                  000086b4    00000020     interrupt.obj (.const:g_pulPriority)
                  000086d4    0000001c     gpio.obj (.const:GPIO_PORT_TO_INT)
                  000086f0    00000018     init.obj (.const:$P$T0$1)
                  00008708    00000018     init.obj (.const:$P$T1$2)
                  00008720    00000018     init.obj (.const:$P$T2$3)
                  00008738    00000018     init.obj (.const:$P$T3$4)
                  00008750    00000018     init.obj (.const:$P$T4$5)
                  00008768    0000000c     mpu6050.obj (.const:$P$T0$2)
                  00008774    0000000c     mpu6050.obj (.const:$P$T1$3)
                  00008780    00000008     interrupt.obj (.const:g_pulDisRegs)
                  00008788    00000008     interrupt.obj (.const:g_pulEnRegs)
                  00008790    00000008     interrupt.obj (.const:g_pulPendRegs)
                  00008798    00000008     interrupt.obj (.const:g_pulUnpendRegs)

.cinit     0    000087a0    000000e0     
                  000087a0    000000aa     (.cinit..data.load) [load image, compression = lzss]
                  0000884a    00000002     --HOLE-- [fill = 0]
                  0000884c    0000000c     (__TI_handler_table)
                  00008858    00000008     (.cinit..bss.load) [load image, compression = zero_init]
                  00008860    00000008     (.cinit..vtable.load) [load image, compression = zero_init]
                  00008868    00000018     (__TI_cinit_table)

.init_array 
*          0    00000000    00000000     UNINITIALIZED

.binit     0    00000000    00000000     

.vtable    0    20000000    000000e4     UNINITIALIZED
                  20000000    000000e4     interrupt.obj (.vtable)

.bss       0    200000e4    00000174     UNINITIALIZED
                  200000e4    00000068     (.common:encL)
                  2000014c    00000068     (.common:encR)
                  200001b4    00000068     (.common:imu)
                  2000021c    00000024     main.obj (.bss:data$1)
                  20000240    0000000c     mpu6050.obj (.bss:angVelPrev$1)
                  2000024c    00000008     cs.obj (.bss)
                  20000254    00000004     interrupts.obj (.bss)

.data      0    20000258    000000e4     UNINITIALIZED
                  20000258    00000040     flash.obj (.data:__getBurstProgramRegs)
                  20000298    00000030     gpio.obj (.data:GPIO_PORT_TO_BASE)
                  200002c8    00000028     main.obj (.data:motorL)
                  200002f0    00000028     main.obj (.data:motorR)
                  20000318    00000010     control.obj (.data:kLqr$1)
                  20000328    0000000c     main.obj (.data)
                  20000334    00000004     rtsv7M4_T_le_v4SPD16_eabi.lib : errno.c.obj (.data)
                  20000338    00000004     system_msp432p401r.obj (.data)

.stack     0    2000fe00    00000200     UNINITIALIZED
                  2000fe00    00000004     rtsv7M4_T_le_v4SPD16_eabi.lib : boot_cortex_m.c.obj (.stack)
                  2000fe04    000001fc     --HOLE--

MODULE SUMMARY

       Module                        code    ro data   rw data
       ------                        ----    -------   -------
    ./
       mpu6050.obj                   2044    24        24     
       main.obj                      504     0         880    
       encoder.obj                   792     84        0      
       system_msp432p401r.obj        820     0         8      
       control.obj                   788     0         32     
       init.obj                      584     156       0      
       i2c_lt.obj                    580     0         0      
       startup_msp432p401r_ccs.obj   14      228       0      
       interrupts.obj                208     0         8      
       uart_lt.obj                   184     0         0      
       util.obj                      136     0         0      
    +--+-----------------------------+-------+---------+---------+
       Total:                        6654    492       952    
                                                              
    ./driverlib/MSP432P4xx/
       flash.obj                     5532    0         128    
       cs.obj                        3452    0         16     
       timer_a.obj                   1944    0         0      
       interrupt.obj                 1008    144       456    
       gpio.obj                      1152    28        96     
       uart.obj                      1052    0         0      
       sysctl.obj                    580     0         0      
       wdt_a.obj                     216     0         0      
       cpu.obj                       62      0         0      
    +--+-----------------------------+-------+---------+---------+
       Total:                        14998   172       696    
                                                              
    /opt/ti/ccsv8/tools/compiler/ti-cgt-arm_18.1.4.LTS/lib/rtsv7M4_T_le_v4SPD16_eabi.lib
       _printfi.c.obj                4867    0         0      
       e_pow.c.obj                   2496    48        0      
       s_atan.c.obj                  748     152       0      
       e_atan2.c.obj                 472     0         0      
       fd_add_t2.asm.obj             438     0         0      
       e_sqrt.c.obj                  344     0         0      
       fd_div_t2.asm.obj             310     0         0      
       s_scalbn.c.obj                272     0         0      
       fd_cmp_t2.asm.obj             268     0         0      
       ctype.c.obj                   0       257       0      
       fd_mul_t2.asm.obj             252     0         0      
       memcpy_t2.asm.obj             156     0         0      
       ull_div_t2.asm.obj            150     0         0      
       memset_t2.asm.obj             122     0         0      
       fd_tos_t2.asm.obj             110     0         0      
       copy_decompress_lzss.c.obj    104     0         0      
       s_frexp.c.obj                 100     0         0      
       sprintf.c.obj                 98      0         0      
       ltoa.c.obj                    84      0         0      
       atoi.c.obj                    76      0         0      
       fd_toi_t2.asm.obj             72      0         0      
       autoinit.c.obj                68      0         0      
       boot_cortex_m.c.obj           56      0         0      
       fs_tod_t2.asm.obj             56      0         0      
       i_tofd_t2.asm.obj             46      0         0      
       memccpy.c.obj                 28      0         0      
       strchr.c.obj                  22      0         0      
       s_copysign.c.obj              20      0         0      
       strlen.c.obj                  20      0         0      
       copy_zero_init.c.obj          18      0         0      
       wcslen.c.obj                  18      0         0      
       errno.c.obj                   8       0         8      
       copy_decompress_none.c.obj    14      0         0      
       exit.c.obj                    4       0         0      
       pre_init.c.obj                4       0         0      
       div0.asm.obj                  2       0         0      
    +--+-----------------------------+-------+---------+---------+
       Total:                        11923   457       8      
                                                              
       Stack:                        0       0         1024   
       Linker Generated:             0       222       0      
    +--+-----------------------------+-------+---------+---------+
       Grand Total:                  33575   1343      2680   


LINKER GENERATED COPY TABLES

__TI_cinit_table @ 00008868 records: 3, size/record: 8, table size: 24
	.data: load addr=000087a0, load size=000000aa bytes, run addr=20000258, run size=000000e4 bytes, compression=lzss
	.bss: load addr=00008858, load size=00000008 bytes, run addr=200000e4, run size=00000174 bytes, compression=zero_init
	.vtable: load addr=00008860, load size=00000008 bytes, run addr=20000000, run size=000000e4 bytes, compression=zero_init


LINKER GENERATED HANDLER TABLE

__TI_handler_table @ 0000884c records: 3, size/record: 4, table size: 12
	index: 0, handler: __TI_zero_init
	index: 1, handler: __TI_decompress_lzss
	index: 2, handler: __TI_decompress_none


GLOBAL SYMBOLS: SORTED ALPHABETICALLY BY Name 

address   name                                           
-------   ----                                           
000083f7  ADC14_IRQHandler                               
000083f7  AES256_IRQHandler                              
000083f7  BusFault_Handler                               
00008411  C$$EXIT                                        
000083f7  COMP_E0_IRQHandler                             
000083f7  COMP_E1_IRQHandler                             
0000829f  CPU_basepriGet                                 
00008291  CPU_basepriSet                                 
0000826b  CPU_cpsid                                      
00008281  CPU_cpsie                                      
00008277  CPU_primask                                    
0000828d  CPU_wfi                                        
000083f7  CS_IRQHandler                                  
00002381  CS_clearInterruptFlag                          
00001c29  CS_disableClockRequest                         
00001d0f  CS_disableDCOExternalResistor                  
00002255  CS_disableFaultCounter                         
0000233f  CS_disableInterrupt                            
00001c01  CS_enableClockRequest                          
00001c71  CS_enableDCOExternalResistor                   
00002229  CS_enableFaultCounter                          
0000231d  CS_enableInterrupt                             
000021c1  CS_getACLK                                     
00002181  CS_getBCLK                                     
00001e09  CS_getDCOFrequency                             
00002367  CS_getEnabledInterruptStatus                   
0000219d  CS_getHSMCLK                                   
00002361  CS_getInterruptStatus                          
00002207  CS_getMCLK                                     
000021e5  CS_getSMCLK                                    
00001921  CS_initClockSignal                             
000023a3  CS_registerInterrupt                           
00002281  CS_resetFaultCounter                           
00001d2d  CS_setDCOCenteredFrequency                     
00001c99  CS_setDCOExternalResistorCalibration           
00001fa9  CS_setDCOFrequency                             
000018e5  CS_setExternalClockSourceFrequency             
00001c4b  CS_setReferenceOscillatorFrequency             
000022cd  CS_startFaultCounter                           
00001a25  CS_startHFXT                                   
00001a49  CS_startHFXTWithTimeout                        
00001b0d  CS_startLFXT                                   
00001b31  CS_startLFXTWithTimeout                        
00001d65  CS_tuneDCOFrequency                            
000023b7  CS_unregisterInterrupt                         
000062f9  Clock_Config                                   
000083f7  DMA_ERR_IRQHandler                             
000083f7  DMA_INT0_IRQHandler                            
000083f7  DMA_INT1_IRQHandler                            
000083f7  DMA_INT2_IRQHandler                            
000083f7  DMA_INT3_IRQHandler                            
000083f7  DebugMon_Handler                               
000083f7  Default_Handler                                
000083f7  EUSCIA0_IRQHandler                             
000083f7  EUSCIA1_IRQHandler                             
000083f7  EUSCIA2_IRQHandler                             
000083f7  EUSCIA3_IRQHandler                             
000083f7  EUSCIB0_IRQHandler                             
000083f7  EUSCIB1_IRQHandler                             
000083f7  EUSCIB2_IRQHandler                             
000083f7  EUSCIB3_IRQHandler                             
000064ad  EncGPIO_Config                                 
0000598f  Enc_CalcAngle                                  
00005771  Enc_Initialize                                 
0000580f  Enc_InterruptRoutine                           
000083f7  FLCTL_IRQHandler                               
000083f7  FPU_IRQHandler                                 
0000112f  FlashCtl_clearInterruptFlag                    
00000ff3  FlashCtl_clearProgramVerification              
00001105  FlashCtl_disableInterrupt                      
00000661  FlashCtl_disableReadBuffering                  
0000105d  FlashCtl_disableWordProgramming                
000010f1  FlashCtl_enableInterrupt                       
0000060d  FlashCtl_enableReadBuffering                   
0000102d  FlashCtl_enableWordProgramming                 
00000c8d  FlashCtl_eraseSector                           
0000111f  FlashCtl_getEnabledInterruptStatus             
00001119  FlashCtl_getInterruptStatus                    
0000028f  FlashCtl_getMemoryInfo                         
00000af1  FlashCtl_getReadMode                           
000010c3  FlashCtl_getWaitState                          
00000b1b  FlashCtl_initiateMassErase                     
00000db1  FlashCtl_initiateSectorErase                   
00000791  FlashCtl_isSectorProtected                     
00001069  FlashCtl_isWordProgrammingEnabled              
00000b41  FlashCtl_performMassErase                      
00000e49  FlashCtl_programMemory                         
00000731  FlashCtl_protectSector                         
00001143  FlashCtl_registerInterrupt                     
00000fb9  FlashCtl_setProgramVerification                
00000a85  FlashCtl_setReadMode                           
00001085  FlashCtl_setWaitState                          
000006c1  FlashCtl_unprotectSector                       
00001157  FlashCtl_unregisterInterrupt                   
0000081d  FlashCtl_verifyMemory                          
00004ad3  GPIO_clearInterruptFlag                        
00004a93  GPIO_disableInterrupt                          
00004a71  GPIO_enableInterrupt                           
00004b2b  GPIO_getEnabledInterruptStatus                 
00004a43  GPIO_getInputPinValue                          
00004ab5  GPIO_getInterruptStatus                        
00004af5  GPIO_interruptEdgeSelect                       
00004beb  GPIO_registerInterrupt                         
000047eb  GPIO_setAsInputPin                             
0000499f  GPIO_setAsInputPinWithPullDownResistor         
000049f1  GPIO_setAsInputPinWithPullUpResistor           
000047b1  GPIO_setAsOutputPin                            
000048b5  GPIO_setAsPeripheralModuleFunctionInputPin     
00004831  GPIO_setAsPeripheralModuleFunctionOutputPin    
00004ba7  GPIO_setDriveStrengthHigh                      
00004bc9  GPIO_setDriveStrengthLow                       
00004939  GPIO_setOutputHighOnPin                        
0000495b  GPIO_setOutputLowOnPin                         
0000497d  GPIO_toggleOutputOnPin                         
00004c0b  GPIO_unregisterInterrupt                       
000083f7  HardFault_Handler                              
000065d3  I2C1_Read                                      
00006541  I2C1_Write                                     
0000667f  I2C1_burstRead2                                
00006441  I2C_Config                                     
00003aa9  IMU_CalcAngleAccel                             
00003bc9  IMU_CalcAngleFused                             
000039d3  IMU_CalcAngleGyro                              
00003cc9  IMU_Calibrate                                  
0000381d  IMU_Init                                       
00003939  IMU_ReadVals                                   
0000520f  Interrupt_disableInterrupt                     
0000505f  Interrupt_disableMaster                        
0000540d  Interrupt_disableSleepOnIsrExit                
0000519d  Interrupt_enableInterrupt                      
0000504f  Interrupt_enableMaster                         
000053fb  Interrupt_enableSleepOnIsrExit                 
00005177  Interrupt_getPriority                          
000050ef  Interrupt_getPriorityGrouping                  
000053db  Interrupt_getPriorityMask                      
000053f5  Interrupt_getVectorTableAddress                
00005281  Interrupt_isEnabled                            
0000530d  Interrupt_pendInterrupt                        
0000506f  Interrupt_registerInterrupt                    
00005127  Interrupt_setPriority                          
000050d5  Interrupt_setPriorityGrouping                  
000053cb  Interrupt_setPriorityMask                      
000053e5  Interrupt_setVectorTableAddress                
0000537d  Interrupt_unpendInterrupt                      
000050c1  Interrupt_unregisterInterrupt                  
00006419  LED1_Config                                    
0000642d  LED2_Config                                    
00007c61  LED2_Set                                       
000083f7  MemManage_Handler                              
00005a89  Motor_VelUpdate                                
000083f7  NMI_Handler                                    
000083f7  PCM_IRQHandler                                 
000083f7  PORT1_IRQHandler                               
000083f7  PORT2_IRQHandler                               
00007963  PORT3_IRQHandler                               
00007963  PORT3_IRQHandler                               
000083f7  PORT4_IRQHandler                               
000083f7  PORT5_IRQHandler                               
000083f7  PORT6_IRQHandler                               
000083f7  PSS_IRQHandler                                 
000083f7  PendSV_Handler                                 
000083f7  RTC_C_IRQHandler                               
000083eb  Reset_Handler                                  
000083f7  SVC_Handler                                    
00006977  SysCtl_disableGlitchFilter                     
00006807  SysCtl_disableNMISource                        
0000690f  SysCtl_disablePeripheralAtCPUHalt              
00006851  SysCtl_disableSRAMBank                         
000068d5  SysCtl_disableSRAMBankRetention                
0000696b  SysCtl_enableGlitchFilter                      
0000681b  SysCtl_enableNMISource                         
000068fb  SysCtl_enablePeripheralAtCPUHalt               
00006835  SysCtl_enableSRAMBank                          
000068b9  SysCtl_enableSRAMBankRetention                 
00006801  SysCtl_getFlashSize                            
0000682f  SysCtl_getNMISourceStatus                      
000067fb  SysCtl_getSRAMSize                             
00006785  SysCtl_getTLVInfo                              
00006983  SysCtl_getTempCalibrationConstant              
000068f1  SysCtl_rebootDevice                            
00006947  SysCtl_setWDTPasswordViolationResetType        
00006923  SysCtl_setWDTTimeoutResetType                  
000083f7  SysTick_Handler                                
00005c5f  Sys_ControlUpdate                              
20000338  SystemCoreClock                                
0000543d  SystemCoreClockUpdate                          
000056b5  SystemInit                                     
000083f7  T32_INT1_IRQHandler                            
000083f7  T32_INT2_IRQHandler                            
000083f7  T32_INTC_IRQHandler                            
000083f7  TA0_0_IRQHandler                               
000083f7  TA0_N_IRQHandler                               
000078f5  TA1_0_IRQHandler                               
000078f5  TA1_0_IRQHandler                               
000083f7  TA1_N_IRQHandler                               
000083f7  TA2_0_IRQHandler                               
000083f7  TA2_N_IRQHandler                               
000083f7  TA3_0_IRQHandler                               
000083f7  TA3_N_IRQHandler                               
0000631f  TimerA0_Config                                 
000063db  TimerA1_Config                                 
000044e3  Timer_A_clearCaptureCompareInterrupt           
000044cd  Timer_A_clearInterruptFlag                     
0000434b  Timer_A_clearTimer                             
00004173  Timer_A_configureContinuousMode                
00004201  Timer_A_configureUpDownMode                    
000041a3  Timer_A_configureUpMode                        
00004571  Timer_A_disableCaptureCompareInterrupt         
0000451f  Timer_A_disableInterrupt                       
00004545  Timer_A_enableCaptureCompareInterrupt          
0000450b  Timer_A_enableInterrupt                        
00004417  Timer_A_generatePWM                            
000043bd  Timer_A_getCaptureCompareCount                 
000045d9  Timer_A_getCaptureCompareEnabledInterruptStatus
00004599  Timer_A_getCaptureCompareInterruptStatus       
000042ff  Timer_A_getCounterValue                        
000045c1  Timer_A_getEnabledInterruptStatus              
00004533  Timer_A_getInterruptStatus                     
0000438f  Timer_A_getOutputForOutputModeOutBitValue      
0000435f  Timer_A_getSynchronizedCaptureCompareInput     
0000425f  Timer_A_initCapture                            
000042b1  Timer_A_initCompare                            
00004615  Timer_A_registerInterrupt                      
000044a1  Timer_A_setCompareValue                        
000043df  Timer_A_setOutputForOutputModeOutBitValue      
0000415d  Timer_A_startCounter                           
0000448d  Timer_A_stopTimer                              
000046e7  Timer_A_unregisterInterrupt                    
00006479  UART_Config                                    
000079c5  UART_SendFloatArray                            
00004f45  UART_clearInterruptFlag                        
00004e9d  UART_disableInterrupt                          
00004d7f  UART_disableModule                             
00004e6d  UART_enableInterrupt                           
00004d69  UART_enableModule                              
00004ee9  UART_getEnabledInterruptStatus                 
00004ecd  UART_getInterruptStatus                        
00004e35  UART_getReceiveBufferAddressForDMA             
00004e43  UART_getTransmitBufferAddressForDMA            
00004c31  UART_initModule                                
00004d95  UART_queryStatusFlags                          
00004d43  UART_receiveData                               
00004f65  UART_registerInterrupt                         
00004dbd  UART_resetDormant                              
00004e51  UART_selectDeglitchTime                        
00004da9  UART_setDormant                                
00004dd1  UART_transmitAddress                           
00004def  UART_transmitBreak                             
00004d19  UART_transmitData                              
00004fe1  UART_unregisterInterrupt                       
000083f7  UsageFault_Handler                             
4000480c  WDTCTL_SYM                                     
000083f7  WDT_A_IRQHandler                               
0000785d  WDT_A_clearTimer                               
0000781d  WDT_A_holdTimer                                
00007899  WDT_A_initIntervalTimer                        
0000787d  WDT_A_initWatchdogTimer                        
000078cd  WDT_A_registerInterrupt                        
000078b5  WDT_A_setPasswordViolationReset                
000078c1  WDT_A_setTimeoutReset                          
0000783d  WDT_A_startTimer                               
000078e1  WDT_A_unregisterInterrupt                      
0000155b  __FlashCtl_remaskBurstDataPost                 
00001441  __FlashCtl_remaskBurstDataPre                  
00001285  __FlashCtl_remaskData32Post                    
00001369  __FlashCtl_remaskData32Pre                     
00001167  __FlashCtl_remaskData8Post                     
000011e7  __FlashCtl_remaskData8Pre                      
20010000  __STACK_END                                    
00000200  __STACK_SIZE                                   
00008868  __TI_CINIT_Base                                
00008880  __TI_CINIT_Limit                               
0000884c  __TI_Handler_Table_Base                        
00008858  __TI_Handler_Table_Limit                       
000081a9  __TI_auto_init_nobinit_nopinit                 
00007f4b  __TI_decompress_lzss                           
000083dd  __TI_decompress_none                           
ffffffff  __TI_pprof_out_hndl                            
000023fd  __TI_printfi                                   
ffffffff  __TI_prof_data_size                            
ffffffff  __TI_prof_data_start                           
00000000  __TI_static_base__                             
000083b9  __TI_zero_init_nomemset                        
00007ce9  __aeabi_cdcmpeq                                
00007ce9  __aeabi_cdcmple                                
00007d6f  __aeabi_cdrcmple                               
00007edd  __aeabi_d2f                                    
00008161  __aeabi_d2iz                                   
00006f73  __aeabi_dadd                                   
000073b5  __aeabi_ddiv                                   
00007721  __aeabi_dmul                                   
00006f69  __aeabi_dsub                                   
00008405  __aeabi_errno_addr                             
000082e1  __aeabi_f2d                                    
00008319  __aeabi_i2d                                    
00002e5b  __aeabi_idiv0                                  
00002e5b  __aeabi_ldiv0                                  
00007df5  __aeabi_memclr                                 
00007df5  __aeabi_memclr4                                
00007df5  __aeabi_memclr8                                
00007b2f  __aeabi_memcpy                                 
00007b2f  __aeabi_memcpy4                                
00007b2f  __aeabi_memcpy8                                
00007df7  __aeabi_memset                                 
00007df7  __aeabi_memset4                                
00007df7  __aeabi_memset8                                
00007bcb  __aeabi_uldivmod                               
ffffffff  __binit__                                      
ffffffff  __c_args__                                     
UNDEFED   __mpu_init                                     
2000fe00  __stack                                        
000082a9  _c_int00_noargs                                
00008418  _ctypes_                                       
UNDEFED   _system_post_cinit                             
0000840d  _system_pre_init                               
00008411  abort                                          
00005d9d  atan                                           
00006bc1  atan2                                          
00006bc1  atan2l                                         
00005d9d  atanl                                          
00008115  atoi                                           
ffffffff  binit                                          
00008391  copysign                                       
00008391  copysignl                                      
2000032c  debugFlag                                      
20000330  debugVar                                       
00007ca5  delayMs                                        
200000e4  encL                                           
2000014c  encR                                           
20000334  errno                                          
00007fb5  frexp                                          
00007fb5  frexpl                                         
20000000  g_pfnRAMVectors                                
200001b4  imu                                            
20000328  imuUpdateFlag                                  
00000000  interruptVectors                               
00007611  ldexp                                          
00007611  ldexpl                                         
0000806f  ltoa                                           
000069c9  main                                           
00008347  memccpy                                        
00007b2f  memcpy                                         
00007dfd  memset                                         
200002c8  motorL                                         
200002f0  motorR                                         
00002e5d  pow                                            
00002e5d  powl                                           
00006aed  recordData                                     
00007611  scalbn                                         
00007611  scalbnl                                        
000081ed  sprintf                                        
00007121  sqrt                                           
00007121  sqrtl                                          
0000837b  strchr                                         
000083a5  strlen                                         
20000329  transmitDataFlag                               
000083cb  wcslen                                         


GLOBAL SYMBOLS: SORTED BY Symbol Address 

address   name                                           
-------   ----                                           
00000000  __TI_static_base__                             
00000000  interruptVectors                               
00000200  __STACK_SIZE                                   
0000028f  FlashCtl_getMemoryInfo                         
0000060d  FlashCtl_enableReadBuffering                   
00000661  FlashCtl_disableReadBuffering                  
000006c1  FlashCtl_unprotectSector                       
00000731  FlashCtl_protectSector                         
00000791  FlashCtl_isSectorProtected                     
0000081d  FlashCtl_verifyMemory                          
00000a85  FlashCtl_setReadMode                           
00000af1  FlashCtl_getReadMode                           
00000b1b  FlashCtl_initiateMassErase                     
00000b41  FlashCtl_performMassErase                      
00000c8d  FlashCtl_eraseSector                           
00000db1  FlashCtl_initiateSectorErase                   
00000e49  FlashCtl_programMemory                         
00000fb9  FlashCtl_setProgramVerification                
00000ff3  FlashCtl_clearProgramVerification              
0000102d  FlashCtl_enableWordProgramming                 
0000105d  FlashCtl_disableWordProgramming                
00001069  FlashCtl_isWordProgrammingEnabled              
00001085  FlashCtl_setWaitState                          
000010c3  FlashCtl_getWaitState                          
000010f1  FlashCtl_enableInterrupt                       
00001105  FlashCtl_disableInterrupt                      
00001119  FlashCtl_getInterruptStatus                    
0000111f  FlashCtl_getEnabledInterruptStatus             
0000112f  FlashCtl_clearInterruptFlag                    
00001143  FlashCtl_registerInterrupt                     
00001157  FlashCtl_unregisterInterrupt                   
00001167  __FlashCtl_remaskData8Post                     
000011e7  __FlashCtl_remaskData8Pre                      
00001285  __FlashCtl_remaskData32Post                    
00001369  __FlashCtl_remaskData32Pre                     
00001441  __FlashCtl_remaskBurstDataPre                  
0000155b  __FlashCtl_remaskBurstDataPost                 
000018e5  CS_setExternalClockSourceFrequency             
00001921  CS_initClockSignal                             
00001a25  CS_startHFXT                                   
00001a49  CS_startHFXTWithTimeout                        
00001b0d  CS_startLFXT                                   
00001b31  CS_startLFXTWithTimeout                        
00001c01  CS_enableClockRequest                          
00001c29  CS_disableClockRequest                         
00001c4b  CS_setReferenceOscillatorFrequency             
00001c71  CS_enableDCOExternalResistor                   
00001c99  CS_setDCOExternalResistorCalibration           
00001d0f  CS_disableDCOExternalResistor                  
00001d2d  CS_setDCOCenteredFrequency                     
00001d65  CS_tuneDCOFrequency                            
00001e09  CS_getDCOFrequency                             
00001fa9  CS_setDCOFrequency                             
00002181  CS_getBCLK                                     
0000219d  CS_getHSMCLK                                   
000021c1  CS_getACLK                                     
000021e5  CS_getSMCLK                                    
00002207  CS_getMCLK                                     
00002229  CS_enableFaultCounter                          
00002255  CS_disableFaultCounter                         
00002281  CS_resetFaultCounter                           
000022cd  CS_startFaultCounter                           
0000231d  CS_enableInterrupt                             
0000233f  CS_disableInterrupt                            
00002361  CS_getInterruptStatus                          
00002367  CS_getEnabledInterruptStatus                   
00002381  CS_clearInterruptFlag                          
000023a3  CS_registerInterrupt                           
000023b7  CS_unregisterInterrupt                         
000023fd  __TI_printfi                                   
00002e5b  __aeabi_idiv0                                  
00002e5b  __aeabi_ldiv0                                  
00002e5d  pow                                            
00002e5d  powl                                           
0000381d  IMU_Init                                       
00003939  IMU_ReadVals                                   
000039d3  IMU_CalcAngleGyro                              
00003aa9  IMU_CalcAngleAccel                             
00003bc9  IMU_CalcAngleFused                             
00003cc9  IMU_Calibrate                                  
0000415d  Timer_A_startCounter                           
00004173  Timer_A_configureContinuousMode                
000041a3  Timer_A_configureUpMode                        
00004201  Timer_A_configureUpDownMode                    
0000425f  Timer_A_initCapture                            
000042b1  Timer_A_initCompare                            
000042ff  Timer_A_getCounterValue                        
0000434b  Timer_A_clearTimer                             
0000435f  Timer_A_getSynchronizedCaptureCompareInput     
0000438f  Timer_A_getOutputForOutputModeOutBitValue      
000043bd  Timer_A_getCaptureCompareCount                 
000043df  Timer_A_setOutputForOutputModeOutBitValue      
00004417  Timer_A_generatePWM                            
0000448d  Timer_A_stopTimer                              
000044a1  Timer_A_setCompareValue                        
000044cd  Timer_A_clearInterruptFlag                     
000044e3  Timer_A_clearCaptureCompareInterrupt           
0000450b  Timer_A_enableInterrupt                        
0000451f  Timer_A_disableInterrupt                       
00004533  Timer_A_getInterruptStatus                     
00004545  Timer_A_enableCaptureCompareInterrupt          
00004571  Timer_A_disableCaptureCompareInterrupt         
00004599  Timer_A_getCaptureCompareInterruptStatus       
000045c1  Timer_A_getEnabledInterruptStatus              
000045d9  Timer_A_getCaptureCompareEnabledInterruptStatus
00004615  Timer_A_registerInterrupt                      
000046e7  Timer_A_unregisterInterrupt                    
000047b1  GPIO_setAsOutputPin                            
000047eb  GPIO_setAsInputPin                             
00004831  GPIO_setAsPeripheralModuleFunctionOutputPin    
000048b5  GPIO_setAsPeripheralModuleFunctionInputPin     
00004939  GPIO_setOutputHighOnPin                        
0000495b  GPIO_setOutputLowOnPin                         
0000497d  GPIO_toggleOutputOnPin                         
0000499f  GPIO_setAsInputPinWithPullDownResistor         
000049f1  GPIO_setAsInputPinWithPullUpResistor           
00004a43  GPIO_getInputPinValue                          
00004a71  GPIO_enableInterrupt                           
00004a93  GPIO_disableInterrupt                          
00004ab5  GPIO_getInterruptStatus                        
00004ad3  GPIO_clearInterruptFlag                        
00004af5  GPIO_interruptEdgeSelect                       
00004b2b  GPIO_getEnabledInterruptStatus                 
00004ba7  GPIO_setDriveStrengthHigh                      
00004bc9  GPIO_setDriveStrengthLow                       
00004beb  GPIO_registerInterrupt                         
00004c0b  GPIO_unregisterInterrupt                       
00004c31  UART_initModule                                
00004d19  UART_transmitData                              
00004d43  UART_receiveData                               
00004d69  UART_enableModule                              
00004d7f  UART_disableModule                             
00004d95  UART_queryStatusFlags                          
00004da9  UART_setDormant                                
00004dbd  UART_resetDormant                              
00004dd1  UART_transmitAddress                           
00004def  UART_transmitBreak                             
00004e35  UART_getReceiveBufferAddressForDMA             
00004e43  UART_getTransmitBufferAddressForDMA            
00004e51  UART_selectDeglitchTime                        
00004e6d  UART_enableInterrupt                           
00004e9d  UART_disableInterrupt                          
00004ecd  UART_getInterruptStatus                        
00004ee9  UART_getEnabledInterruptStatus                 
00004f45  UART_clearInterruptFlag                        
00004f65  UART_registerInterrupt                         
00004fe1  UART_unregisterInterrupt                       
0000504f  Interrupt_enableMaster                         
0000505f  Interrupt_disableMaster                        
0000506f  Interrupt_registerInterrupt                    
000050c1  Interrupt_unregisterInterrupt                  
000050d5  Interrupt_setPriorityGrouping                  
000050ef  Interrupt_getPriorityGrouping                  
00005127  Interrupt_setPriority                          
00005177  Interrupt_getPriority                          
0000519d  Interrupt_enableInterrupt                      
0000520f  Interrupt_disableInterrupt                     
00005281  Interrupt_isEnabled                            
0000530d  Interrupt_pendInterrupt                        
0000537d  Interrupt_unpendInterrupt                      
000053cb  Interrupt_setPriorityMask                      
000053db  Interrupt_getPriorityMask                      
000053e5  Interrupt_setVectorTableAddress                
000053f5  Interrupt_getVectorTableAddress                
000053fb  Interrupt_enableSleepOnIsrExit                 
0000540d  Interrupt_disableSleepOnIsrExit                
0000543d  SystemCoreClockUpdate                          
000056b5  SystemInit                                     
00005771  Enc_Initialize                                 
0000580f  Enc_InterruptRoutine                           
0000598f  Enc_CalcAngle                                  
00005a89  Motor_VelUpdate                                
00005c5f  Sys_ControlUpdate                              
00005d9d  atan                                           
00005d9d  atanl                                          
000062f9  Clock_Config                                   
0000631f  TimerA0_Config                                 
000063db  TimerA1_Config                                 
00006419  LED1_Config                                    
0000642d  LED2_Config                                    
00006441  I2C_Config                                     
00006479  UART_Config                                    
000064ad  EncGPIO_Config                                 
00006541  I2C1_Write                                     
000065d3  I2C1_Read                                      
0000667f  I2C1_burstRead2                                
00006785  SysCtl_getTLVInfo                              
000067fb  SysCtl_getSRAMSize                             
00006801  SysCtl_getFlashSize                            
00006807  SysCtl_disableNMISource                        
0000681b  SysCtl_enableNMISource                         
0000682f  SysCtl_getNMISourceStatus                      
00006835  SysCtl_enableSRAMBank                          
00006851  SysCtl_disableSRAMBank                         
000068b9  SysCtl_enableSRAMBankRetention                 
000068d5  SysCtl_disableSRAMBankRetention                
000068f1  SysCtl_rebootDevice                            
000068fb  SysCtl_enablePeripheralAtCPUHalt               
0000690f  SysCtl_disablePeripheralAtCPUHalt              
00006923  SysCtl_setWDTTimeoutResetType                  
00006947  SysCtl_setWDTPasswordViolationResetType        
0000696b  SysCtl_enableGlitchFilter                      
00006977  SysCtl_disableGlitchFilter                     
00006983  SysCtl_getTempCalibrationConstant              
000069c9  main                                           
00006aed  recordData                                     
00006bc1  atan2                                          
00006bc1  atan2l                                         
00006f69  __aeabi_dsub                                   
00006f73  __aeabi_dadd                                   
00007121  sqrt                                           
00007121  sqrtl                                          
000073b5  __aeabi_ddiv                                   
00007611  ldexp                                          
00007611  ldexpl                                         
00007611  scalbn                                         
00007611  scalbnl                                        
00007721  __aeabi_dmul                                   
0000781d  WDT_A_holdTimer                                
0000783d  WDT_A_startTimer                               
0000785d  WDT_A_clearTimer                               
0000787d  WDT_A_initWatchdogTimer                        
00007899  WDT_A_initIntervalTimer                        
000078b5  WDT_A_setPasswordViolationReset                
000078c1  WDT_A_setTimeoutReset                          
000078cd  WDT_A_registerInterrupt                        
000078e1  WDT_A_unregisterInterrupt                      
000078f5  TA1_0_IRQHandler                               
000078f5  TA1_0_IRQHandler                               
00007963  PORT3_IRQHandler                               
00007963  PORT3_IRQHandler                               
000079c5  UART_SendFloatArray                            
00007b2f  __aeabi_memcpy                                 
00007b2f  __aeabi_memcpy4                                
00007b2f  __aeabi_memcpy8                                
00007b2f  memcpy                                         
00007bcb  __aeabi_uldivmod                               
00007c61  LED2_Set                                       
00007ca5  delayMs                                        
00007ce9  __aeabi_cdcmpeq                                
00007ce9  __aeabi_cdcmple                                
00007d6f  __aeabi_cdrcmple                               
00007df5  __aeabi_memclr                                 
00007df5  __aeabi_memclr4                                
00007df5  __aeabi_memclr8                                
00007df7  __aeabi_memset                                 
00007df7  __aeabi_memset4                                
00007df7  __aeabi_memset8                                
00007dfd  memset                                         
00007edd  __aeabi_d2f                                    
00007f4b  __TI_decompress_lzss                           
00007fb5  frexp                                          
00007fb5  frexpl                                         
0000806f  ltoa                                           
00008115  atoi                                           
00008161  __aeabi_d2iz                                   
000081a9  __TI_auto_init_nobinit_nopinit                 
000081ed  sprintf                                        
0000826b  CPU_cpsid                                      
00008277  CPU_primask                                    
00008281  CPU_cpsie                                      
0000828d  CPU_wfi                                        
00008291  CPU_basepriSet                                 
0000829f  CPU_basepriGet                                 
000082a9  _c_int00_noargs                                
000082e1  __aeabi_f2d                                    
00008319  __aeabi_i2d                                    
00008347  memccpy                                        
0000837b  strchr                                         
00008391  copysign                                       
00008391  copysignl                                      
000083a5  strlen                                         
000083b9  __TI_zero_init_nomemset                        
000083cb  wcslen                                         
000083dd  __TI_decompress_none                           
000083eb  Reset_Handler                                  
000083f7  ADC14_IRQHandler                               
000083f7  AES256_IRQHandler                              
000083f7  BusFault_Handler                               
000083f7  COMP_E0_IRQHandler                             
000083f7  COMP_E1_IRQHandler                             
000083f7  CS_IRQHandler                                  
000083f7  DMA_ERR_IRQHandler                             
000083f7  DMA_INT0_IRQHandler                            
000083f7  DMA_INT1_IRQHandler                            
000083f7  DMA_INT2_IRQHandler                            
000083f7  DMA_INT3_IRQHandler                            
000083f7  DebugMon_Handler                               
000083f7  Default_Handler                                
000083f7  EUSCIA0_IRQHandler                             
000083f7  EUSCIA1_IRQHandler                             
000083f7  EUSCIA2_IRQHandler                             
000083f7  EUSCIA3_IRQHandler                             
000083f7  EUSCIB0_IRQHandler                             
000083f7  EUSCIB1_IRQHandler                             
000083f7  EUSCIB2_IRQHandler                             
000083f7  EUSCIB3_IRQHandler                             
000083f7  FLCTL_IRQHandler                               
000083f7  FPU_IRQHandler                                 
000083f7  HardFault_Handler                              
000083f7  MemManage_Handler                              
000083f7  NMI_Handler                                    
000083f7  PCM_IRQHandler                                 
000083f7  PORT1_IRQHandler                               
000083f7  PORT2_IRQHandler                               
000083f7  PORT4_IRQHandler                               
000083f7  PORT5_IRQHandler                               
000083f7  PORT6_IRQHandler                               
000083f7  PSS_IRQHandler                                 
000083f7  PendSV_Handler                                 
000083f7  RTC_C_IRQHandler                               
000083f7  SVC_Handler                                    
000083f7  SysTick_Handler                                
000083f7  T32_INT1_IRQHandler                            
000083f7  T32_INT2_IRQHandler                            
000083f7  T32_INTC_IRQHandler                            
000083f7  TA0_0_IRQHandler                               
000083f7  TA0_N_IRQHandler                               
000083f7  TA1_N_IRQHandler                               
000083f7  TA2_0_IRQHandler                               
000083f7  TA2_N_IRQHandler                               
000083f7  TA3_0_IRQHandler                               
000083f7  TA3_N_IRQHandler                               
000083f7  UsageFault_Handler                             
000083f7  WDT_A_IRQHandler                               
00008405  __aeabi_errno_addr                             
0000840d  _system_pre_init                               
00008411  C$$EXIT                                        
00008411  abort                                          
00008418  _ctypes_                                       
0000884c  __TI_Handler_Table_Base                        
00008858  __TI_Handler_Table_Limit                       
00008868  __TI_CINIT_Base                                
00008880  __TI_CINIT_Limit                               
20000000  g_pfnRAMVectors                                
200000e4  encL                                           
2000014c  encR                                           
200001b4  imu                                            
200002c8  motorL                                         
200002f0  motorR                                         
20000328  imuUpdateFlag                                  
20000329  transmitDataFlag                               
2000032c  debugFlag                                      
20000330  debugVar                                       
20000334  errno                                          
20000338  SystemCoreClock                                
2000fe00  __stack                                        
20010000  __STACK_END                                    
4000480c  WDTCTL_SYM                                     
ffffffff  __TI_pprof_out_hndl                            
ffffffff  __TI_prof_data_size                            
ffffffff  __TI_prof_data_start                           
ffffffff  __binit__                                      
ffffffff  __c_args__                                     
ffffffff  binit                                          
UNDEFED   __mpu_init                                     
UNDEFED   _system_post_cinit                             

[357 symbols]
