******************************************************************************
                  TI ARM Linker PC v18.1.5                     
******************************************************************************
>> Linked Sat Dec 19 21:52:50 2020

OUTPUT FILE NAME:   <balance-bot.out>
ENTRY POINT SYMBOL: "_c_int00_noargs"  address: 00008ebd


MEMORY CONFIGURATION

         name            origin    length      used     unused   attr    fill
----------------------  --------  ---------  --------  --------  ----  --------
  MAIN                  00000000   00040000  00009488  00036b78  R  X
  INFO                  00200000   00004000  00000000  00004000  R  X
  SRAM_CODE             01000000   00010000  0000052a  0000fad6  RW X
  SRAM_DATA             20000000   00010000  0000052a  0000fad6  RW  


SEGMENT ALLOCATION MAP

run origin  load origin   length   init length attrs members
----------  ----------- ---------- ----------- ----- -------
00000000    00000000    00009488   00009488    r-x
  00000000    00000000    000000e4   000000e4    r-- .intvecs
  000000e4    000000e4    00008f44   00008f44    r-x .text
  00009028    00009028    00000388   00000388    r-- .const
  000093b0    000093b0    000000d8   000000d8    r-- .cinit
20000000    20000000    0000032a   00000000    rw-
  20000000    20000000    000000e4   00000000    rw- .vtable
  200000e4    200000e4    00000174   00000000    rw- .bss
  20000258    20000258    000000d2   00000000    rw- .data
2000fe00    2000fe00    00000200   00000000    rw-
  2000fe00    2000fe00    00000200   00000000    rw- .stack


SECTION ALLOCATION MAP

 output                                  attributes/
section   page    origin      length       input sections
--------  ----  ----------  ----------   ----------------
.intvecs   0    00000000    000000e4     
                  00000000    000000e4     startup_msp432p401r_ccs.obj (.intvecs:retain)

.text      0    000000e4    00008f44     
                  000000e4    0000159c     flash.obj (.text)
                  00001680    00000d7c     cs.obj (.text)
                  000023fc    00000a5e     rtsv7M4_T_le_v4SPD16_eabi.lib : _printfi.c.obj (.text:__TI_printfi)
                  00002e5a    00000002                                   : div0.asm.obj (.text)
                  00002e5c    000009c0                                   : e_pow.c.obj (.text:pow)
                  0000381c    00000838     pcm.obj (.text)
                  00004054    000007fc     mpu6050.obj (.text)
                  00004850    00000798     timer_a.obj (.text)
                  00004fe8    0000053c     main.obj (.text)
                  00005524    00000508     rtc_c.obj (.text)
                  00005a2c    00000480     gpio.obj (.text)
                  00005eac    0000041c     uart.obj (.text)
                  000062c8    000003f0     interrupt.obj (.text)
                  000066b8    00000334     system_msp432p401r.obj (.text)
                  000069ec    000002ec     rtsv7M4_T_le_v4SPD16_eabi.lib : s_atan.c.obj (.text:atan)
                  00006cd8    000002ec     enc.obj (.text)
                  00006fc4    00000270     rtsv7M4_T_le_v4SPD16_eabi.lib : _printfi.c.obj (.text:_pconv_a)
                  00007234    00000244     i2c_cust.obj (.text)
                  00007478    00000244     sysctl.obj (.text)
                  000076bc    000001e8     motor.obj (.text)
                  000078a4    000001d8     rtsv7M4_T_le_v4SPD16_eabi.lib : e_atan2.c.obj (.text:atan2)
                  00007a7c    000001d0                                   : _printfi.c.obj (.text:_pconv_g)
                  00007c4c    000001b6                                   : fd_add_t2.asm.obj (.text)
                  00007e02    00000002     --HOLE-- [fill = 0]
                  00007e04    00000158                                   : e_sqrt.c.obj (.text:sqrt)
                  00007f5c    0000013c                                   : _printfi.c.obj (.text:_pconv_e)
                  00008098    00000136                                   : fd_div_t2.asm.obj (.text)
                  000081ce    00000002     --HOLE-- [fill = 0]
                  000081d0    00000124                                   : _printfi.c.obj (.text:fcvt)
                  000082f4    00000110                                   : s_scalbn.c.obj (.text:scalbn)
                  00008404    000000fc                                   : fd_mul_t2.asm.obj (.text)
                  00008500    000000d8     wdt_a.obj (.text)
                  000085d8    000000b8     uart_cust.obj (.text)
                  00008690    000000b1     rtsv7M4_T_le_v4SPD16_eabi.lib : _printfi.c.obj (.text:_ltostr)
                  00008741    00000001     --HOLE-- [fill = 0]
                  00008742    0000009c                                   : memcpy_t2.asm.obj (.text)
                  000087de    00000096                                   : ull_div_t2.asm.obj (.text)
                  00008874    00000088     util.obj (.text)
                  000088fc    00000086     rtsv7M4_T_le_v4SPD16_eabi.lib : fd_cmp_t2.asm.obj (.text:__aeabi_cdcmple)
                  00008982    00000086                                   : fd_cmp_t2.asm.obj (.text:__aeabi_cdrcmple)
                  00008a08    0000007a                                   : memset_t2.asm.obj (.text)
                  00008a82    0000006e                                   : _printfi.c.obj (.text:_mcpy)
                  00008af0    0000006e                                   : fd_tos_t2.asm.obj (.text)
                  00008b5e    00000068                                   : copy_decompress_lzss.c.obj (.text:decompress:lzss:__TI_decompress_lzss)
                  00008bc6    00000002     --HOLE-- [fill = 0]
                  00008bc8    00000064                                   : s_frexp.c.obj (.text:frexp)
                  00008c2c    00000056                                   : _printfi.c.obj (.text:_pconv_f)
                  00008c82    00000054                                   : ltoa.c.obj (.text:ltoa)
                  00008cd6    00000052                                   : _printfi.c.obj (.text:_ecpy)
                  00008d28    0000004c                                   : atoi.c.obj (.text:atoi)
                  00008d74    00000048                                   : fd_toi_t2.asm.obj (.text)
                  00008dbc    00000044                                   : autoinit.c.obj (.text:__TI_auto_init_nobinit_nopinit:__TI_auto_init_nobinit_nopinit)
                  00008e00    00000040                                   : sprintf.c.obj (.text:sprintf)
                  00008e40    0000003e                                   : _printfi.c.obj (.text:_fcpy)
                  00008e7e    0000003e     cpu.obj (.text)
                  00008ebc    00000038     rtsv7M4_T_le_v4SPD16_eabi.lib : boot_cortex_m.c.obj (.text:_c_int00_noargs:_c_int00_noargs)
                  00008ef4    00000038                                   : fs_tod_t2.asm.obj (.text)
                  00008f2c    0000002e                                   : i_tofd_t2.asm.obj (.text)
                  00008f5a    0000001c                                   : memccpy.c.obj (.text:memccpy)
                  00008f76    00000018                                   : sprintf.c.obj (.text:_outs)
                  00008f8e    00000016                                   : strchr.c.obj (.text:strchr)
                  00008fa4    00000014                                   : s_copysign.c.obj (.text:copysign)
                  00008fb8    00000014                                   : strlen.c.obj (.text:strlen)
                  00008fcc    00000012                                   : copy_zero_init.c.obj (.text:decompress:ZI:__TI_zero_init_nomemset:__TI_zero_init_nomemset)
                  00008fde    00000012                                   : wcslen.c.obj (.text:wcslen)
                  00008ff0    0000000e                                   : copy_decompress_none.c.obj (.text:decompress:none:__TI_decompress_none)
                  00008ffe    0000000e     startup_msp432p401r_ccs.obj (.text)
                  0000900c    0000000a     rtsv7M4_T_le_v4SPD16_eabi.lib : sprintf.c.obj (.text:_outc)
                  00009016    00000002     --HOLE-- [fill = 0]
                  00009018    00000008                                   : errno.c.obj (.text:__aeabi_errno_addr)
                  00009020    00000004                                   : pre_init.c.obj (.text:_system_pre_init)
                  00009024    00000004                                   : exit.c.obj (.text:abort:abort)

.const     0    00009028    00000388     
                  00009028    00000101     rtsv7M4_T_le_v4SPD16_eabi.lib : ctype.c.obj (.const:.string:_ctypes_)
                  00009129    00000007     --HOLE-- [fill = 0]
                  00009130    00000098                                   : s_atan.c.obj (.const:$O1$$)
                  000091c8    00000054     enc.obj (.const:lpfCoeffs$1)
                  0000921c    00000050     interrupt.obj (.const:g_pulRegs)
                  0000926c    00000004     --HOLE-- [fill = 0]
                  00009270    00000030     rtsv7M4_T_le_v4SPD16_eabi.lib : e_pow.c.obj (.const:$O1$$)
                  000092a0    00000024     main.obj (.const:$P$T5$6)
                  000092c4    00000020     interrupt.obj (.const:g_pulPriority)
                  000092e4    0000001c     gpio.obj (.const:GPIO_PORT_TO_INT)
                  00009300    00000018     main.obj (.const:$P$T0$1)
                  00009318    00000018     main.obj (.const:$P$T1$2)
                  00009330    00000018     main.obj (.const:$P$T2$3)
                  00009348    00000018     main.obj (.const:$P$T3$4)
                  00009360    00000018     main.obj (.const:$P$T4$5)
                  00009378    0000000c     mpu6050.obj (.const:$P$T0$2)
                  00009384    0000000c     mpu6050.obj (.const:$P$T1$3)
                  00009390    00000008     interrupt.obj (.const:g_pulDisRegs)
                  00009398    00000008     interrupt.obj (.const:g_pulEnRegs)
                  000093a0    00000008     interrupt.obj (.const:g_pulPendRegs)
                  000093a8    00000008     interrupt.obj (.const:g_pulUnpendRegs)

.cinit     0    000093b0    000000d8     
                  000093b0    000000a0     (.cinit..data.load) [load image, compression = lzss]
                  00009450    0000000c     (__TI_handler_table)
                  0000945c    00000004     --HOLE-- [fill = 0]
                  00009460    00000008     (.cinit..bss.load) [load image, compression = zero_init]
                  00009468    00000008     (.cinit..vtable.load) [load image, compression = zero_init]
                  00009470    00000018     (__TI_cinit_table)

.init_array 
*          0    00000000    00000000     UNINITIALIZED

.binit     0    00000000    00000000     

.vtable    0    20000000    000000e4     UNINITIALIZED
                  20000000    000000e4     interrupt.obj (.vtable)

.bss       0    200000e4    00000174     UNINITIALIZED
                  200000e4    00000068     (.common:g_enc_l)
                  2000014c    00000068     (.common:g_enc_r)
                  200001b4    00000068     (.common:g_imu)
                  2000021c    00000024     main.obj (.bss:data$9)
                  20000240    0000000c     mpu6050.obj (.bss:ang_vel_prev$1)
                  2000024c    00000008     cs.obj (.bss)
                  20000254    00000004     main.obj (.bss)

.data      0    20000258    000000d2     UNINITIALIZED
                  20000258    00000040     flash.obj (.data:__getBurstProgramRegs)
                  20000298    00000030     gpio.obj (.data:GPIO_PORT_TO_BASE)
                  200002c8    00000024     main.obj (.data:g_motor_l)
                  200002ec    00000024     main.obj (.data:g_motor_r)
                  20000310    00000010     main.obj (.data:k_lqr$8)
                  20000320    00000004     rtsv7M4_T_le_v4SPD16_eabi.lib : errno.c.obj (.data)
                  20000324    00000004     system_msp432p401r.obj (.data)
                  20000328    00000002     main.obj (.data)

.stack     0    2000fe00    00000200     UNINITIALIZED
                  2000fe00    00000004     rtsv7M4_T_le_v4SPD16_eabi.lib : boot_cortex_m.c.obj (.stack)
                  2000fe04    000001fc     --HOLE--

MODULE SUMMARY

       Module                        code    ro data   rw data
       ------                        ----    -------   -------
    .\
       main.obj                      1340    156       884    
       mpu6050.obj                   2044    24        24     
       enc.obj                       748     84        0      
       system_msp432p401r.obj        820     0         8      
       i2c_cust.obj                  580     0         0      
       motor.obj                     488     0         0      
       startup_msp432p401r_ccs.obj   14      228       0      
       uart_cust.obj                 184     0         0      
       util.obj                      136     0         0      
    +--+-----------------------------+-------+---------+---------+
       Total:                        6354    492       916    
                                                              
    .\driverlib\MSP432P4xx\
       flash.obj                     5532    0         128    
       cs.obj                        3452    0         16     
       pcm.obj                       2104    0         0      
       timer_a.obj                   1944    0         0      
       interrupt.obj                 1008    144       456    
       rtc_c.obj                     1288    0         0      
       gpio.obj                      1152    28        96     
       uart.obj                      1052    0         0      
       sysctl.obj                    580     0         0      
       wdt_a.obj                     216     0         0      
       cpu.obj                       62      0         0      
    +--+-----------------------------+-------+---------+---------+
       Total:                        18390   172       696    
                                                              
    C:\ti\ccsv8\tools\compiler\ti-cgt-arm_18.1.5.LTS\lib\rtsv7M4_T_le_v4SPD16_eabi.lib
       _printfi.c.obj                4867    0         0      
       e_pow.c.obj                   2496    48        0      
       s_atan.c.obj                  748     152       0      
       e_atan2.c.obj                 472     0         0      
       fd_add_t2.asm.obj             438     0         0      
       e_sqrt.c.obj                  344     0         0      
       fd_div_t2.asm.obj             310     0         0      
       s_scalbn.c.obj                272     0         0      
       fd_cmp_t2.asm.obj             268     0         0      
       ctype.c.obj                   0       257       0      
       fd_mul_t2.asm.obj             252     0         0      
       memcpy_t2.asm.obj             156     0         0      
       ull_div_t2.asm.obj            150     0         0      
       memset_t2.asm.obj             122     0         0      
       fd_tos_t2.asm.obj             110     0         0      
       copy_decompress_lzss.c.obj    104     0         0      
       s_frexp.c.obj                 100     0         0      
       sprintf.c.obj                 98      0         0      
       ltoa.c.obj                    84      0         0      
       atoi.c.obj                    76      0         0      
       fd_toi_t2.asm.obj             72      0         0      
       autoinit.c.obj                68      0         0      
       boot_cortex_m.c.obj           56      0         0      
       fs_tod_t2.asm.obj             56      0         0      
       i_tofd_t2.asm.obj             46      0         0      
       memccpy.c.obj                 28      0         0      
       strchr.c.obj                  22      0         0      
       s_copysign.c.obj              20      0         0      
       strlen.c.obj                  20      0         0      
       copy_zero_init.c.obj          18      0         0      
       wcslen.c.obj                  18      0         0      
       errno.c.obj                   8       0         8      
       copy_decompress_none.c.obj    14      0         0      
       exit.c.obj                    4       0         0      
       pre_init.c.obj                4       0         0      
       div0.asm.obj                  2       0         0      
    +--+-----------------------------+-------+---------+---------+
       Total:                        11923   457       8      
                                                              
       Stack:                        0       0         1024   
       Linker Generated:             0       212       0      
    +--+-----------------------------+-------+---------+---------+
       Grand Total:                  36667   1333      2644   


LINKER GENERATED COPY TABLES

__TI_cinit_table @ 00009470 records: 3, size/record: 8, table size: 24
	.data: load addr=000093b0, load size=000000a0 bytes, run addr=20000258, run size=000000d2 bytes, compression=lzss
	.bss: load addr=00009460, load size=00000008 bytes, run addr=200000e4, run size=00000174 bytes, compression=zero_init
	.vtable: load addr=00009468, load size=00000008 bytes, run addr=20000000, run size=000000e4 bytes, compression=zero_init


LINKER GENERATED HANDLER TABLE

__TI_handler_table @ 00009450 records: 3, size/record: 4, table size: 12
	index: 0, handler: __TI_zero_init
	index: 1, handler: __TI_decompress_lzss
	index: 2, handler: __TI_decompress_none


GLOBAL SYMBOLS: SORTED ALPHABETICALLY BY Name 

address   name                                           
-------   ----                                           
0000900b  ADC14_IRQHandler                               
0000900b  AES256_IRQHandler                              
0000900b  BusFault_Handler                               
00009025  C$$EXIT                                        
0000900b  COMP_E0_IRQHandler                             
0000900b  COMP_E1_IRQHandler                             
00008eb3  CPU_basepriGet                                 
00008ea5  CPU_basepriSet                                 
00008e7f  CPU_cpsid                                      
00008e95  CPU_cpsie                                      
00008e8b  CPU_primask                                    
00008ea1  CPU_wfi                                        
0000900b  CS_IRQHandler                                  
00002381  CS_clearInterruptFlag                          
00001c29  CS_disableClockRequest                         
00001d0f  CS_disableDCOExternalResistor                  
00002255  CS_disableFaultCounter                         
0000233f  CS_disableInterrupt                            
00001c01  CS_enableClockRequest                          
00001c71  CS_enableDCOExternalResistor                   
00002229  CS_enableFaultCounter                          
0000231d  CS_enableInterrupt                             
000021c1  CS_getACLK                                     
00002181  CS_getBCLK                                     
00001e09  CS_getDCOFrequency                             
00002367  CS_getEnabledInterruptStatus                   
0000219d  CS_getHSMCLK                                   
00002361  CS_getInterruptStatus                          
00002207  CS_getMCLK                                     
000021e5  CS_getSMCLK                                    
00001921  CS_initClockSignal                             
000023a3  CS_registerInterrupt                           
00002281  CS_resetFaultCounter                           
00001d2d  CS_setDCOCenteredFrequency                     
00001c99  CS_setDCOExternalResistorCalibration           
00001fa9  CS_setDCOFrequency                             
000018e5  CS_setExternalClockSourceFrequency             
00001c4b  CS_setReferenceOscillatorFrequency             
000022cd  CS_startFaultCounter                           
00001a25  CS_startHFXT                                   
00001a49  CS_startHFXTWithTimeout                        
00001b0d  CS_startLFXT                                   
00001b31  CS_startLFXTWithTimeout                        
00001d65  CS_tuneDCOFrequency                            
000023b7  CS_unregisterInterrupt                         
0000900b  DMA_ERR_IRQHandler                             
0000900b  DMA_INT0_IRQHandler                            
0000900b  DMA_INT1_IRQHandler                            
0000900b  DMA_INT2_IRQHandler                            
0000900b  DMA_INT3_IRQHandler                            
0000900b  DebugMon_Handler                               
0000900b  Default_Handler                                
0000900b  EUSCIA0_IRQHandler                             
0000900b  EUSCIA1_IRQHandler                             
0000900b  EUSCIA2_IRQHandler                             
0000900b  EUSCIA3_IRQHandler                             
0000900b  EUSCIB0_IRQHandler                             
0000900b  EUSCIB1_IRQHandler                             
0000900b  EUSCIB2_IRQHandler                             
0000900b  EUSCIB3_IRQHandler                             
000052a1  EncGPIO_Config                                 
00006ecb  Enc_calcAngle                                  
00006cd9  Enc_init                                       
00006d49  Enc_update                                     
0000900b  FLCTL_IRQHandler                               
0000900b  FPU_IRQHandler                                 
0000112f  FlashCtl_clearInterruptFlag                    
00000ff3  FlashCtl_clearProgramVerification              
00001105  FlashCtl_disableInterrupt                      
00000661  FlashCtl_disableReadBuffering                  
0000105d  FlashCtl_disableWordProgramming                
000010f1  FlashCtl_enableInterrupt                       
0000060d  FlashCtl_enableReadBuffering                   
0000102d  FlashCtl_enableWordProgramming                 
00000c8d  FlashCtl_eraseSector                           
0000111f  FlashCtl_getEnabledInterruptStatus             
00001119  FlashCtl_getInterruptStatus                    
0000028f  FlashCtl_getMemoryInfo                         
00000af1  FlashCtl_getReadMode                           
000010c3  FlashCtl_getWaitState                          
00000b1b  FlashCtl_initiateMassErase                     
00000db1  FlashCtl_initiateSectorErase                   
00000791  FlashCtl_isSectorProtected                     
00001069  FlashCtl_isWordProgrammingEnabled              
00000b41  FlashCtl_performMassErase                      
00000e49  FlashCtl_programMemory                         
00000731  FlashCtl_protectSector                         
00001143  FlashCtl_registerInterrupt                     
00000fb9  FlashCtl_setProgramVerification                
00000a85  FlashCtl_setReadMode                           
00001085  FlashCtl_setWaitState                          
000006c1  FlashCtl_unprotectSector                       
00001157  FlashCtl_unregisterInterrupt                   
0000081d  FlashCtl_verifyMemory                          
00005d4f  GPIO_clearInterruptFlag                        
00005d0f  GPIO_disableInterrupt                          
00005ced  GPIO_enableInterrupt                           
00005da7  GPIO_getEnabledInterruptStatus                 
00005cbf  GPIO_getInputPinValue                          
00005d31  GPIO_getInterruptStatus                        
00005d71  GPIO_interruptEdgeSelect                       
00005e67  GPIO_registerInterrupt                         
00005a67  GPIO_setAsInputPin                             
00005c1b  GPIO_setAsInputPinWithPullDownResistor         
00005c6d  GPIO_setAsInputPinWithPullUpResistor           
00005a2d  GPIO_setAsOutputPin                            
00005b31  GPIO_setAsPeripheralModuleFunctionInputPin     
00005aad  GPIO_setAsPeripheralModuleFunctionOutputPin    
00005e23  GPIO_setDriveStrengthHigh                      
00005e45  GPIO_setDriveStrengthLow                       
00005bb5  GPIO_setOutputHighOnPin                        
00005bd7  GPIO_setOutputLowOnPin                         
00005bf9  GPIO_toggleOutputOnPin                         
00005e87  GPIO_unregisterInterrupt                       
0000900b  HardFault_Handler                              
00007373  I2Cc_burstRead2                                
000072c7  I2Cc_read                                      
00007235  I2Cc_write                                     
000042e1  IMU_calcAngleAccel                             
00004401  IMU_calcAngleFused                             
0000420b  IMU_calcAngleGyro                              
00004501  IMU_calibrate                                  
00004055  IMU_init                                       
00004171  IMU_readVals                                   
0000648b  Interrupt_disableInterrupt                     
000062db  Interrupt_disableMaster                        
00006689  Interrupt_disableSleepOnIsrExit                
00006419  Interrupt_enableInterrupt                      
000062cb  Interrupt_enableMaster                         
00006677  Interrupt_enableSleepOnIsrExit                 
000063f3  Interrupt_getPriority                          
0000636b  Interrupt_getPriorityGrouping                  
00006657  Interrupt_getPriorityMask                      
00006671  Interrupt_getVectorTableAddress                
000064fd  Interrupt_isEnabled                            
00006589  Interrupt_pendInterrupt                        
000062eb  Interrupt_registerInterrupt                    
000063a3  Interrupt_setPriority                          
00006351  Interrupt_setPriorityGrouping                  
00006647  Interrupt_setPriorityMask                      
00006661  Interrupt_setVectorTableAddress                
000065f9  Interrupt_unpendInterrupt                      
0000633d  Interrupt_unregisterInterrupt                  
00008875  LED2_set                                       
0000900b  MemManage_Handler                              
000076bd  Motor_velUpdate                                
0000900b  NMI_Handler                                    
0000900b  PCM_IRQHandler                                 
00003ff7  PCM_clearInterruptFlag                         
00003fcd  PCM_disableInterrupt                           
00003fa5  PCM_disableRudeMode                            
00003fb9  PCM_enableInterrupt                            
00003f93  PCM_enableRudeMode                             
0000399f  PCM_getCoreVoltageLevel                        
00003fe7  PCM_getEnabledInterruptStatus                  
00003fe1  PCM_getInterruptStatus                         
00003945  PCM_getPowerMode                               
00003f87  PCM_getPowerState                              
00003eb9  PCM_gotoLPM0                                   
00003ed7  PCM_gotoLPM0InterruptSafe                      
00003ef3  PCM_gotoLPM3                                   
00003f6b  PCM_gotoLPM3InterruptSafe                      
00003e8d  PCM_gotoLPM4                                   
00003e9d  PCM_gotoLPM4InterruptSafe                      
0000400b  PCM_registerInterrupt                          
00003913  PCM_setCoreVoltageLevel                        
00003935  PCM_setCoreVoltageLevelNonBlocking             
00003923  PCM_setCoreVoltageLevelWithTimeout             
00003b45  PCM_setPowerMode                               
00003b55  PCM_setPowerModeNonBlocking                    
00003b65  PCM_setPowerModeWithTimeout                    
00003e17  PCM_setPowerState                              
00003e39  PCM_setPowerStateNonBlocking                   
00003e27  PCM_setPowerStateWithTimeout                   
00003e49  PCM_shutdownDevice                             
0000401f  PCM_unregisterInterrupt                        
0000900b  PORT1_IRQHandler                               
0000900b  PORT2_IRQHandler                               
00005273  PORT3_IRQHandler                               
00005273  PORT3_IRQHandler                               
0000900b  PORT4_IRQHandler                               
0000900b  PORT5_IRQHandler                               
0000900b  PORT6_IRQHandler                               
0000900b  PSS_IRQHandler                                 
0000900b  PendSV_Handler                                 
0000900b  RTC_C_IRQHandler                               
00005981  RTC_C_clearInterruptFlag                       
000057cb  RTC_C_convertBCDToBinary                       
000057e3  RTC_C_convertBinaryToBCD                       
00005727  RTC_C_definePrescaleEvent                      
00005851  RTC_C_disableInterrupt                         
000057fb  RTC_C_enableInterrupt                          
00005659  RTC_C_getCalendarTime                          
00005921  RTC_C_getEnabledInterruptStatus                
000058b9  RTC_C_getInterruptStatus                       
0000574f  RTC_C_getPrescaleValue                         
00005543  RTC_C_holdClock                                
000055e7  RTC_C_initCalendar                             
000059c7  RTC_C_registerInterrupt                        
000056bf  RTC_C_setCalendarAlarm                         
000056f7  RTC_C_setCalendarEvent                         
00005591  RTC_C_setCalibrationData                       
00005561  RTC_C_setCalibrationFrequency                  
0000577b  RTC_C_setPrescaleValue                         
000055bd  RTC_C_setTemperatureCompensation               
00005525  RTC_C_startClock                               
000059e5  RTC_C_unregisterInterrupt                      
00008fff  Reset_Handler                                  
0000900b  SVC_Handler                                    
0000766b  SysCtl_disableGlitchFilter                     
000074fb  SysCtl_disableNMISource                        
00007603  SysCtl_disablePeripheralAtCPUHalt              
00007545  SysCtl_disableSRAMBank                         
000075c9  SysCtl_disableSRAMBankRetention                
0000765f  SysCtl_enableGlitchFilter                      
0000750f  SysCtl_enableNMISource                         
000075ef  SysCtl_enablePeripheralAtCPUHalt               
00007529  SysCtl_enableSRAMBank                          
000075ad  SysCtl_enableSRAMBankRetention                 
000074f5  SysCtl_getFlashSize                            
00007523  SysCtl_getNMISourceStatus                      
000074ef  SysCtl_getSRAMSize                             
00007479  SysCtl_getTLVInfo                              
00007677  SysCtl_getTempCalibrationConstant              
000075e5  SysCtl_rebootDevice                            
0000763b  SysCtl_setWDTPasswordViolationResetType        
00007617  SysCtl_setWDTTimeoutResetType                  
0000900b  SysTick_Handler                                
20000324  SystemCoreClock                                
000066b9  SystemCoreClockUpdate                          
00006931  SystemInit                                     
0000900b  T32_INT1_IRQHandler                            
0000900b  T32_INT2_IRQHandler                            
0000900b  T32_INTC_IRQHandler                            
0000900b  TA0_0_IRQHandler                               
0000900b  TA0_N_IRQHandler                               
00005213  TA1_0_IRQHandler                               
00005213  TA1_0_IRQHandler                               
0000900b  TA1_N_IRQHandler                               
0000900b  TA2_0_IRQHandler                               
0000900b  TA2_N_IRQHandler                               
0000900b  TA3_0_IRQHandler                               
0000900b  TA3_N_IRQHandler                               
00004d1b  Timer_A_clearCaptureCompareInterrupt           
00004d05  Timer_A_clearInterruptFlag                     
00004b83  Timer_A_clearTimer                             
000049ab  Timer_A_configureContinuousMode                
00004a39  Timer_A_configureUpDownMode                    
000049db  Timer_A_configureUpMode                        
00004da9  Timer_A_disableCaptureCompareInterrupt         
00004d57  Timer_A_disableInterrupt                       
00004d7d  Timer_A_enableCaptureCompareInterrupt          
00004d43  Timer_A_enableInterrupt                        
00004c4f  Timer_A_generatePWM                            
00004bf5  Timer_A_getCaptureCompareCount                 
00004e11  Timer_A_getCaptureCompareEnabledInterruptStatus
00004dd1  Timer_A_getCaptureCompareInterruptStatus       
00004b37  Timer_A_getCounterValue                        
00004df9  Timer_A_getEnabledInterruptStatus              
00004d6b  Timer_A_getInterruptStatus                     
00004bc7  Timer_A_getOutputForOutputModeOutBitValue      
00004b97  Timer_A_getSynchronizedCaptureCompareInput     
00004a97  Timer_A_initCapture                            
00004ae9  Timer_A_initCompare                            
00004e4d  Timer_A_registerInterrupt                      
00004cd9  Timer_A_setCompareValue                        
00004c17  Timer_A_setOutputForOutputModeOutBitValue      
00004995  Timer_A_startCounter                           
00004cc5  Timer_A_stopTimer                              
00004f1f  Timer_A_unregisterInterrupt                    
000061c1  UART_clearInterruptFlag                        
00006119  UART_disableInterrupt                          
00005ffb  UART_disableModule                             
000060e9  UART_enableInterrupt                           
00005fe5  UART_enableModule                              
00006165  UART_getEnabledInterruptStatus                 
00006149  UART_getInterruptStatus                        
000060b1  UART_getReceiveBufferAddressForDMA             
000060bf  UART_getTransmitBufferAddressForDMA            
00005ead  UART_initModule                                
00006011  UART_queryStatusFlags                          
00005fbf  UART_receiveData                               
000061e1  UART_registerInterrupt                         
00006039  UART_resetDormant                              
000060cd  UART_selectDeglitchTime                        
00006025  UART_setDormant                                
0000604d  UART_transmitAddress                           
0000606b  UART_transmitBreak                             
00005f95  UART_transmitData                              
0000625d  UART_unregisterInterrupt                       
000085d9  UARTc_sendFloatArray                           
0000900b  UsageFault_Handler                             
4000480c  WDTCTL_SYM                                     
0000900b  WDT_A_IRQHandler                               
00008541  WDT_A_clearTimer                               
00008501  WDT_A_holdTimer                                
0000857d  WDT_A_initIntervalTimer                        
00008561  WDT_A_initWatchdogTimer                        
000085b1  WDT_A_registerInterrupt                        
00008599  WDT_A_setPasswordViolationReset                
000085a5  WDT_A_setTimeoutReset                          
00008521  WDT_A_startTimer                               
000085c5  WDT_A_unregisterInterrupt                      
0000155b  __FlashCtl_remaskBurstDataPost                 
00001441  __FlashCtl_remaskBurstDataPre                  
00001285  __FlashCtl_remaskData32Post                    
00001369  __FlashCtl_remaskData32Pre                     
00001167  __FlashCtl_remaskData8Post                     
000011e7  __FlashCtl_remaskData8Pre                      
20010000  __STACK_END                                    
00000200  __STACK_SIZE                                   
00009470  __TI_CINIT_Base                                
00009488  __TI_CINIT_Limit                               
00009450  __TI_Handler_Table_Base                        
0000945c  __TI_Handler_Table_Limit                       
00008dbd  __TI_auto_init_nobinit_nopinit                 
00008b5f  __TI_decompress_lzss                           
00008ff1  __TI_decompress_none                           
ffffffff  __TI_pprof_out_hndl                            
000023fd  __TI_printfi                                   
ffffffff  __TI_prof_data_size                            
ffffffff  __TI_prof_data_start                           
00000000  __TI_static_base__                             
00008fcd  __TI_zero_init_nomemset                        
000088fd  __aeabi_cdcmpeq                                
000088fd  __aeabi_cdcmple                                
00008983  __aeabi_cdrcmple                               
00008af1  __aeabi_d2f                                    
00008d75  __aeabi_d2iz                                   
00007c57  __aeabi_dadd                                   
00008099  __aeabi_ddiv                                   
00008405  __aeabi_dmul                                   
00007c4d  __aeabi_dsub                                   
00009019  __aeabi_errno_addr                             
00008ef5  __aeabi_f2d                                    
00008f2d  __aeabi_i2d                                    
00002e5b  __aeabi_idiv0                                  
00002e5b  __aeabi_ldiv0                                  
00008a09  __aeabi_memclr                                 
00008a09  __aeabi_memclr4                                
00008a09  __aeabi_memclr8                                
00008743  __aeabi_memcpy                                 
00008743  __aeabi_memcpy4                                
00008743  __aeabi_memcpy8                                
00008a0b  __aeabi_memset                                 
00008a0b  __aeabi_memset4                                
00008a0b  __aeabi_memset8                                
000087df  __aeabi_uldivmod                               
ffffffff  __binit__                                      
ffffffff  __c_args__                                     
UNDEFED   __mpu_init                                     
2000fe00  __stack                                        
00008ebd  _c_int00_noargs                                
00009028  _ctypes_                                       
UNDEFED   _system_post_cinit                             
00009021  _system_pre_init                               
00009025  abort                                          
000069ed  atan                                           
000078a5  atan2                                          
000078a5  atan2l                                         
000069ed  atanl                                          
00008d29  atoi                                           
ffffffff  binit                                          
00008fa5  copysign                                       
00008fa5  copysignl                                      
000088b9  delayMs                                        
20000320  errno                                          
00008bc9  frexp                                          
00008bc9  frexpl                                         
200000e4  g_enc_l                                        
2000014c  g_enc_r                                        
20000328  g_flag_imu_read                                
20000329  g_flag_transmit                                
200001b4  g_imu                                          
200002c8  g_motor_l                                      
200002ec  g_motor_r                                      
20000000  g_pfnRAMVectors                                
00000000  interruptVectors                               
000082f5  ldexp                                          
000082f5  ldexpl                                         
00008c83  ltoa                                           
00004fe9  main                                           
00008f5b  memccpy                                        
00008743  memcpy                                         
00008a11  memset                                         
00002e5d  pow                                            
00002e5d  powl                                           
00005451  recordData                                     
000082f5  scalbn                                         
000082f5  scalbnl                                        
00008e01  sprintf                                        
00007e05  sqrt                                           
00007e05  sqrtl                                          
00008f8f  strchr                                         
00008fb9  strlen                                         
00005345  updateControl                                  
00008fdf  wcslen                                         


GLOBAL SYMBOLS: SORTED BY Symbol Address 

address   name                                           
-------   ----                                           
00000000  __TI_static_base__                             
00000000  interruptVectors                               
00000200  __STACK_SIZE                                   
0000028f  FlashCtl_getMemoryInfo                         
0000060d  FlashCtl_enableReadBuffering                   
00000661  FlashCtl_disableReadBuffering                  
000006c1  FlashCtl_unprotectSector                       
00000731  FlashCtl_protectSector                         
00000791  FlashCtl_isSectorProtected                     
0000081d  FlashCtl_verifyMemory                          
00000a85  FlashCtl_setReadMode                           
00000af1  FlashCtl_getReadMode                           
00000b1b  FlashCtl_initiateMassErase                     
00000b41  FlashCtl_performMassErase                      
00000c8d  FlashCtl_eraseSector                           
00000db1  FlashCtl_initiateSectorErase                   
00000e49  FlashCtl_programMemory                         
00000fb9  FlashCtl_setProgramVerification                
00000ff3  FlashCtl_clearProgramVerification              
0000102d  FlashCtl_enableWordProgramming                 
0000105d  FlashCtl_disableWordProgramming                
00001069  FlashCtl_isWordProgrammingEnabled              
00001085  FlashCtl_setWaitState                          
000010c3  FlashCtl_getWaitState                          
000010f1  FlashCtl_enableInterrupt                       
00001105  FlashCtl_disableInterrupt                      
00001119  FlashCtl_getInterruptStatus                    
0000111f  FlashCtl_getEnabledInterruptStatus             
0000112f  FlashCtl_clearInterruptFlag                    
00001143  FlashCtl_registerInterrupt                     
00001157  FlashCtl_unregisterInterrupt                   
00001167  __FlashCtl_remaskData8Post                     
000011e7  __FlashCtl_remaskData8Pre                      
00001285  __FlashCtl_remaskData32Post                    
00001369  __FlashCtl_remaskData32Pre                     
00001441  __FlashCtl_remaskBurstDataPre                  
0000155b  __FlashCtl_remaskBurstDataPost                 
000018e5  CS_setExternalClockSourceFrequency             
00001921  CS_initClockSignal                             
00001a25  CS_startHFXT                                   
00001a49  CS_startHFXTWithTimeout                        
00001b0d  CS_startLFXT                                   
00001b31  CS_startLFXTWithTimeout                        
00001c01  CS_enableClockRequest                          
00001c29  CS_disableClockRequest                         
00001c4b  CS_setReferenceOscillatorFrequency             
00001c71  CS_enableDCOExternalResistor                   
00001c99  CS_setDCOExternalResistorCalibration           
00001d0f  CS_disableDCOExternalResistor                  
00001d2d  CS_setDCOCenteredFrequency                     
00001d65  CS_tuneDCOFrequency                            
00001e09  CS_getDCOFrequency                             
00001fa9  CS_setDCOFrequency                             
00002181  CS_getBCLK                                     
0000219d  CS_getHSMCLK                                   
000021c1  CS_getACLK                                     
000021e5  CS_getSMCLK                                    
00002207  CS_getMCLK                                     
00002229  CS_enableFaultCounter                          
00002255  CS_disableFaultCounter                         
00002281  CS_resetFaultCounter                           
000022cd  CS_startFaultCounter                           
0000231d  CS_enableInterrupt                             
0000233f  CS_disableInterrupt                            
00002361  CS_getInterruptStatus                          
00002367  CS_getEnabledInterruptStatus                   
00002381  CS_clearInterruptFlag                          
000023a3  CS_registerInterrupt                           
000023b7  CS_unregisterInterrupt                         
000023fd  __TI_printfi                                   
00002e5b  __aeabi_idiv0                                  
00002e5b  __aeabi_ldiv0                                  
00002e5d  pow                                            
00002e5d  powl                                           
00003913  PCM_setCoreVoltageLevel                        
00003923  PCM_setCoreVoltageLevelWithTimeout             
00003935  PCM_setCoreVoltageLevelNonBlocking             
00003945  PCM_getPowerMode                               
0000399f  PCM_getCoreVoltageLevel                        
00003b45  PCM_setPowerMode                               
00003b55  PCM_setPowerModeNonBlocking                    
00003b65  PCM_setPowerModeWithTimeout                    
00003e17  PCM_setPowerState                              
00003e27  PCM_setPowerStateWithTimeout                   
00003e39  PCM_setPowerStateNonBlocking                   
00003e49  PCM_shutdownDevice                             
00003e8d  PCM_gotoLPM4                                   
00003e9d  PCM_gotoLPM4InterruptSafe                      
00003eb9  PCM_gotoLPM0                                   
00003ed7  PCM_gotoLPM0InterruptSafe                      
00003ef3  PCM_gotoLPM3                                   
00003f6b  PCM_gotoLPM3InterruptSafe                      
00003f87  PCM_getPowerState                              
00003f93  PCM_enableRudeMode                             
00003fa5  PCM_disableRudeMode                            
00003fb9  PCM_enableInterrupt                            
00003fcd  PCM_disableInterrupt                           
00003fe1  PCM_getInterruptStatus                         
00003fe7  PCM_getEnabledInterruptStatus                  
00003ff7  PCM_clearInterruptFlag                         
0000400b  PCM_registerInterrupt                          
0000401f  PCM_unregisterInterrupt                        
00004055  IMU_init                                       
00004171  IMU_readVals                                   
0000420b  IMU_calcAngleGyro                              
000042e1  IMU_calcAngleAccel                             
00004401  IMU_calcAngleFused                             
00004501  IMU_calibrate                                  
00004995  Timer_A_startCounter                           
000049ab  Timer_A_configureContinuousMode                
000049db  Timer_A_configureUpMode                        
00004a39  Timer_A_configureUpDownMode                    
00004a97  Timer_A_initCapture                            
00004ae9  Timer_A_initCompare                            
00004b37  Timer_A_getCounterValue                        
00004b83  Timer_A_clearTimer                             
00004b97  Timer_A_getSynchronizedCaptureCompareInput     
00004bc7  Timer_A_getOutputForOutputModeOutBitValue      
00004bf5  Timer_A_getCaptureCompareCount                 
00004c17  Timer_A_setOutputForOutputModeOutBitValue      
00004c4f  Timer_A_generatePWM                            
00004cc5  Timer_A_stopTimer                              
00004cd9  Timer_A_setCompareValue                        
00004d05  Timer_A_clearInterruptFlag                     
00004d1b  Timer_A_clearCaptureCompareInterrupt           
00004d43  Timer_A_enableInterrupt                        
00004d57  Timer_A_disableInterrupt                       
00004d6b  Timer_A_getInterruptStatus                     
00004d7d  Timer_A_enableCaptureCompareInterrupt          
00004da9  Timer_A_disableCaptureCompareInterrupt         
00004dd1  Timer_A_getCaptureCompareInterruptStatus       
00004df9  Timer_A_getEnabledInterruptStatus              
00004e11  Timer_A_getCaptureCompareEnabledInterruptStatus
00004e4d  Timer_A_registerInterrupt                      
00004f1f  Timer_A_unregisterInterrupt                    
00004fe9  main                                           
00005213  TA1_0_IRQHandler                               
00005213  TA1_0_IRQHandler                               
00005273  PORT3_IRQHandler                               
00005273  PORT3_IRQHandler                               
000052a1  EncGPIO_Config                                 
00005345  updateControl                                  
00005451  recordData                                     
00005525  RTC_C_startClock                               
00005543  RTC_C_holdClock                                
00005561  RTC_C_setCalibrationFrequency                  
00005591  RTC_C_setCalibrationData                       
000055bd  RTC_C_setTemperatureCompensation               
000055e7  RTC_C_initCalendar                             
00005659  RTC_C_getCalendarTime                          
000056bf  RTC_C_setCalendarAlarm                         
000056f7  RTC_C_setCalendarEvent                         
00005727  RTC_C_definePrescaleEvent                      
0000574f  RTC_C_getPrescaleValue                         
0000577b  RTC_C_setPrescaleValue                         
000057cb  RTC_C_convertBCDToBinary                       
000057e3  RTC_C_convertBinaryToBCD                       
000057fb  RTC_C_enableInterrupt                          
00005851  RTC_C_disableInterrupt                         
000058b9  RTC_C_getInterruptStatus                       
00005921  RTC_C_getEnabledInterruptStatus                
00005981  RTC_C_clearInterruptFlag                       
000059c7  RTC_C_registerInterrupt                        
000059e5  RTC_C_unregisterInterrupt                      
00005a2d  GPIO_setAsOutputPin                            
00005a67  GPIO_setAsInputPin                             
00005aad  GPIO_setAsPeripheralModuleFunctionOutputPin    
00005b31  GPIO_setAsPeripheralModuleFunctionInputPin     
00005bb5  GPIO_setOutputHighOnPin                        
00005bd7  GPIO_setOutputLowOnPin                         
00005bf9  GPIO_toggleOutputOnPin                         
00005c1b  GPIO_setAsInputPinWithPullDownResistor         
00005c6d  GPIO_setAsInputPinWithPullUpResistor           
00005cbf  GPIO_getInputPinValue                          
00005ced  GPIO_enableInterrupt                           
00005d0f  GPIO_disableInterrupt                          
00005d31  GPIO_getInterruptStatus                        
00005d4f  GPIO_clearInterruptFlag                        
00005d71  GPIO_interruptEdgeSelect                       
00005da7  GPIO_getEnabledInterruptStatus                 
00005e23  GPIO_setDriveStrengthHigh                      
00005e45  GPIO_setDriveStrengthLow                       
00005e67  GPIO_registerInterrupt                         
00005e87  GPIO_unregisterInterrupt                       
00005ead  UART_initModule                                
00005f95  UART_transmitData                              
00005fbf  UART_receiveData                               
00005fe5  UART_enableModule                              
00005ffb  UART_disableModule                             
00006011  UART_queryStatusFlags                          
00006025  UART_setDormant                                
00006039  UART_resetDormant                              
0000604d  UART_transmitAddress                           
0000606b  UART_transmitBreak                             
000060b1  UART_getReceiveBufferAddressForDMA             
000060bf  UART_getTransmitBufferAddressForDMA            
000060cd  UART_selectDeglitchTime                        
000060e9  UART_enableInterrupt                           
00006119  UART_disableInterrupt                          
00006149  UART_getInterruptStatus                        
00006165  UART_getEnabledInterruptStatus                 
000061c1  UART_clearInterruptFlag                        
000061e1  UART_registerInterrupt                         
0000625d  UART_unregisterInterrupt                       
000062cb  Interrupt_enableMaster                         
000062db  Interrupt_disableMaster                        
000062eb  Interrupt_registerInterrupt                    
0000633d  Interrupt_unregisterInterrupt                  
00006351  Interrupt_setPriorityGrouping                  
0000636b  Interrupt_getPriorityGrouping                  
000063a3  Interrupt_setPriority                          
000063f3  Interrupt_getPriority                          
00006419  Interrupt_enableInterrupt                      
0000648b  Interrupt_disableInterrupt                     
000064fd  Interrupt_isEnabled                            
00006589  Interrupt_pendInterrupt                        
000065f9  Interrupt_unpendInterrupt                      
00006647  Interrupt_setPriorityMask                      
00006657  Interrupt_getPriorityMask                      
00006661  Interrupt_setVectorTableAddress                
00006671  Interrupt_getVectorTableAddress                
00006677  Interrupt_enableSleepOnIsrExit                 
00006689  Interrupt_disableSleepOnIsrExit                
000066b9  SystemCoreClockUpdate                          
00006931  SystemInit                                     
000069ed  atan                                           
000069ed  atanl                                          
00006cd9  Enc_init                                       
00006d49  Enc_update                                     
00006ecb  Enc_calcAngle                                  
00007235  I2Cc_write                                     
000072c7  I2Cc_read                                      
00007373  I2Cc_burstRead2                                
00007479  SysCtl_getTLVInfo                              
000074ef  SysCtl_getSRAMSize                             
000074f5  SysCtl_getFlashSize                            
000074fb  SysCtl_disableNMISource                        
0000750f  SysCtl_enableNMISource                         
00007523  SysCtl_getNMISourceStatus                      
00007529  SysCtl_enableSRAMBank                          
00007545  SysCtl_disableSRAMBank                         
000075ad  SysCtl_enableSRAMBankRetention                 
000075c9  SysCtl_disableSRAMBankRetention                
000075e5  SysCtl_rebootDevice                            
000075ef  SysCtl_enablePeripheralAtCPUHalt               
00007603  SysCtl_disablePeripheralAtCPUHalt              
00007617  SysCtl_setWDTTimeoutResetType                  
0000763b  SysCtl_setWDTPasswordViolationResetType        
0000765f  SysCtl_enableGlitchFilter                      
0000766b  SysCtl_disableGlitchFilter                     
00007677  SysCtl_getTempCalibrationConstant              
000076bd  Motor_velUpdate                                
000078a5  atan2                                          
000078a5  atan2l                                         
00007c4d  __aeabi_dsub                                   
00007c57  __aeabi_dadd                                   
00007e05  sqrt                                           
00007e05  sqrtl                                          
00008099  __aeabi_ddiv                                   
000082f5  ldexp                                          
000082f5  ldexpl                                         
000082f5  scalbn                                         
000082f5  scalbnl                                        
00008405  __aeabi_dmul                                   
00008501  WDT_A_holdTimer                                
00008521  WDT_A_startTimer                               
00008541  WDT_A_clearTimer                               
00008561  WDT_A_initWatchdogTimer                        
0000857d  WDT_A_initIntervalTimer                        
00008599  WDT_A_setPasswordViolationReset                
000085a5  WDT_A_setTimeoutReset                          
000085b1  WDT_A_registerInterrupt                        
000085c5  WDT_A_unregisterInterrupt                      
000085d9  UARTc_sendFloatArray                           
00008743  __aeabi_memcpy                                 
00008743  __aeabi_memcpy4                                
00008743  __aeabi_memcpy8                                
00008743  memcpy                                         
000087df  __aeabi_uldivmod                               
00008875  LED2_set                                       
000088b9  delayMs                                        
000088fd  __aeabi_cdcmpeq                                
000088fd  __aeabi_cdcmple                                
00008983  __aeabi_cdrcmple                               
00008a09  __aeabi_memclr                                 
00008a09  __aeabi_memclr4                                
00008a09  __aeabi_memclr8                                
00008a0b  __aeabi_memset                                 
00008a0b  __aeabi_memset4                                
00008a0b  __aeabi_memset8                                
00008a11  memset                                         
00008af1  __aeabi_d2f                                    
00008b5f  __TI_decompress_lzss                           
00008bc9  frexp                                          
00008bc9  frexpl                                         
00008c83  ltoa                                           
00008d29  atoi                                           
00008d75  __aeabi_d2iz                                   
00008dbd  __TI_auto_init_nobinit_nopinit                 
00008e01  sprintf                                        
00008e7f  CPU_cpsid                                      
00008e8b  CPU_primask                                    
00008e95  CPU_cpsie                                      
00008ea1  CPU_wfi                                        
00008ea5  CPU_basepriSet                                 
00008eb3  CPU_basepriGet                                 
00008ebd  _c_int00_noargs                                
00008ef5  __aeabi_f2d                                    
00008f2d  __aeabi_i2d                                    
00008f5b  memccpy                                        
00008f8f  strchr                                         
00008fa5  copysign                                       
00008fa5  copysignl                                      
00008fb9  strlen                                         
00008fcd  __TI_zero_init_nomemset                        
00008fdf  wcslen                                         
00008ff1  __TI_decompress_none                           
00008fff  Reset_Handler                                  
0000900b  ADC14_IRQHandler                               
0000900b  AES256_IRQHandler                              
0000900b  BusFault_Handler                               
0000900b  COMP_E0_IRQHandler                             
0000900b  COMP_E1_IRQHandler                             
0000900b  CS_IRQHandler                                  
0000900b  DMA_ERR_IRQHandler                             
0000900b  DMA_INT0_IRQHandler                            
0000900b  DMA_INT1_IRQHandler                            
0000900b  DMA_INT2_IRQHandler                            
0000900b  DMA_INT3_IRQHandler                            
0000900b  DebugMon_Handler                               
0000900b  Default_Handler                                
0000900b  EUSCIA0_IRQHandler                             
0000900b  EUSCIA1_IRQHandler                             
0000900b  EUSCIA2_IRQHandler                             
0000900b  EUSCIA3_IRQHandler                             
0000900b  EUSCIB0_IRQHandler                             
0000900b  EUSCIB1_IRQHandler                             
0000900b  EUSCIB2_IRQHandler                             
0000900b  EUSCIB3_IRQHandler                             
0000900b  FLCTL_IRQHandler                               
0000900b  FPU_IRQHandler                                 
0000900b  HardFault_Handler                              
0000900b  MemManage_Handler                              
0000900b  NMI_Handler                                    
0000900b  PCM_IRQHandler                                 
0000900b  PORT1_IRQHandler                               
0000900b  PORT2_IRQHandler                               
0000900b  PORT4_IRQHandler                               
0000900b  PORT5_IRQHandler                               
0000900b  PORT6_IRQHandler                               
0000900b  PSS_IRQHandler                                 
0000900b  PendSV_Handler                                 
0000900b  RTC_C_IRQHandler                               
0000900b  SVC_Handler                                    
0000900b  SysTick_Handler                                
0000900b  T32_INT1_IRQHandler                            
0000900b  T32_INT2_IRQHandler                            
0000900b  T32_INTC_IRQHandler                            
0000900b  TA0_0_IRQHandler                               
0000900b  TA0_N_IRQHandler                               
0000900b  TA1_N_IRQHandler                               
0000900b  TA2_0_IRQHandler                               
0000900b  TA2_N_IRQHandler                               
0000900b  TA3_0_IRQHandler                               
0000900b  TA3_N_IRQHandler                               
0000900b  UsageFault_Handler                             
0000900b  WDT_A_IRQHandler                               
00009019  __aeabi_errno_addr                             
00009021  _system_pre_init                               
00009025  C$$EXIT                                        
00009025  abort                                          
00009028  _ctypes_                                       
00009450  __TI_Handler_Table_Base                        
0000945c  __TI_Handler_Table_Limit                       
00009470  __TI_CINIT_Base                                
00009488  __TI_CINIT_Limit                               
20000000  g_pfnRAMVectors                                
200000e4  g_enc_l                                        
2000014c  g_enc_r                                        
200001b4  g_imu                                          
200002c8  g_motor_l                                      
200002ec  g_motor_r                                      
20000320  errno                                          
20000324  SystemCoreClock                                
20000328  g_flag_imu_read                                
20000329  g_flag_transmit                                
2000fe00  __stack                                        
20010000  __STACK_END                                    
4000480c  WDTCTL_SYM                                     
ffffffff  __TI_pprof_out_hndl                            
ffffffff  __TI_prof_data_size                            
ffffffff  __TI_prof_data_start                           
ffffffff  __binit__                                      
ffffffff  __c_args__                                     
ffffffff  binit                                          
UNDEFED   __mpu_init                                     
UNDEFED   _system_post_cinit                             

[397 symbols]
