<?xml version="1.0" encoding="ISO-8859-1" ?>
<link_info>
   <banner>TI ARM Linker Unix v18.1.4.LTS</banner>
   <copyright>Copyright (c) 1996-2018 Texas Instruments Incorporated</copyright>
   <link_time>0x5fbee620</link_time>
   <link_errors>0x0</link_errors>
   <output_file>balance-bot.out</output_file>
   <entry_point>
      <name>_c_int00_noargs</name>
      <address>0x82a9</address>
   </entry_point>
   <input_file_list>
      <input_file id="fl-2">
         <path>./</path>
         <kind>object</kind>
         <file>control.obj</file>
         <name>control.obj</name>
      </input_file>
      <input_file id="fl-3">
         <path>./</path>
         <kind>object</kind>
         <file>encoder.obj</file>
         <name>encoder.obj</name>
      </input_file>
      <input_file id="fl-4">
         <path>./</path>
         <kind>object</kind>
         <file>i2c_lt.obj</file>
         <name>i2c_lt.obj</name>
      </input_file>
      <input_file id="fl-5">
         <path>./</path>
         <kind>object</kind>
         <file>init.obj</file>
         <name>init.obj</name>
      </input_file>
      <input_file id="fl-6">
         <path>./</path>
         <kind>object</kind>
         <file>interrupts.obj</file>
         <name>interrupts.obj</name>
      </input_file>
      <input_file id="fl-7">
         <path>./</path>
         <kind>object</kind>
         <file>main.obj</file>
         <name>main.obj</name>
      </input_file>
      <input_file id="fl-8">
         <path>./</path>
         <kind>object</kind>
         <file>mpu6050.obj</file>
         <name>mpu6050.obj</name>
      </input_file>
      <input_file id="fl-9">
         <path>./</path>
         <kind>object</kind>
         <file>startup_msp432p401r_ccs.obj</file>
         <name>startup_msp432p401r_ccs.obj</name>
      </input_file>
      <input_file id="fl-a">
         <path>./</path>
         <kind>object</kind>
         <file>system_msp432p401r.obj</file>
         <name>system_msp432p401r.obj</name>
      </input_file>
      <input_file id="fl-b">
         <path>./</path>
         <kind>object</kind>
         <file>uart_lt.obj</file>
         <name>uart_lt.obj</name>
      </input_file>
      <input_file id="fl-c">
         <path>./</path>
         <kind>object</kind>
         <file>util.obj</file>
         <name>util.obj</name>
      </input_file>
      <input_file id="fl-d">
         <path>./driverlib/MSP432P4xx/</path>
         <kind>object</kind>
         <file>adc14.obj</file>
         <name>adc14.obj</name>
      </input_file>
      <input_file id="fl-e">
         <path>./driverlib/MSP432P4xx/</path>
         <kind>object</kind>
         <file>aes256.obj</file>
         <name>aes256.obj</name>
      </input_file>
      <input_file id="fl-f">
         <path>./driverlib/MSP432P4xx/</path>
         <kind>object</kind>
         <file>comp_e.obj</file>
         <name>comp_e.obj</name>
      </input_file>
      <input_file id="fl-10">
         <path>./driverlib/MSP432P4xx/</path>
         <kind>object</kind>
         <file>cpu.obj</file>
         <name>cpu.obj</name>
      </input_file>
      <input_file id="fl-11">
         <path>./driverlib/MSP432P4xx/</path>
         <kind>object</kind>
         <file>crc32.obj</file>
         <name>crc32.obj</name>
      </input_file>
      <input_file id="fl-12">
         <path>./driverlib/MSP432P4xx/</path>
         <kind>object</kind>
         <file>cs.obj</file>
         <name>cs.obj</name>
      </input_file>
      <input_file id="fl-13">
         <path>./driverlib/MSP432P4xx/</path>
         <kind>object</kind>
         <file>dma.obj</file>
         <name>dma.obj</name>
      </input_file>
      <input_file id="fl-14">
         <path>./driverlib/MSP432P4xx/</path>
         <kind>object</kind>
         <file>flash.obj</file>
         <name>flash.obj</name>
      </input_file>
      <input_file id="fl-15">
         <path>./driverlib/MSP432P4xx/</path>
         <kind>object</kind>
         <file>fpu.obj</file>
         <name>fpu.obj</name>
      </input_file>
      <input_file id="fl-16">
         <path>./driverlib/MSP432P4xx/</path>
         <kind>object</kind>
         <file>gpio.obj</file>
         <name>gpio.obj</name>
      </input_file>
      <input_file id="fl-17">
         <path>./driverlib/MSP432P4xx/</path>
         <kind>object</kind>
         <file>i2c.obj</file>
         <name>i2c.obj</name>
      </input_file>
      <input_file id="fl-18">
         <path>./driverlib/MSP432P4xx/</path>
         <kind>object</kind>
         <file>interrupt.obj</file>
         <name>interrupt.obj</name>
      </input_file>
      <input_file id="fl-19">
         <path>./driverlib/MSP432P4xx/</path>
         <kind>object</kind>
         <file>mpu.obj</file>
         <name>mpu.obj</name>
      </input_file>
      <input_file id="fl-1a">
         <path>./driverlib/MSP432P4xx/</path>
         <kind>object</kind>
         <file>pcm.obj</file>
         <name>pcm.obj</name>
      </input_file>
      <input_file id="fl-1b">
         <path>./driverlib/MSP432P4xx/</path>
         <kind>object</kind>
         <file>pmap.obj</file>
         <name>pmap.obj</name>
      </input_file>
      <input_file id="fl-1c">
         <path>./driverlib/MSP432P4xx/</path>
         <kind>object</kind>
         <file>pss.obj</file>
         <name>pss.obj</name>
      </input_file>
      <input_file id="fl-1d">
         <path>./driverlib/MSP432P4xx/</path>
         <kind>object</kind>
         <file>ref_a.obj</file>
         <name>ref_a.obj</name>
      </input_file>
      <input_file id="fl-1e">
         <path>./driverlib/MSP432P4xx/</path>
         <kind>object</kind>
         <file>reset.obj</file>
         <name>reset.obj</name>
      </input_file>
      <input_file id="fl-1f">
         <path>./driverlib/MSP432P4xx/</path>
         <kind>object</kind>
         <file>rtc_c.obj</file>
         <name>rtc_c.obj</name>
      </input_file>
      <input_file id="fl-20">
         <path>./driverlib/MSP432P4xx/</path>
         <kind>object</kind>
         <file>spi.obj</file>
         <name>spi.obj</name>
      </input_file>
      <input_file id="fl-21">
         <path>./driverlib/MSP432P4xx/</path>
         <kind>object</kind>
         <file>sysctl.obj</file>
         <name>sysctl.obj</name>
      </input_file>
      <input_file id="fl-22">
         <path>./driverlib/MSP432P4xx/</path>
         <kind>object</kind>
         <file>systick.obj</file>
         <name>systick.obj</name>
      </input_file>
      <input_file id="fl-23">
         <path>./driverlib/MSP432P4xx/</path>
         <kind>object</kind>
         <file>timer32.obj</file>
         <name>timer32.obj</name>
      </input_file>
      <input_file id="fl-24">
         <path>./driverlib/MSP432P4xx/</path>
         <kind>object</kind>
         <file>timer_a.obj</file>
         <name>timer_a.obj</name>
      </input_file>
      <input_file id="fl-25">
         <path>./driverlib/MSP432P4xx/</path>
         <kind>object</kind>
         <file>uart.obj</file>
         <name>uart.obj</name>
      </input_file>
      <input_file id="fl-26">
         <path>./driverlib/MSP432P4xx/</path>
         <kind>object</kind>
         <file>wdt_a.obj</file>
         <name>wdt_a.obj</name>
      </input_file>
      <input_file id="fl-2e">
         <kind>object</kind>
         <file>&lt;internal&gt;</file>
         <name>&lt;internal&gt;</name>
      </input_file>
      <input_file id="fl-e4">
         <path>/opt/ti/ccsv8/tools/compiler/ti-cgt-arm_18.1.4.LTS/lib/</path>
         <kind>archive</kind>
         <file>rtsv7M4_T_le_v4SPD16_eabi.lib</file>
         <name>e_atan2.c.obj</name>
      </input_file>
      <input_file id="fl-e5">
         <path>/opt/ti/ccsv8/tools/compiler/ti-cgt-arm_18.1.4.LTS/lib/</path>
         <kind>archive</kind>
         <file>rtsv7M4_T_le_v4SPD16_eabi.lib</file>
         <name>e_pow.c.obj</name>
      </input_file>
      <input_file id="fl-e6">
         <path>/opt/ti/ccsv8/tools/compiler/ti-cgt-arm_18.1.4.LTS/lib/</path>
         <kind>archive</kind>
         <file>rtsv7M4_T_le_v4SPD16_eabi.lib</file>
         <name>e_sqrt.c.obj</name>
      </input_file>
      <input_file id="fl-e7">
         <path>/opt/ti/ccsv8/tools/compiler/ti-cgt-arm_18.1.4.LTS/lib/</path>
         <kind>archive</kind>
         <file>rtsv7M4_T_le_v4SPD16_eabi.lib</file>
         <name>s_atan.c.obj</name>
      </input_file>
      <input_file id="fl-e8">
         <path>/opt/ti/ccsv8/tools/compiler/ti-cgt-arm_18.1.4.LTS/lib/</path>
         <kind>archive</kind>
         <file>rtsv7M4_T_le_v4SPD16_eabi.lib</file>
         <name>s_scalbn.c.obj</name>
      </input_file>
      <input_file id="fl-e9">
         <path>/opt/ti/ccsv8/tools/compiler/ti-cgt-arm_18.1.4.LTS/lib/</path>
         <kind>archive</kind>
         <file>rtsv7M4_T_le_v4SPD16_eabi.lib</file>
         <name>fd_add_t2.asm.obj</name>
      </input_file>
      <input_file id="fl-ea">
         <path>/opt/ti/ccsv8/tools/compiler/ti-cgt-arm_18.1.4.LTS/lib/</path>
         <kind>archive</kind>
         <file>rtsv7M4_T_le_v4SPD16_eabi.lib</file>
         <name>fd_cmp_t2.asm.obj</name>
      </input_file>
      <input_file id="fl-eb">
         <path>/opt/ti/ccsv8/tools/compiler/ti-cgt-arm_18.1.4.LTS/lib/</path>
         <kind>archive</kind>
         <file>rtsv7M4_T_le_v4SPD16_eabi.lib</file>
         <name>fd_div_t2.asm.obj</name>
      </input_file>
      <input_file id="fl-ec">
         <path>/opt/ti/ccsv8/tools/compiler/ti-cgt-arm_18.1.4.LTS/lib/</path>
         <kind>archive</kind>
         <file>rtsv7M4_T_le_v4SPD16_eabi.lib</file>
         <name>fd_mul_t2.asm.obj</name>
      </input_file>
      <input_file id="fl-ed">
         <path>/opt/ti/ccsv8/tools/compiler/ti-cgt-arm_18.1.4.LTS/lib/</path>
         <kind>archive</kind>
         <file>rtsv7M4_T_le_v4SPD16_eabi.lib</file>
         <name>fd_toi_t2.asm.obj</name>
      </input_file>
      <input_file id="fl-ee">
         <path>/opt/ti/ccsv8/tools/compiler/ti-cgt-arm_18.1.4.LTS/lib/</path>
         <kind>archive</kind>
         <file>rtsv7M4_T_le_v4SPD16_eabi.lib</file>
         <name>fd_tos_t2.asm.obj</name>
      </input_file>
      <input_file id="fl-ef">
         <path>/opt/ti/ccsv8/tools/compiler/ti-cgt-arm_18.1.4.LTS/lib/</path>
         <kind>archive</kind>
         <file>rtsv7M4_T_le_v4SPD16_eabi.lib</file>
         <name>fs_tod_t2.asm.obj</name>
      </input_file>
      <input_file id="fl-f0">
         <path>/opt/ti/ccsv8/tools/compiler/ti-cgt-arm_18.1.4.LTS/lib/</path>
         <kind>archive</kind>
         <file>rtsv7M4_T_le_v4SPD16_eabi.lib</file>
         <name>i_tofd_t2.asm.obj</name>
      </input_file>
      <input_file id="fl-f1">
         <path>/opt/ti/ccsv8/tools/compiler/ti-cgt-arm_18.1.4.LTS/lib/</path>
         <kind>archive</kind>
         <file>rtsv7M4_T_le_v4SPD16_eabi.lib</file>
         <name>copy_zero_init.c.obj</name>
      </input_file>
      <input_file id="fl-f2">
         <path>/opt/ti/ccsv8/tools/compiler/ti-cgt-arm_18.1.4.LTS/lib/</path>
         <kind>archive</kind>
         <file>rtsv7M4_T_le_v4SPD16_eabi.lib</file>
         <name>copy_decompress_none.c.obj</name>
      </input_file>
      <input_file id="fl-f3">
         <path>/opt/ti/ccsv8/tools/compiler/ti-cgt-arm_18.1.4.LTS/lib/</path>
         <kind>archive</kind>
         <file>rtsv7M4_T_le_v4SPD16_eabi.lib</file>
         <name>copy_decompress_lzss.c.obj</name>
      </input_file>
      <input_file id="fl-f4">
         <path>/opt/ti/ccsv8/tools/compiler/ti-cgt-arm_18.1.4.LTS/lib/</path>
         <kind>archive</kind>
         <file>rtsv7M4_T_le_v4SPD16_eabi.lib</file>
         <name>errno.c.obj</name>
      </input_file>
      <input_file id="fl-f5">
         <path>/opt/ti/ccsv8/tools/compiler/ti-cgt-arm_18.1.4.LTS/lib/</path>
         <kind>archive</kind>
         <file>rtsv7M4_T_le_v4SPD16_eabi.lib</file>
         <name>boot_cortex_m.c.obj</name>
      </input_file>
      <input_file id="fl-f6">
         <path>/opt/ti/ccsv8/tools/compiler/ti-cgt-arm_18.1.4.LTS/lib/</path>
         <kind>archive</kind>
         <file>rtsv7M4_T_le_v4SPD16_eabi.lib</file>
         <name>exit.c.obj</name>
      </input_file>
      <input_file id="fl-f7">
         <path>/opt/ti/ccsv8/tools/compiler/ti-cgt-arm_18.1.4.LTS/lib/</path>
         <kind>archive</kind>
         <file>rtsv7M4_T_le_v4SPD16_eabi.lib</file>
         <name>_lock.c.obj</name>
      </input_file>
      <input_file id="fl-f8">
         <path>/opt/ti/ccsv8/tools/compiler/ti-cgt-arm_18.1.4.LTS/lib/</path>
         <kind>archive</kind>
         <file>rtsv7M4_T_le_v4SPD16_eabi.lib</file>
         <name>args_main.c.obj</name>
      </input_file>
      <input_file id="fl-f9">
         <path>/opt/ti/ccsv8/tools/compiler/ti-cgt-arm_18.1.4.LTS/lib/</path>
         <kind>archive</kind>
         <file>rtsv7M4_T_le_v4SPD16_eabi.lib</file>
         <name>sprintf.c.obj</name>
      </input_file>
      <input_file id="fl-fa">
         <path>/opt/ti/ccsv8/tools/compiler/ti-cgt-arm_18.1.4.LTS/lib/</path>
         <kind>archive</kind>
         <file>rtsv7M4_T_le_v4SPD16_eabi.lib</file>
         <name>s_copysign.c.obj</name>
      </input_file>
      <input_file id="fl-fb">
         <path>/opt/ti/ccsv8/tools/compiler/ti-cgt-arm_18.1.4.LTS/lib/</path>
         <kind>archive</kind>
         <file>rtsv7M4_T_le_v4SPD16_eabi.lib</file>
         <name>memcpy_t2.asm.obj</name>
      </input_file>
      <input_file id="fl-fc">
         <path>/opt/ti/ccsv8/tools/compiler/ti-cgt-arm_18.1.4.LTS/lib/</path>
         <kind>archive</kind>
         <file>rtsv7M4_T_le_v4SPD16_eabi.lib</file>
         <name>memset_t2.asm.obj</name>
      </input_file>
      <input_file id="fl-fd">
         <path>/opt/ti/ccsv8/tools/compiler/ti-cgt-arm_18.1.4.LTS/lib/</path>
         <kind>archive</kind>
         <file>rtsv7M4_T_le_v4SPD16_eabi.lib</file>
         <name>autoinit.c.obj</name>
      </input_file>
      <input_file id="fl-fe">
         <path>/opt/ti/ccsv8/tools/compiler/ti-cgt-arm_18.1.4.LTS/lib/</path>
         <kind>archive</kind>
         <file>rtsv7M4_T_le_v4SPD16_eabi.lib</file>
         <name>pre_init.c.obj</name>
      </input_file>
      <input_file id="fl-ff">
         <path>/opt/ti/ccsv8/tools/compiler/ti-cgt-arm_18.1.4.LTS/lib/</path>
         <kind>archive</kind>
         <file>rtsv7M4_T_le_v4SPD16_eabi.lib</file>
         <name>cpy_tbl.c.obj</name>
      </input_file>
      <input_file id="fl-100">
         <path>/opt/ti/ccsv8/tools/compiler/ti-cgt-arm_18.1.4.LTS/lib/</path>
         <kind>archive</kind>
         <file>rtsv7M4_T_le_v4SPD16_eabi.lib</file>
         <name>_printfi.c.obj</name>
      </input_file>
      <input_file id="fl-101">
         <path>/opt/ti/ccsv8/tools/compiler/ti-cgt-arm_18.1.4.LTS/lib/</path>
         <kind>archive</kind>
         <file>rtsv7M4_T_le_v4SPD16_eabi.lib</file>
         <name>atoi.c.obj</name>
      </input_file>
      <input_file id="fl-102">
         <path>/opt/ti/ccsv8/tools/compiler/ti-cgt-arm_18.1.4.LTS/lib/</path>
         <kind>archive</kind>
         <file>rtsv7M4_T_le_v4SPD16_eabi.lib</file>
         <name>ctype.c.obj</name>
      </input_file>
      <input_file id="fl-103">
         <path>/opt/ti/ccsv8/tools/compiler/ti-cgt-arm_18.1.4.LTS/lib/</path>
         <kind>archive</kind>
         <file>rtsv7M4_T_le_v4SPD16_eabi.lib</file>
         <name>ltoa.c.obj</name>
      </input_file>
      <input_file id="fl-104">
         <path>/opt/ti/ccsv8/tools/compiler/ti-cgt-arm_18.1.4.LTS/lib/</path>
         <kind>archive</kind>
         <file>rtsv7M4_T_le_v4SPD16_eabi.lib</file>
         <name>memccpy.c.obj</name>
      </input_file>
      <input_file id="fl-105">
         <path>/opt/ti/ccsv8/tools/compiler/ti-cgt-arm_18.1.4.LTS/lib/</path>
         <kind>archive</kind>
         <file>rtsv7M4_T_le_v4SPD16_eabi.lib</file>
         <name>strchr.c.obj</name>
      </input_file>
      <input_file id="fl-106">
         <path>/opt/ti/ccsv8/tools/compiler/ti-cgt-arm_18.1.4.LTS/lib/</path>
         <kind>archive</kind>
         <file>rtsv7M4_T_le_v4SPD16_eabi.lib</file>
         <name>strlen.c.obj</name>
      </input_file>
      <input_file id="fl-107">
         <path>/opt/ti/ccsv8/tools/compiler/ti-cgt-arm_18.1.4.LTS/lib/</path>
         <kind>archive</kind>
         <file>rtsv7M4_T_le_v4SPD16_eabi.lib</file>
         <name>wcslen.c.obj</name>
      </input_file>
      <input_file id="fl-108">
         <path>/opt/ti/ccsv8/tools/compiler/ti-cgt-arm_18.1.4.LTS/lib/</path>
         <kind>archive</kind>
         <file>rtsv7M4_T_le_v4SPD16_eabi.lib</file>
         <name>s_frexp.c.obj</name>
      </input_file>
      <input_file id="fl-109">
         <path>/opt/ti/ccsv8/tools/compiler/ti-cgt-arm_18.1.4.LTS/lib/</path>
         <kind>archive</kind>
         <file>rtsv7M4_T_le_v4SPD16_eabi.lib</file>
         <name>ull_div_t2.asm.obj</name>
      </input_file>
      <input_file id="fl-10a">
         <path>/opt/ti/ccsv8/tools/compiler/ti-cgt-arm_18.1.4.LTS/lib/</path>
         <kind>archive</kind>
         <file>rtsv7M4_T_le_v4SPD16_eabi.lib</file>
         <name>div0.asm.obj</name>
      </input_file>
   </input_file_list>
   <object_component_list>
      <object_component id="oc-23">
         <name>.intvecs:retain</name>
         <load_address>0x0</load_address>
         <run_address>0x0</run_address>
         <size>0xe4</size>
         <input_file_ref idref="fl-9"/>
      </object_component>
      <object_component id="oc-1ff">
         <name>.text</name>
         <load_address>0xe4</load_address>
         <run_address>0xe4</run_address>
         <size>0x159c</size>
         <input_file_ref idref="fl-14"/>
      </object_component>
      <object_component id="oc-205">
         <name>.text</name>
         <load_address>0x1680</load_address>
         <run_address>0x1680</run_address>
         <size>0xd7c</size>
         <input_file_ref idref="fl-12"/>
      </object_component>
      <object_component id="oc-2dd">
         <name>.text:__TI_printfi</name>
         <load_address>0x23fc</load_address>
         <run_address>0x23fc</run_address>
         <size>0xa5e</size>
         <input_file_ref idref="fl-100"/>
      </object_component>
      <object_component id="oc-415">
         <name>.text</name>
         <load_address>0x2e5a</load_address>
         <run_address>0x2e5a</run_address>
         <size>0x2</size>
         <input_file_ref idref="fl-10a"/>
      </object_component>
      <object_component id="oc-1a1">
         <name>.text:pow</name>
         <load_address>0x2e5c</load_address>
         <run_address>0x2e5c</run_address>
         <size>0x9c0</size>
         <input_file_ref idref="fl-e5"/>
      </object_component>
      <object_component id="oc-b5">
         <name>.text</name>
         <load_address>0x381c</load_address>
         <run_address>0x381c</run_address>
         <size>0x7fc</size>
         <input_file_ref idref="fl-8"/>
      </object_component>
      <object_component id="oc-c7">
         <name>.text</name>
         <load_address>0x4018</load_address>
         <run_address>0x4018</run_address>
         <size>0x798</size>
         <input_file_ref idref="fl-24"/>
      </object_component>
      <object_component id="oc-cd">
         <name>.text</name>
         <load_address>0x47b0</load_address>
         <run_address>0x47b0</run_address>
         <size>0x480</size>
         <input_file_ref idref="fl-16"/>
      </object_component>
      <object_component id="oc-20b">
         <name>.text</name>
         <load_address>0x4c30</load_address>
         <run_address>0x4c30</run_address>
         <size>0x41c</size>
         <input_file_ref idref="fl-25"/>
      </object_component>
      <object_component id="oc-af">
         <name>.text</name>
         <load_address>0x504c</load_address>
         <run_address>0x504c</run_address>
         <size>0x3f0</size>
         <input_file_ref idref="fl-18"/>
      </object_component>
      <object_component id="oc-a8">
         <name>.text</name>
         <load_address>0x543c</load_address>
         <run_address>0x543c</run_address>
         <size>0x334</size>
         <input_file_ref idref="fl-a"/>
      </object_component>
      <object_component id="oc-bb">
         <name>.text</name>
         <load_address>0x5770</load_address>
         <run_address>0x5770</run_address>
         <size>0x318</size>
         <input_file_ref idref="fl-3"/>
      </object_component>
      <object_component id="oc-c1">
         <name>.text</name>
         <load_address>0x5a88</load_address>
         <run_address>0x5a88</run_address>
         <size>0x314</size>
         <input_file_ref idref="fl-2"/>
      </object_component>
      <object_component id="oc-295">
         <name>.text:atan</name>
         <load_address>0x5d9c</load_address>
         <run_address>0x5d9c</run_address>
         <size>0x2ec</size>
         <input_file_ref idref="fl-e7"/>
      </object_component>
      <object_component id="oc-376">
         <name>.text:_pconv_a</name>
         <load_address>0x6088</load_address>
         <run_address>0x6088</run_address>
         <size>0x270</size>
         <input_file_ref idref="fl-100"/>
      </object_component>
      <object_component id="oc-10a">
         <name>.text</name>
         <load_address>0x62f8</load_address>
         <run_address>0x62f8</run_address>
         <size>0x248</size>
         <input_file_ref idref="fl-5"/>
      </object_component>
      <object_component id="oc-182">
         <name>.text</name>
         <load_address>0x6540</load_address>
         <run_address>0x6540</run_address>
         <size>0x244</size>
         <input_file_ref idref="fl-4"/>
      </object_component>
      <object_component id="oc-1f7">
         <name>.text</name>
         <load_address>0x6784</load_address>
         <run_address>0x6784</run_address>
         <size>0x244</size>
         <input_file_ref idref="fl-21"/>
      </object_component>
      <object_component id="oc-96">
         <name>.text</name>
         <load_address>0x69c8</load_address>
         <run_address>0x69c8</run_address>
         <size>0x1f8</size>
         <input_file_ref idref="fl-7"/>
      </object_component>
      <object_component id="oc-1ad">
         <name>.text:atan2</name>
         <load_address>0x6bc0</load_address>
         <run_address>0x6bc0</run_address>
         <size>0x1d8</size>
         <input_file_ref idref="fl-e4"/>
      </object_component>
      <object_component id="oc-364">
         <name>.text:_pconv_g</name>
         <load_address>0x6d98</load_address>
         <run_address>0x6d98</run_address>
         <size>0x1d0</size>
         <input_file_ref idref="fl-100"/>
      </object_component>
      <object_component id="oc-197">
         <name>.text</name>
         <load_address>0x6f68</load_address>
         <run_address>0x6f68</run_address>
         <size>0x1b6</size>
         <input_file_ref idref="fl-e9"/>
      </object_component>
      <object_component id="oc-1a7">
         <name>.text:sqrt</name>
         <load_address>0x7120</load_address>
         <run_address>0x7120</run_address>
         <size>0x158</size>
         <input_file_ref idref="fl-e6"/>
      </object_component>
      <object_component id="oc-370">
         <name>.text:_pconv_e</name>
         <load_address>0x7278</load_address>
         <run_address>0x7278</run_address>
         <size>0x13c</size>
         <input_file_ref idref="fl-100"/>
      </object_component>
      <object_component id="oc-18d">
         <name>.text</name>
         <load_address>0x73b4</load_address>
         <run_address>0x73b4</run_address>
         <size>0x136</size>
         <input_file_ref idref="fl-eb"/>
      </object_component>
      <object_component id="oc-3d7">
         <name>.text:fcvt</name>
         <load_address>0x74ec</load_address>
         <run_address>0x74ec</run_address>
         <size>0x124</size>
         <input_file_ref idref="fl-100"/>
      </object_component>
      <object_component id="oc-285">
         <name>.text:scalbn</name>
         <load_address>0x7610</load_address>
         <run_address>0x7610</run_address>
         <size>0x110</size>
         <input_file_ref idref="fl-e8"/>
      </object_component>
      <object_component id="oc-192">
         <name>.text</name>
         <load_address>0x7720</load_address>
         <run_address>0x7720</run_address>
         <size>0xfc</size>
         <input_file_ref idref="fl-ec"/>
      </object_component>
      <object_component id="oc-104">
         <name>.text</name>
         <load_address>0x781c</load_address>
         <run_address>0x781c</run_address>
         <size>0xd8</size>
         <input_file_ref idref="fl-26"/>
      </object_component>
      <object_component id="oc-6a">
         <name>.text</name>
         <load_address>0x78f4</load_address>
         <run_address>0x78f4</run_address>
         <size>0xd0</size>
         <input_file_ref idref="fl-6"/>
      </object_component>
      <object_component id="oc-116">
         <name>.text</name>
         <load_address>0x79c4</load_address>
         <run_address>0x79c4</run_address>
         <size>0xb8</size>
         <input_file_ref idref="fl-b"/>
      </object_component>
      <object_component id="oc-35e">
         <name>.text:_ltostr</name>
         <load_address>0x7a7c</load_address>
         <run_address>0x7a7c</run_address>
         <size>0xb1</size>
         <input_file_ref idref="fl-100"/>
      </object_component>
      <object_component id="oc-34">
         <name>.text</name>
         <load_address>0x7b2e</load_address>
         <run_address>0x7b2e</run_address>
         <size>0x9c</size>
         <input_file_ref idref="fl-fb"/>
      </object_component>
      <object_component id="oc-3be">
         <name>.text</name>
         <load_address>0x7bca</load_address>
         <run_address>0x7bca</run_address>
         <size>0x96</size>
         <input_file_ref idref="fl-109"/>
      </object_component>
      <object_component id="oc-110">
         <name>.text</name>
         <load_address>0x7c60</load_address>
         <run_address>0x7c60</run_address>
         <size>0x88</size>
         <input_file_ref idref="fl-c"/>
      </object_component>
      <object_component id="oc-27b">
         <name>.text:__aeabi_cdcmple</name>
         <load_address>0x7ce8</load_address>
         <run_address>0x7ce8</run_address>
         <size>0x86</size>
         <input_file_ref idref="fl-ea"/>
      </object_component>
      <object_component id="oc-280">
         <name>.text:__aeabi_cdrcmple</name>
         <load_address>0x7d6e</load_address>
         <run_address>0x7d6e</run_address>
         <size>0x86</size>
         <input_file_ref idref="fl-ea"/>
      </object_component>
      <object_component id="oc-8a">
         <name>.text</name>
         <load_address>0x7df4</load_address>
         <run_address>0x7df4</run_address>
         <size>0x7a</size>
         <input_file_ref idref="fl-fc"/>
      </object_component>
      <object_component id="oc-3d0">
         <name>.text:_mcpy</name>
         <load_address>0x7e6e</load_address>
         <run_address>0x7e6e</run_address>
         <size>0x6e</size>
         <input_file_ref idref="fl-100"/>
      </object_component>
      <object_component id="oc-19c">
         <name>.text</name>
         <load_address>0x7edc</load_address>
         <run_address>0x7edc</run_address>
         <size>0x6e</size>
         <input_file_ref idref="fl-ee"/>
      </object_component>
      <object_component id="oc-14">
         <name>.text:decompress:lzss:__TI_decompress_lzss</name>
         <load_address>0x7f4a</load_address>
         <run_address>0x7f4a</run_address>
         <size>0x68</size>
         <input_file_ref idref="fl-f3"/>
      </object_component>
      <object_component id="oc-3e5">
         <name>.text:frexp</name>
         <load_address>0x7fb4</load_address>
         <run_address>0x7fb4</run_address>
         <size>0x64</size>
         <input_file_ref idref="fl-108"/>
      </object_component>
      <object_component id="oc-36a">
         <name>.text:_pconv_f</name>
         <load_address>0x8018</load_address>
         <run_address>0x8018</run_address>
         <size>0x56</size>
         <input_file_ref idref="fl-100"/>
      </object_component>
      <object_component id="oc-3c4">
         <name>.text:ltoa</name>
         <load_address>0x806e</load_address>
         <run_address>0x806e</run_address>
         <size>0x54</size>
         <input_file_ref idref="fl-103"/>
      </object_component>
      <object_component id="oc-3ca">
         <name>.text:_ecpy</name>
         <load_address>0x80c2</load_address>
         <run_address>0x80c2</run_address>
         <size>0x52</size>
         <input_file_ref idref="fl-100"/>
      </object_component>
      <object_component id="oc-358">
         <name>.text:atoi</name>
         <load_address>0x8114</load_address>
         <run_address>0x8114</run_address>
         <size>0x4c</size>
         <input_file_ref idref="fl-101"/>
      </object_component>
      <object_component id="oc-1bf">
         <name>.text</name>
         <load_address>0x8160</load_address>
         <run_address>0x8160</run_address>
         <size>0x48</size>
         <input_file_ref idref="fl-ed"/>
      </object_component>
      <object_component id="oc-12a">
         <name>.text:__TI_auto_init_nobinit_nopinit:__TI_auto_init_nobinit_nopinit</name>
         <load_address>0x81a8</load_address>
         <run_address>0x81a8</run_address>
         <size>0x44</size>
         <input_file_ref idref="fl-fd"/>
      </object_component>
      <object_component id="oc-22b">
         <name>.text:sprintf</name>
         <load_address>0x81ec</load_address>
         <run_address>0x81ec</run_address>
         <size>0x40</size>
         <input_file_ref idref="fl-f9"/>
      </object_component>
      <object_component id="oc-3dd">
         <name>.text:_fcpy</name>
         <load_address>0x822c</load_address>
         <run_address>0x822c</run_address>
         <size>0x3e</size>
         <input_file_ref idref="fl-100"/>
      </object_component>
      <object_component id="oc-165">
         <name>.text</name>
         <load_address>0x826a</load_address>
         <run_address>0x826a</run_address>
         <size>0x3e</size>
         <input_file_ref idref="fl-10"/>
      </object_component>
      <object_component id="oc-52">
         <name>.text:_c_int00_noargs:_c_int00_noargs</name>
         <load_address>0x82a8</load_address>
         <run_address>0x82a8</run_address>
         <size>0x38</size>
         <input_file_ref idref="fl-f5"/>
      </object_component>
      <object_component id="oc-188">
         <name>.text</name>
         <load_address>0x82e0</load_address>
         <run_address>0x82e0</run_address>
         <size>0x38</size>
         <input_file_ref idref="fl-ef"/>
      </object_component>
      <object_component id="oc-273">
         <name>.text</name>
         <load_address>0x8318</load_address>
         <run_address>0x8318</run_address>
         <size>0x2e</size>
         <input_file_ref idref="fl-f0"/>
      </object_component>
      <object_component id="oc-37c">
         <name>.text:memccpy</name>
         <load_address>0x8346</load_address>
         <run_address>0x8346</run_address>
         <size>0x1c</size>
         <input_file_ref idref="fl-104"/>
      </object_component>
      <object_component id="oc-2e3">
         <name>.text:_outs</name>
         <load_address>0x8362</load_address>
         <run_address>0x8362</run_address>
         <size>0x18</size>
         <input_file_ref idref="fl-f9"/>
      </object_component>
      <object_component id="oc-3eb">
         <name>.text:strchr</name>
         <load_address>0x837a</load_address>
         <run_address>0x837a</run_address>
         <size>0x16</size>
         <input_file_ref idref="fl-105"/>
      </object_component>
      <object_component id="oc-325">
         <name>.text:copysign</name>
         <load_address>0x8390</load_address>
         <run_address>0x8390</run_address>
         <size>0x14</size>
         <input_file_ref idref="fl-fa"/>
      </object_component>
      <object_component id="oc-352">
         <name>.text:strlen</name>
         <load_address>0x83a4</load_address>
         <run_address>0x83a4</run_address>
         <size>0x14</size>
         <input_file_ref idref="fl-106"/>
      </object_component>
      <object_component id="oc-40">
         <name>.text:decompress:ZI:__TI_zero_init_nomemset:__TI_zero_init_nomemset</name>
         <load_address>0x83b8</load_address>
         <run_address>0x83b8</run_address>
         <size>0x12</size>
         <input_file_ref idref="fl-f1"/>
      </object_component>
      <object_component id="oc-382">
         <name>.text:wcslen</name>
         <load_address>0x83ca</load_address>
         <run_address>0x83ca</run_address>
         <size>0x12</size>
         <input_file_ref idref="fl-107"/>
      </object_component>
      <object_component id="oc-1a">
         <name>.text:decompress:none:__TI_decompress_none</name>
         <load_address>0x83dc</load_address>
         <run_address>0x83dc</run_address>
         <size>0xe</size>
         <input_file_ref idref="fl-f2"/>
      </object_component>
      <object_component id="oc-64">
         <name>.text</name>
         <load_address>0x83ea</load_address>
         <run_address>0x83ea</run_address>
         <size>0xe</size>
         <input_file_ref idref="fl-9"/>
      </object_component>
      <object_component id="oc-2e9">
         <name>.text:_outc</name>
         <load_address>0x83f8</load_address>
         <run_address>0x83f8</run_address>
         <size>0xa</size>
         <input_file_ref idref="fl-f9"/>
      </object_component>
      <object_component id="oc-26d">
         <name>.text:__aeabi_errno_addr</name>
         <load_address>0x8404</load_address>
         <run_address>0x8404</run_address>
         <size>0x8</size>
         <input_file_ref idref="fl-f4"/>
      </object_component>
      <object_component id="oc-90">
         <name>.text:_system_pre_init</name>
         <load_address>0x840c</load_address>
         <run_address>0x840c</run_address>
         <size>0x4</size>
         <input_file_ref idref="fl-fe"/>
      </object_component>
      <object_component id="oc-11e">
         <name>.text:abort:abort</name>
         <load_address>0x8410</load_address>
         <run_address>0x8410</run_address>
         <size>0x4</size>
         <input_file_ref idref="fl-f6"/>
      </object_component>
      <object_component id="oc-3b9">
         <name>.const:.string:_ctypes_</name>
         <load_address>0x8418</load_address>
         <run_address>0x8418</run_address>
         <size>0x101</size>
         <input_file_ref idref="fl-102"/>
      </object_component>
      <object_component id="oc-33b">
         <name>.const:$O1$$</name>
         <load_address>0x8520</load_address>
         <run_address>0x8520</run_address>
         <size>0x98</size>
         <input_file_ref idref="fl-e7"/>
      </object_component>
      <object_component id="oc-1bc">
         <name>.const:lpfCoeffs$1</name>
         <load_address>0x85b8</load_address>
         <run_address>0x85b8</run_address>
         <size>0x54</size>
         <input_file_ref idref="fl-3"/>
      </object_component>
      <object_component id="oc-171">
         <name>.const:g_pulRegs</name>
         <load_address>0x860c</load_address>
         <run_address>0x860c</run_address>
         <size>0x50</size>
         <input_file_ref idref="fl-18"/>
      </object_component>
      <object_component id="oc-278">
         <name>.const:$O1$$</name>
         <load_address>0x8660</load_address>
         <run_address>0x8660</run_address>
         <size>0x30</size>
         <input_file_ref idref="fl-e5"/>
      </object_component>
      <object_component id="oc-220">
         <name>.const:$P$T5$6</name>
         <load_address>0x8690</load_address>
         <run_address>0x8690</run_address>
         <size>0x24</size>
         <input_file_ref idref="fl-5"/>
      </object_component>
      <object_component id="oc-16e">
         <name>.const:g_pulPriority</name>
         <load_address>0x86b4</load_address>
         <run_address>0x86b4</run_address>
         <size>0x20</size>
         <input_file_ref idref="fl-18"/>
      </object_component>
      <object_component id="oc-1cc">
         <name>.const:GPIO_PORT_TO_INT</name>
         <load_address>0x86d4</load_address>
         <run_address>0x86d4</run_address>
         <size>0x1c</size>
         <input_file_ref idref="fl-16"/>
      </object_component>
      <object_component id="oc-211">
         <name>.const:$P$T0$1</name>
         <load_address>0x86f0</load_address>
         <run_address>0x86f0</run_address>
         <size>0x18</size>
         <input_file_ref idref="fl-5"/>
      </object_component>
      <object_component id="oc-214">
         <name>.const:$P$T1$2</name>
         <load_address>0x8708</load_address>
         <run_address>0x8708</run_address>
         <size>0x18</size>
         <input_file_ref idref="fl-5"/>
      </object_component>
      <object_component id="oc-217">
         <name>.const:$P$T2$3</name>
         <load_address>0x8720</load_address>
         <run_address>0x8720</run_address>
         <size>0x18</size>
         <input_file_ref idref="fl-5"/>
      </object_component>
      <object_component id="oc-21a">
         <name>.const:$P$T3$4</name>
         <load_address>0x8738</load_address>
         <run_address>0x8738</run_address>
         <size>0x18</size>
         <input_file_ref idref="fl-5"/>
      </object_component>
      <object_component id="oc-21d">
         <name>.const:$P$T4$5</name>
         <load_address>0x8750</load_address>
         <run_address>0x8750</run_address>
         <size>0x18</size>
         <input_file_ref idref="fl-5"/>
      </object_component>
      <object_component id="oc-1b4">
         <name>.const:$P$T0$2</name>
         <load_address>0x8768</load_address>
         <run_address>0x8768</run_address>
         <size>0xc</size>
         <input_file_ref idref="fl-8"/>
      </object_component>
      <object_component id="oc-1b7">
         <name>.const:$P$T1$3</name>
         <load_address>0x8774</load_address>
         <run_address>0x8774</run_address>
         <size>0xc</size>
         <input_file_ref idref="fl-8"/>
      </object_component>
      <object_component id="oc-177">
         <name>.const:g_pulDisRegs</name>
         <load_address>0x8780</load_address>
         <run_address>0x8780</run_address>
         <size>0x8</size>
         <input_file_ref idref="fl-18"/>
      </object_component>
      <object_component id="oc-174">
         <name>.const:g_pulEnRegs</name>
         <load_address>0x8788</load_address>
         <run_address>0x8788</run_address>
         <size>0x8</size>
         <input_file_ref idref="fl-18"/>
      </object_component>
      <object_component id="oc-17a">
         <name>.const:g_pulPendRegs</name>
         <load_address>0x8790</load_address>
         <run_address>0x8790</run_address>
         <size>0x8</size>
         <input_file_ref idref="fl-18"/>
      </object_component>
      <object_component id="oc-17d">
         <name>.const:g_pulUnpendRegs</name>
         <load_address>0x8798</load_address>
         <run_address>0x8798</run_address>
         <size>0x8</size>
         <input_file_ref idref="fl-18"/>
      </object_component>
      <object_component id="oc-46c">
         <name>.cinit..data.load</name>
         <load_address>0x87a0</load_address>
         <run_address>0x87a0</run_address>
         <size>0xaa</size>
      </object_component>
      <object_component id="oc-469">
         <name>__TI_handler_table</name>
         <load_address>0x884c</load_address>
         <run_address>0x884c</run_address>
         <size>0xc</size>
      </object_component>
      <object_component id="oc-46d">
         <name>.cinit..bss.load</name>
         <load_address>0x8858</load_address>
         <run_address>0x8858</run_address>
         <size>0x8</size>
      </object_component>
      <object_component id="oc-46b">
         <name>.cinit..vtable.load</name>
         <load_address>0x8860</load_address>
         <run_address>0x8860</run_address>
         <size>0x8</size>
      </object_component>
      <object_component id="oc-46a">
         <name>__TI_cinit_table</name>
         <load_address>0x8868</load_address>
         <run_address>0x8868</run_address>
         <size>0x18</size>
      </object_component>
      <object_component id="oc-43e">
         <name>.binit</name>
         <load_address>0x0</load_address>
         <run_address>0x0</run_address>
         <size>0x0</size>
      </object_component>
      <object_component id="oc-16b">
         <name>.vtable</name>
         <uninitialized>true</uninitialized>
         <run_address>0x20000000</run_address>
         <size>0xe4</size>
         <input_file_ref idref="fl-18"/>
      </object_component>
      <object_component id="oc-1c4">
         <name>.data:kLqr$1</name>
         <load_address>0x20000318</load_address>
         <run_address>0x20000318</run_address>
         <size>0x10</size>
         <input_file_ref idref="fl-2"/>
      </object_component>
      <object_component id="oc-d8">
         <name>.data:motorR</name>
         <load_address>0x200002f0</load_address>
         <run_address>0x200002f0</run_address>
         <size>0x28</size>
         <input_file_ref idref="fl-7"/>
      </object_component>
      <object_component id="oc-db">
         <name>.data:motorL</name>
         <load_address>0x200002c8</load_address>
         <run_address>0x200002c8</run_address>
         <size>0x28</size>
         <input_file_ref idref="fl-7"/>
      </object_component>
      <object_component id="oc-df">
         <name>.data</name>
         <load_address>0x20000328</load_address>
         <run_address>0x20000328</run_address>
         <size>0xc</size>
         <input_file_ref idref="fl-7"/>
      </object_component>
      <object_component id="oc-15c">
         <name>.data</name>
         <load_address>0x20000338</load_address>
         <run_address>0x20000338</run_address>
         <size>0x4</size>
         <input_file_ref idref="fl-a"/>
      </object_component>
      <object_component id="oc-2b9">
         <name>.data:__getBurstProgramRegs</name>
         <load_address>0x20000258</load_address>
         <run_address>0x20000258</run_address>
         <size>0x40</size>
         <input_file_ref idref="fl-14"/>
      </object_component>
      <object_component id="oc-1c9">
         <name>.data:GPIO_PORT_TO_BASE</name>
         <load_address>0x20000298</load_address>
         <run_address>0x20000298</run_address>
         <size>0x30</size>
         <input_file_ref idref="fl-16"/>
      </object_component>
      <object_component id="oc-31b">
         <name>.data</name>
         <load_address>0x20000334</load_address>
         <run_address>0x20000334</run_address>
         <size>0x4</size>
         <input_file_ref idref="fl-f4"/>
      </object_component>
      <object_component id="oc-de">
         <name>.bss</name>
         <uninitialized>true</uninitialized>
         <run_address>0x20000254</run_address>
         <size>0x4</size>
         <input_file_ref idref="fl-6"/>
      </object_component>
      <object_component id="oc-11c">
         <name>.bss:data$1</name>
         <uninitialized>true</uninitialized>
         <run_address>0x2000021c</run_address>
         <size>0x24</size>
         <input_file_ref idref="fl-7"/>
      </object_component>
      <object_component id="oc-1b3">
         <name>.bss:angVelPrev$1</name>
         <uninitialized>true</uninitialized>
         <run_address>0x20000240</run_address>
         <size>0xc</size>
         <input_file_ref idref="fl-8"/>
      </object_component>
      <object_component id="oc-2be">
         <name>.bss</name>
         <uninitialized>true</uninitialized>
         <run_address>0x2000024c</run_address>
         <size>0x8</size>
         <input_file_ref idref="fl-12"/>
      </object_component>
      <object_component id="oc-d3">
         <name>.common:imu</name>
         <uninitialized>true</uninitialized>
         <run_address>0x200001b4</run_address>
         <size>0x68</size>
      </object_component>
      <object_component id="oc-d6">
         <name>.common:encR</name>
         <uninitialized>true</uninitialized>
         <run_address>0x2000014c</run_address>
         <size>0x68</size>
      </object_component>
      <object_component id="oc-d7">
         <name>.common:encL</name>
         <uninitialized>true</uninitialized>
         <run_address>0x200000e4</run_address>
         <size>0x68</size>
      </object_component>
      <object_component id="oc-26">
         <name>.stack</name>
         <uninitialized>true</uninitialized>
         <run_address>0x2000fe00</run_address>
         <size>0x4</size>
         <input_file_ref idref="fl-f5"/>
      </object_component>
      <object_component id="oc-46e">
         <name>.stack</name>
         <uninitialized>true</uninitialized>
         <run_address>0x2000fe00</run_address>
         <size>0x0</size>
      </object_component>
      <object_component id="oc-1c6">
         <name>.debug_info</name>
         <load_address>0x0</load_address>
         <run_address>0x0</run_address>
         <size>0x643</size>
         <input_file_ref idref="fl-2"/>
      </object_component>
      <object_component id="oc-c2">
         <name>.debug_info</name>
         <load_address>0x643</load_address>
         <run_address>0x643</run_address>
         <size>0x433</size>
         <input_file_ref idref="fl-2"/>
      </object_component>
      <object_component id="oc-1e9">
         <name>.debug_info</name>
         <load_address>0xa76</load_address>
         <run_address>0xa76</run_address>
         <size>0xff</size>
         <input_file_ref idref="fl-2"/>
      </object_component>
      <object_component id="oc-1e2">
         <name>.debug_info</name>
         <load_address>0xb75</load_address>
         <run_address>0xb75</run_address>
         <size>0x177</size>
         <input_file_ref idref="fl-2"/>
      </object_component>
      <object_component id="oc-ef">
         <name>.debug_info</name>
         <load_address>0xcec</load_address>
         <run_address>0xcec</run_address>
         <size>0x26b</size>
         <input_file_ref idref="fl-2"/>
      </object_component>
      <object_component id="oc-1d8">
         <name>.debug_info</name>
         <load_address>0xf57</load_address>
         <run_address>0xf57</run_address>
         <size>0x1055</size>
         <input_file_ref idref="fl-2"/>
      </object_component>
      <object_component id="oc-1d3">
         <name>.debug_info</name>
         <load_address>0x1fac</load_address>
         <run_address>0x1fac</run_address>
         <size>0x37e2</size>
         <input_file_ref idref="fl-2"/>
      </object_component>
      <object_component id="oc-347">
         <name>.debug_info</name>
         <load_address>0x578e</load_address>
         <run_address>0x578e</run_address>
         <size>0x1b5</size>
         <input_file_ref idref="fl-2"/>
      </object_component>
      <object_component id="oc-224">
         <name>.debug_info</name>
         <load_address>0x5943</load_address>
         <run_address>0x5943</run_address>
         <size>0x341</size>
         <input_file_ref idref="fl-2"/>
      </object_component>
      <object_component id="oc-2f">
         <name>.debug_info</name>
         <load_address>0x5c84</load_address>
         <run_address>0x5c84</run_address>
         <size>0x84</size>
         <input_file_ref idref="fl-2"/>
      </object_component>
      <object_component id="oc-1f2">
         <name>.debug_info</name>
         <load_address>0x5d08</load_address>
         <run_address>0x5d08</run_address>
         <size>0x297</size>
         <input_file_ref idref="fl-2"/>
      </object_component>
      <object_component id="oc-e8">
         <name>.debug_info</name>
         <load_address>0x5f9f</load_address>
         <run_address>0x5f9f</run_address>
         <size>0xef</size>
         <input_file_ref idref="fl-2"/>
      </object_component>
      <object_component id="oc-160">
         <name>.debug_info</name>
         <load_address>0x608e</load_address>
         <run_address>0x608e</run_address>
         <size>0xbb</size>
         <input_file_ref idref="fl-2"/>
      </object_component>
      <object_component id="oc-2f1">
         <name>.debug_info</name>
         <load_address>0x6149</load_address>
         <run_address>0x6149</run_address>
         <size>0x2c</size>
         <input_file_ref idref="fl-2"/>
      </object_component>
      <object_component id="oc-2d8">
         <name>.debug_info</name>
         <load_address>0x6175</load_address>
         <run_address>0x6175</run_address>
         <size>0xee</size>
         <input_file_ref idref="fl-2"/>
      </object_component>
      <object_component id="oc-1dd">
         <name>.debug_info</name>
         <load_address>0x6263</load_address>
         <run_address>0x6263</run_address>
         <size>0xb9</size>
         <input_file_ref idref="fl-2"/>
      </object_component>
      <object_component id="oc-1be">
         <name>.debug_info</name>
         <load_address>0x631c</load_address>
         <run_address>0x631c</run_address>
         <size>0x738</size>
         <input_file_ref idref="fl-3"/>
      </object_component>
      <object_component id="oc-bc">
         <name>.debug_info</name>
         <load_address>0x6a54</load_address>
         <run_address>0x6a54</run_address>
         <size>0x4b7</size>
         <input_file_ref idref="fl-3"/>
      </object_component>
      <object_component id="oc-267">
         <name>.debug_info</name>
         <load_address>0x6f0b</load_address>
         <run_address>0x6f0b</run_address>
         <size>0x54d</size>
         <input_file_ref idref="fl-4"/>
      </object_component>
      <object_component id="oc-183">
         <name>.debug_info</name>
         <load_address>0x7458</load_address>
         <run_address>0x7458</run_address>
         <size>0x39d</size>
         <input_file_ref idref="fl-4"/>
      </object_component>
      <object_component id="oc-229">
         <name>.debug_info</name>
         <load_address>0x77f5</load_address>
         <run_address>0x77f5</run_address>
         <size>0xacb</size>
         <input_file_ref idref="fl-5"/>
      </object_component>
      <object_component id="oc-212">
         <name>.debug_info</name>
         <load_address>0x82c0</load_address>
         <run_address>0x82c0</run_address>
         <size>0xda</size>
         <input_file_ref idref="fl-5"/>
      </object_component>
      <object_component id="oc-215">
         <name>.debug_info</name>
         <load_address>0x839a</load_address>
         <run_address>0x839a</run_address>
         <size>0xda</size>
         <input_file_ref idref="fl-5"/>
      </object_component>
      <object_component id="oc-218">
         <name>.debug_info</name>
         <load_address>0x8474</load_address>
         <run_address>0x8474</run_address>
         <size>0xda</size>
         <input_file_ref idref="fl-5"/>
      </object_component>
      <object_component id="oc-21b">
         <name>.debug_info</name>
         <load_address>0x854e</load_address>
         <run_address>0x854e</run_address>
         <size>0xda</size>
         <input_file_ref idref="fl-5"/>
      </object_component>
      <object_component id="oc-21e">
         <name>.debug_info</name>
         <load_address>0x8628</load_address>
         <run_address>0x8628</run_address>
         <size>0xda</size>
         <input_file_ref idref="fl-5"/>
      </object_component>
      <object_component id="oc-221">
         <name>.debug_info</name>
         <load_address>0x8702</load_address>
         <run_address>0x8702</run_address>
         <size>0xda</size>
         <input_file_ref idref="fl-5"/>
      </object_component>
      <object_component id="oc-10b">
         <name>.debug_info</name>
         <load_address>0x87dc</load_address>
         <run_address>0x87dc</run_address>
         <size>0x8de</size>
         <input_file_ref idref="fl-5"/>
      </object_component>
      <object_component id="oc-2d3">
         <name>.debug_info</name>
         <load_address>0x90ba</load_address>
         <run_address>0x90ba</run_address>
         <size>0x37e2</size>
         <input_file_ref idref="fl-5"/>
      </object_component>
      <object_component id="oc-e3">
         <name>.debug_info</name>
         <load_address>0xc89c</load_address>
         <run_address>0xc89c</run_address>
         <size>0x8b</size>
         <input_file_ref idref="fl-5"/>
      </object_component>
      <object_component id="oc-6b">
         <name>.debug_info</name>
         <load_address>0xc927</load_address>
         <run_address>0xc927</run_address>
         <size>0x369</size>
         <input_file_ref idref="fl-6"/>
      </object_component>
      <object_component id="oc-d4">
         <name>.debug_info</name>
         <load_address>0xcc90</load_address>
         <run_address>0xcc90</run_address>
         <size>0x902</size>
         <input_file_ref idref="fl-7"/>
      </object_component>
      <object_component id="oc-d9">
         <name>.debug_info</name>
         <load_address>0xd592</load_address>
         <run_address>0xd592</run_address>
         <size>0xd9</size>
         <input_file_ref idref="fl-7"/>
      </object_component>
      <object_component id="oc-dc">
         <name>.debug_info</name>
         <load_address>0xd66b</load_address>
         <run_address>0xd66b</run_address>
         <size>0xd9</size>
         <input_file_ref idref="fl-7"/>
      </object_component>
      <object_component id="oc-e0">
         <name>.debug_info</name>
         <load_address>0xd744</load_address>
         <run_address>0xd744</run_address>
         <size>0x15c</size>
         <input_file_ref idref="fl-7"/>
      </object_component>
      <object_component id="oc-97">
         <name>.debug_info</name>
         <load_address>0xd8a0</load_address>
         <run_address>0xd8a0</run_address>
         <size>0x3e4</size>
         <input_file_ref idref="fl-7"/>
      </object_component>
      <object_component id="oc-1bb">
         <name>.debug_info</name>
         <load_address>0xdc84</load_address>
         <run_address>0xdc84</run_address>
         <size>0x6e3</size>
         <input_file_ref idref="fl-8"/>
      </object_component>
      <object_component id="oc-1b5">
         <name>.debug_info</name>
         <load_address>0xe367</load_address>
         <run_address>0xe367</run_address>
         <size>0xdd</size>
         <input_file_ref idref="fl-8"/>
      </object_component>
      <object_component id="oc-1b8">
         <name>.debug_info</name>
         <load_address>0xe444</load_address>
         <run_address>0xe444</run_address>
         <size>0xdd</size>
         <input_file_ref idref="fl-8"/>
      </object_component>
      <object_component id="oc-b6">
         <name>.debug_info</name>
         <load_address>0xe521</load_address>
         <run_address>0xe521</run_address>
         <size>0xa0c</size>
         <input_file_ref idref="fl-8"/>
      </object_component>
      <object_component id="oc-2a3">
         <name>.debug_info</name>
         <load_address>0xef2d</load_address>
         <run_address>0xef2d</run_address>
         <size>0x37e2</size>
         <input_file_ref idref="fl-8"/>
      </object_component>
      <object_component id="oc-72">
         <name>.debug_info</name>
         <load_address>0x1270f</load_address>
         <run_address>0x1270f</run_address>
         <size>0x2d4</size>
         <input_file_ref idref="fl-9"/>
      </object_component>
      <object_component id="oc-24">
         <name>.debug_info</name>
         <load_address>0x129e3</load_address>
         <run_address>0x129e3</run_address>
         <size>0x100</size>
         <input_file_ref idref="fl-9"/>
      </object_component>
      <object_component id="oc-65">
         <name>.debug_info</name>
         <load_address>0x12ae3</load_address>
         <run_address>0x12ae3</run_address>
         <size>0x1c7</size>
         <input_file_ref idref="fl-9"/>
      </object_component>
      <object_component id="oc-15d">
         <name>.debug_info</name>
         <load_address>0x12caa</load_address>
         <run_address>0x12caa</run_address>
         <size>0xf9</size>
         <input_file_ref idref="fl-a"/>
      </object_component>
      <object_component id="oc-a9">
         <name>.debug_info</name>
         <load_address>0x12da3</load_address>
         <run_address>0x12da3</run_address>
         <size>0x26b</size>
         <input_file_ref idref="fl-a"/>
      </object_component>
      <object_component id="oc-232">
         <name>.debug_info</name>
         <load_address>0x1300e</load_address>
         <run_address>0x1300e</run_address>
         <size>0x624</size>
         <input_file_ref idref="fl-b"/>
      </object_component>
      <object_component id="oc-117">
         <name>.debug_info</name>
         <load_address>0x13632</load_address>
         <run_address>0x13632</run_address>
         <size>0x290</size>
         <input_file_ref idref="fl-b"/>
      </object_component>
      <object_component id="oc-111">
         <name>.debug_info</name>
         <load_address>0x138c2</load_address>
         <run_address>0x138c2</run_address>
         <size>0x249</size>
         <input_file_ref idref="fl-c"/>
      </object_component>
      <object_component id="oc-166">
         <name>.debug_info</name>
         <load_address>0x13b0b</load_address>
         <run_address>0x13b0b</run_address>
         <size>0x3cf</size>
         <input_file_ref idref="fl-10"/>
      </object_component>
      <object_component id="oc-2c2">
         <name>.debug_info</name>
         <load_address>0x13eda</load_address>
         <run_address>0x13eda</run_address>
         <size>0x78e</size>
         <input_file_ref idref="fl-12"/>
      </object_component>
      <object_component id="oc-2bf">
         <name>.debug_info</name>
         <load_address>0x14668</load_address>
         <run_address>0x14668</run_address>
         <size>0x10f</size>
         <input_file_ref idref="fl-12"/>
      </object_component>
      <object_component id="oc-206">
         <name>.debug_info</name>
         <load_address>0x14777</load_address>
         <run_address>0x14777</run_address>
         <size>0x22e9</size>
         <input_file_ref idref="fl-12"/>
      </object_component>
      <object_component id="oc-2bd">
         <name>.debug_info</name>
         <load_address>0x16a60</load_address>
         <run_address>0x16a60</run_address>
         <size>0x7ac</size>
         <input_file_ref idref="fl-14"/>
      </object_component>
      <object_component id="oc-2ba">
         <name>.debug_info</name>
         <load_address>0x1720c</load_address>
         <run_address>0x1720c</run_address>
         <size>0x10c</size>
         <input_file_ref idref="fl-14"/>
      </object_component>
      <object_component id="oc-200">
         <name>.debug_info</name>
         <load_address>0x17318</load_address>
         <run_address>0x17318</run_address>
         <size>0x3bde</size>
         <input_file_ref idref="fl-14"/>
      </object_component>
      <object_component id="oc-1d0">
         <name>.debug_info</name>
         <load_address>0x1aef6</load_address>
         <run_address>0x1aef6</run_address>
         <size>0x697</size>
         <input_file_ref idref="fl-16"/>
      </object_component>
      <object_component id="oc-1cd">
         <name>.debug_info</name>
         <load_address>0x1b58d</load_address>
         <run_address>0x1b58d</run_address>
         <size>0x101</size>
         <input_file_ref idref="fl-16"/>
      </object_component>
      <object_component id="oc-1ca">
         <name>.debug_info</name>
         <load_address>0x1b68e</load_address>
         <run_address>0x1b68e</run_address>
         <size>0x103</size>
         <input_file_ref idref="fl-16"/>
      </object_component>
      <object_component id="oc-ce">
         <name>.debug_info</name>
         <load_address>0x1b791</load_address>
         <run_address>0x1b791</run_address>
         <size>0x1a04</size>
         <input_file_ref idref="fl-16"/>
      </object_component>
      <object_component id="oc-181">
         <name>.debug_info</name>
         <load_address>0x1d195</load_address>
         <run_address>0x1d195</run_address>
         <size>0x625</size>
         <input_file_ref idref="fl-18"/>
      </object_component>
      <object_component id="oc-16f">
         <name>.debug_info</name>
         <load_address>0x1d7ba</load_address>
         <run_address>0x1d7ba</run_address>
         <size>0x100</size>
         <input_file_ref idref="fl-18"/>
      </object_component>
      <object_component id="oc-172">
         <name>.debug_info</name>
         <load_address>0x1d8ba</load_address>
         <run_address>0x1d8ba</run_address>
         <size>0xf8</size>
         <input_file_ref idref="fl-18"/>
      </object_component>
      <object_component id="oc-175">
         <name>.debug_info</name>
         <load_address>0x1d9b2</load_address>
         <run_address>0x1d9b2</run_address>
         <size>0xfc</size>
         <input_file_ref idref="fl-18"/>
      </object_component>
      <object_component id="oc-178">
         <name>.debug_info</name>
         <load_address>0x1daae</load_address>
         <run_address>0x1daae</run_address>
         <size>0xfe</size>
         <input_file_ref idref="fl-18"/>
      </object_component>
      <object_component id="oc-17b">
         <name>.debug_info</name>
         <load_address>0x1dbac</load_address>
         <run_address>0x1dbac</run_address>
         <size>0x100</size>
         <input_file_ref idref="fl-18"/>
      </object_component>
      <object_component id="oc-17e">
         <name>.debug_info</name>
         <load_address>0x1dcac</load_address>
         <run_address>0x1dcac</run_address>
         <size>0x104</size>
         <input_file_ref idref="fl-18"/>
      </object_component>
      <object_component id="oc-16c">
         <name>.debug_info</name>
         <load_address>0x1ddb0</load_address>
         <run_address>0x1ddb0</run_address>
         <size>0x105</size>
         <input_file_ref idref="fl-18"/>
      </object_component>
      <object_component id="oc-b0">
         <name>.debug_info</name>
         <load_address>0x1deb5</load_address>
         <run_address>0x1deb5</run_address>
         <size>0x11a8</size>
         <input_file_ref idref="fl-18"/>
      </object_component>
      <object_component id="oc-2b6">
         <name>.debug_info</name>
         <load_address>0x1f05d</load_address>
         <run_address>0x1f05d</run_address>
         <size>0x55d</size>
         <input_file_ref idref="fl-21"/>
      </object_component>
      <object_component id="oc-1f8">
         <name>.debug_info</name>
         <load_address>0x1f5ba</load_address>
         <run_address>0x1f5ba</run_address>
         <size>0xea7</size>
         <input_file_ref idref="fl-21"/>
      </object_component>
      <object_component id="oc-1c8">
         <name>.debug_info</name>
         <load_address>0x20461</load_address>
         <run_address>0x20461</run_address>
         <size>0x6bb</size>
         <input_file_ref idref="fl-24"/>
      </object_component>
      <object_component id="oc-c8">
         <name>.debug_info</name>
         <load_address>0x20b1c</load_address>
         <run_address>0x20b1c</run_address>
         <size>0x24ad</size>
         <input_file_ref idref="fl-24"/>
      </object_component>
      <object_component id="oc-2c4">
         <name>.debug_info</name>
         <load_address>0x22fc9</load_address>
         <run_address>0x22fc9</run_address>
         <size>0x681</size>
         <input_file_ref idref="fl-25"/>
      </object_component>
      <object_component id="oc-20c">
         <name>.debug_info</name>
         <load_address>0x2364a</load_address>
         <run_address>0x2364a</run_address>
         <size>0x1626</size>
         <input_file_ref idref="fl-25"/>
      </object_component>
      <object_component id="oc-1fe">
         <name>.debug_info</name>
         <load_address>0x24c70</load_address>
         <run_address>0x24c70</run_address>
         <size>0x725</size>
         <input_file_ref idref="fl-26"/>
      </object_component>
      <object_component id="oc-105">
         <name>.debug_info</name>
         <load_address>0x25395</load_address>
         <run_address>0x25395</run_address>
         <size>0x8b7</size>
         <input_file_ref idref="fl-26"/>
      </object_component>
      <object_component id="oc-29c">
         <name>.debug_info</name>
         <load_address>0x25c4c</load_address>
         <run_address>0x25c4c</run_address>
         <size>0x2ae</size>
         <input_file_ref idref="fl-e4"/>
      </object_component>
      <object_component id="oc-1ae">
         <name>.debug_info</name>
         <load_address>0x25efa</load_address>
         <run_address>0x25efa</run_address>
         <size>0x247</size>
         <input_file_ref idref="fl-e4"/>
      </object_component>
      <object_component id="oc-332">
         <name>.debug_info</name>
         <load_address>0x26141</load_address>
         <run_address>0x26141</run_address>
         <size>0x46</size>
         <input_file_ref idref="fl-e4"/>
      </object_component>
      <object_component id="oc-28c">
         <name>.debug_info</name>
         <load_address>0x26187</load_address>
         <run_address>0x26187</run_address>
         <size>0x39</size>
         <input_file_ref idref="fl-e4"/>
      </object_component>
      <object_component id="oc-291">
         <name>.debug_info</name>
         <load_address>0x261c0</load_address>
         <run_address>0x261c0</run_address>
         <size>0x363</size>
         <input_file_ref idref="fl-e5"/>
      </object_component>
      <object_component id="oc-279">
         <name>.debug_info</name>
         <load_address>0x26523</load_address>
         <run_address>0x26523</run_address>
         <size>0x128</size>
         <input_file_ref idref="fl-e5"/>
      </object_component>
      <object_component id="oc-1a2">
         <name>.debug_info</name>
         <load_address>0x2664b</load_address>
         <run_address>0x2664b</run_address>
         <size>0xbdf</size>
         <input_file_ref idref="fl-e5"/>
      </object_component>
      <object_component id="oc-294">
         <name>.debug_info</name>
         <load_address>0x2722a</load_address>
         <run_address>0x2722a</run_address>
         <size>0x2ca</size>
         <input_file_ref idref="fl-e6"/>
      </object_component>
      <object_component id="oc-1a9">
         <name>.debug_info</name>
         <load_address>0x274f4</load_address>
         <run_address>0x274f4</run_address>
         <size>0x24d</size>
         <input_file_ref idref="fl-e6"/>
      </object_component>
      <object_component id="oc-3b5">
         <name>.debug_info</name>
         <load_address>0x27741</load_address>
         <run_address>0x27741</run_address>
         <size>0x2f7</size>
         <input_file_ref idref="fl-e7"/>
      </object_component>
      <object_component id="oc-33c">
         <name>.debug_info</name>
         <load_address>0x27a38</load_address>
         <run_address>0x27a38</run_address>
         <size>0x131</size>
         <input_file_ref idref="fl-e7"/>
      </object_component>
      <object_component id="oc-297">
         <name>.debug_info</name>
         <load_address>0x27b69</load_address>
         <run_address>0x27b69</run_address>
         <size>0x4ac</size>
         <input_file_ref idref="fl-e7"/>
      </object_component>
      <object_component id="oc-32c">
         <name>.debug_info</name>
         <load_address>0x28015</load_address>
         <run_address>0x28015</run_address>
         <size>0x2fd</size>
         <input_file_ref idref="fl-e8"/>
      </object_component>
      <object_component id="oc-288">
         <name>.debug_info</name>
         <load_address>0x28312</load_address>
         <run_address>0x28312</run_address>
         <size>0x225</size>
         <input_file_ref idref="fl-e8"/>
      </object_component>
      <object_component id="oc-3ae">
         <name>.debug_info</name>
         <load_address>0x28537</load_address>
         <run_address>0x28537</run_address>
         <size>0x39</size>
         <input_file_ref idref="fl-e8"/>
      </object_component>
      <object_component id="oc-32d">
         <name>.debug_info</name>
         <load_address>0x28570</load_address>
         <run_address>0x28570</run_address>
         <size>0x2c</size>
         <input_file_ref idref="fl-e8"/>
      </object_component>
      <object_component id="oc-198">
         <name>.debug_info</name>
         <load_address>0x2859c</load_address>
         <run_address>0x2859c</run_address>
         <size>0x14f</size>
         <input_file_ref idref="fl-e9"/>
      </object_component>
      <object_component id="oc-27e">
         <name>.debug_info</name>
         <load_address>0x286eb</load_address>
         <run_address>0x286eb</run_address>
         <size>0x12b</size>
         <input_file_ref idref="fl-ea"/>
      </object_component>
      <object_component id="oc-281">
         <name>.debug_info</name>
         <load_address>0x28816</load_address>
         <run_address>0x28816</run_address>
         <size>0x12d</size>
         <input_file_ref idref="fl-ea"/>
      </object_component>
      <object_component id="oc-18e">
         <name>.debug_info</name>
         <load_address>0x28943</load_address>
         <run_address>0x28943</run_address>
         <size>0x13d</size>
         <input_file_ref idref="fl-eb"/>
      </object_component>
      <object_component id="oc-193">
         <name>.debug_info</name>
         <load_address>0x28a80</load_address>
         <run_address>0x28a80</run_address>
         <size>0x13d</size>
         <input_file_ref idref="fl-ec"/>
      </object_component>
      <object_component id="oc-1c0">
         <name>.debug_info</name>
         <load_address>0x28bbd</load_address>
         <run_address>0x28bbd</run_address>
         <size>0x131</size>
         <input_file_ref idref="fl-ed"/>
      </object_component>
      <object_component id="oc-19e">
         <name>.debug_info</name>
         <load_address>0x28cee</load_address>
         <run_address>0x28cee</run_address>
         <size>0x141</size>
         <input_file_ref idref="fl-ee"/>
      </object_component>
      <object_component id="oc-189">
         <name>.debug_info</name>
         <load_address>0x28e2f</load_address>
         <run_address>0x28e2f</run_address>
         <size>0x12f</size>
         <input_file_ref idref="fl-ef"/>
      </object_component>
      <object_component id="oc-274">
         <name>.debug_info</name>
         <load_address>0x28f5e</load_address>
         <run_address>0x28f5e</run_address>
         <size>0x12f</size>
         <input_file_ref idref="fl-f0"/>
      </object_component>
      <object_component id="oc-89">
         <name>.debug_info</name>
         <load_address>0x2908d</load_address>
         <run_address>0x2908d</run_address>
         <size>0x31e</size>
         <input_file_ref idref="fl-f1"/>
      </object_component>
      <object_component id="oc-41">
         <name>.debug_info</name>
         <load_address>0x293ab</load_address>
         <run_address>0x293ab</run_address>
         <size>0x1bf</size>
         <input_file_ref idref="fl-f1"/>
      </object_component>
      <object_component id="oc-84">
         <name>.debug_info</name>
         <load_address>0x2956a</load_address>
         <run_address>0x2956a</run_address>
         <size>0x46</size>
         <input_file_ref idref="fl-f1"/>
      </object_component>
      <object_component id="oc-fb">
         <name>.debug_info</name>
         <load_address>0x295b0</load_address>
         <run_address>0x295b0</run_address>
         <size>0x2c</size>
         <input_file_ref idref="fl-f1"/>
      </object_component>
      <object_component id="oc-3f">
         <name>.debug_info</name>
         <load_address>0x295dc</load_address>
         <run_address>0x295dc</run_address>
         <size>0x2a8</size>
         <input_file_ref idref="fl-f2"/>
      </object_component>
      <object_component id="oc-1b">
         <name>.debug_info</name>
         <load_address>0x29884</load_address>
         <run_address>0x29884</run_address>
         <size>0x1ea</size>
         <input_file_ref idref="fl-f2"/>
      </object_component>
      <object_component id="oc-3a">
         <name>.debug_info</name>
         <load_address>0x29a6e</load_address>
         <run_address>0x29a6e</run_address>
         <size>0x46</size>
         <input_file_ref idref="fl-f2"/>
      </object_component>
      <object_component id="oc-7c">
         <name>.debug_info</name>
         <load_address>0x29ab4</load_address>
         <run_address>0x29ab4</run_address>
         <size>0x2c</size>
         <input_file_ref idref="fl-f2"/>
      </object_component>
      <object_component id="oc-7a">
         <name>.debug_info</name>
         <load_address>0x29ae0</load_address>
         <run_address>0x29ae0</run_address>
         <size>0x29e</size>
         <input_file_ref idref="fl-f3"/>
      </object_component>
      <object_component id="oc-15">
         <name>.debug_info</name>
         <load_address>0x29d7e</load_address>
         <run_address>0x29d7e</run_address>
         <size>0x250</size>
         <input_file_ref idref="fl-f3"/>
      </object_component>
      <object_component id="oc-2a">
         <name>.debug_info</name>
         <load_address>0x29fce</load_address>
         <run_address>0x29fce</run_address>
         <size>0x60</size>
         <input_file_ref idref="fl-f3"/>
      </object_component>
      <object_component id="oc-f4">
         <name>.debug_info</name>
         <load_address>0x2a02e</load_address>
         <run_address>0x2a02e</run_address>
         <size>0x46</size>
         <input_file_ref idref="fl-f3"/>
      </object_component>
      <object_component id="oc-75">
         <name>.debug_info</name>
         <load_address>0x2a074</load_address>
         <run_address>0x2a074</run_address>
         <size>0x39</size>
         <input_file_ref idref="fl-f3"/>
      </object_component>
      <object_component id="oc-31f">
         <name>.debug_info</name>
         <load_address>0x2a0ad</load_address>
         <run_address>0x2a0ad</run_address>
         <size>0x289</size>
         <input_file_ref idref="fl-f4"/>
      </object_component>
      <object_component id="oc-31c">
         <name>.debug_info</name>
         <load_address>0x2a336</load_address>
         <run_address>0x2a336</run_address>
         <size>0x10e</size>
         <input_file_ref idref="fl-f4"/>
      </object_component>
      <object_component id="oc-26e">
         <name>.debug_info</name>
         <load_address>0x2a444</load_address>
         <run_address>0x2a444</run_address>
         <size>0x14e</size>
         <input_file_ref idref="fl-f4"/>
      </object_component>
      <object_component id="oc-27">
         <name>.debug_info</name>
         <load_address>0x2a592</load_address>
         <run_address>0x2a592</run_address>
         <size>0x10b</size>
         <input_file_ref idref="fl-f5"/>
      </object_component>
      <object_component id="oc-53">
         <name>.debug_info</name>
         <load_address>0x2a69d</load_address>
         <run_address>0x2a69d</run_address>
         <size>0x1af</size>
         <input_file_ref idref="fl-f5"/>
      </object_component>
      <object_component id="oc-11f">
         <name>.debug_info</name>
         <load_address>0x2a84c</load_address>
         <run_address>0x2a84c</run_address>
         <size>0x122</size>
         <input_file_ref idref="fl-f6"/>
      </object_component>
      <object_component id="oc-2f0">
         <name>.debug_info</name>
         <load_address>0x2a96e</load_address>
         <run_address>0x2a96e</run_address>
         <size>0x333</size>
         <input_file_ref idref="fl-f9"/>
      </object_component>
      <object_component id="oc-22c">
         <name>.debug_info</name>
         <load_address>0x2aca1</load_address>
         <run_address>0x2aca1</run_address>
         <size>0x1d1</size>
         <input_file_ref idref="fl-f9"/>
      </object_component>
      <object_component id="oc-2e4">
         <name>.debug_info</name>
         <load_address>0x2ae72</load_address>
         <run_address>0x2ae72</run_address>
         <size>0x18d</size>
         <input_file_ref idref="fl-f9"/>
      </object_component>
      <object_component id="oc-2ea">
         <name>.debug_info</name>
         <load_address>0x2afff</load_address>
         <run_address>0x2afff</run_address>
         <size>0x16d</size>
         <input_file_ref idref="fl-f9"/>
      </object_component>
      <object_component id="oc-3fd">
         <name>.debug_info</name>
         <load_address>0x2b16c</load_address>
         <run_address>0x2b16c</run_address>
         <size>0x2c</size>
         <input_file_ref idref="fl-f9"/>
      </object_component>
      <object_component id="oc-326">
         <name>.debug_info</name>
         <load_address>0x2b198</load_address>
         <run_address>0x2b198</run_address>
         <size>0x161</size>
         <input_file_ref idref="fl-fa"/>
      </object_component>
      <object_component id="oc-37">
         <name>.debug_info</name>
         <load_address>0x2b2f9</load_address>
         <run_address>0x2b2f9</run_address>
         <size>0x11c</size>
         <input_file_ref idref="fl-fb"/>
      </object_component>
      <object_component id="oc-8b">
         <name>.debug_info</name>
         <load_address>0x2b415</load_address>
         <run_address>0x2b415</run_address>
         <size>0x14a</size>
         <input_file_ref idref="fl-fc"/>
      </object_component>
      <object_component id="oc-23e">
         <name>.debug_info</name>
         <load_address>0x2b55f</load_address>
         <run_address>0x2b55f</run_address>
         <size>0x552</size>
         <input_file_ref idref="fl-fd"/>
      </object_component>
      <object_component id="oc-12b">
         <name>.debug_info</name>
         <load_address>0x2bab1</load_address>
         <run_address>0x2bab1</run_address>
         <size>0x1a6</size>
         <input_file_ref idref="fl-fd"/>
      </object_component>
      <object_component id="oc-308">
         <name>.debug_info</name>
         <load_address>0x2bc57</load_address>
         <run_address>0x2bc57</run_address>
         <size>0x39</size>
         <input_file_ref idref="fl-fd"/>
      </object_component>
      <object_component id="oc-39b">
         <name>.debug_info</name>
         <load_address>0x2bc90</load_address>
         <run_address>0x2bc90</run_address>
         <size>0x39</size>
         <input_file_ref idref="fl-fd"/>
      </object_component>
      <object_component id="oc-30d">
         <name>.debug_info</name>
         <load_address>0x2bcc9</load_address>
         <run_address>0x2bcc9</run_address>
         <size>0x39</size>
         <input_file_ref idref="fl-fd"/>
      </object_component>
      <object_component id="oc-312">
         <name>.debug_info</name>
         <load_address>0x2bd02</load_address>
         <run_address>0x2bd02</run_address>
         <size>0xcd</size>
         <input_file_ref idref="fl-fd"/>
      </object_component>
      <object_component id="oc-91">
         <name>.debug_info</name>
         <load_address>0x2bdcf</load_address>
         <run_address>0x2bdcf</run_address>
         <size>0x153</size>
         <input_file_ref idref="fl-fe"/>
      </object_component>
      <object_component id="oc-389">
         <name>.debug_info</name>
         <load_address>0x2bf22</load_address>
         <run_address>0x2bf22</run_address>
         <size>0x8b1</size>
         <input_file_ref idref="fl-100"/>
      </object_component>
      <object_component id="oc-35f">
[...]
         <value>0x4d43</value>
         <object_component_ref idref="oc-20b"/>
      </symbol>
      <symbol id="sm-807">
         <name>UART_enableModule</name>
         <value>0x4d69</value>
         <object_component_ref idref="oc-20b"/>
      </symbol>
      <symbol id="sm-808">
         <name>UART_disableModule</name>
         <value>0x4d7f</value>
         <object_component_ref idref="oc-20b"/>
      </symbol>
      <symbol id="sm-809">
         <name>UART_getEnabledInterruptStatus</name>
         <value>0x4ee9</value>
         <object_component_ref idref="oc-20b"/>
      </symbol>
      <symbol id="sm-80a">
         <name>UART_transmitData</name>
         <value>0x4d19</value>
         <object_component_ref idref="oc-20b"/>
      </symbol>
      <symbol id="sm-80b">
         <name>UART_transmitBreak</name>
         <value>0x4def</value>
         <object_component_ref idref="oc-20b"/>
      </symbol>
      <symbol id="sm-80c">
         <name>UART_registerInterrupt</name>
         <value>0x4f65</value>
         <object_component_ref idref="oc-20b"/>
      </symbol>
      <symbol id="sm-80d">
         <name>UART_selectDeglitchTime</name>
         <value>0x4e51</value>
         <object_component_ref idref="oc-20b"/>
      </symbol>
      <symbol id="sm-80e">
         <name>UART_getInterruptStatus</name>
         <value>0x4ecd</value>
         <object_component_ref idref="oc-20b"/>
      </symbol>
      <symbol id="sm-80f">
         <name>UART_getReceiveBufferAddressForDMA</name>
         <value>0x4e35</value>
         <object_component_ref idref="oc-20b"/>
      </symbol>
      <symbol id="sm-810">
         <name>UART_getTransmitBufferAddressForDMA</name>
         <value>0x4e43</value>
         <object_component_ref idref="oc-20b"/>
      </symbol>
      <symbol id="sm-811">
         <name>UART_initModule</name>
         <value>0x4c31</value>
         <object_component_ref idref="oc-20b"/>
      </symbol>
      <symbol id="sm-812">
         <name>UART_transmitAddress</name>
         <value>0x4dd1</value>
         <object_component_ref idref="oc-20b"/>
      </symbol>
      <symbol id="sm-813">
         <name>UART_clearInterruptFlag</name>
         <value>0x4f45</value>
         <object_component_ref idref="oc-20b"/>
      </symbol>
      <symbol id="sm-814">
         <name>UART_queryStatusFlags</name>
         <value>0x4d95</value>
         <object_component_ref idref="oc-20b"/>
      </symbol>
      <symbol id="sm-815">
         <name>UART_disableInterrupt</name>
         <value>0x4e9d</value>
         <object_component_ref idref="oc-20b"/>
      </symbol>
      <symbol id="sm-816">
         <name>UART_setDormant</name>
         <value>0x4da9</value>
         <object_component_ref idref="oc-20b"/>
      </symbol>
      <symbol id="sm-817">
         <name>UART_resetDormant</name>
         <value>0x4dbd</value>
         <object_component_ref idref="oc-20b"/>
      </symbol>
      <symbol id="sm-82e">
         <name>WDT_A_setTimeoutReset</name>
         <value>0x78c1</value>
         <object_component_ref idref="oc-104"/>
      </symbol>
      <symbol id="sm-82f">
         <name>WDT_A_registerInterrupt</name>
         <value>0x78cd</value>
         <object_component_ref idref="oc-104"/>
      </symbol>
      <symbol id="sm-830">
         <name>WDT_A_setPasswordViolationReset</name>
         <value>0x78b5</value>
         <object_component_ref idref="oc-104"/>
      </symbol>
      <symbol id="sm-831">
         <name>WDT_A_initIntervalTimer</name>
         <value>0x7899</value>
         <object_component_ref idref="oc-104"/>
      </symbol>
      <symbol id="sm-832">
         <name>WDT_A_clearTimer</name>
         <value>0x785d</value>
         <object_component_ref idref="oc-104"/>
      </symbol>
      <symbol id="sm-833">
         <name>WDT_A_holdTimer</name>
         <value>0x781d</value>
         <object_component_ref idref="oc-104"/>
      </symbol>
      <symbol id="sm-834">
         <name>WDT_A_initWatchdogTimer</name>
         <value>0x787d</value>
         <object_component_ref idref="oc-104"/>
      </symbol>
      <symbol id="sm-835">
         <name>WDT_A_startTimer</name>
         <value>0x783d</value>
         <object_component_ref idref="oc-104"/>
      </symbol>
      <symbol id="sm-836">
         <name>WDT_A_unregisterInterrupt</name>
         <value>0x78e1</value>
         <object_component_ref idref="oc-104"/>
      </symbol>
      <symbol id="sm-878">
         <name>atan2</name>
         <value>0x6bc1</value>
         <object_component_ref idref="oc-1ad"/>
      </symbol>
      <symbol id="sm-879">
         <name>atan2l</name>
         <value>0x6bc1</value>
         <object_component_ref idref="oc-1ad"/>
      </symbol>
      <symbol id="sm-906">
         <name>pow</name>
         <value>0x2e5d</value>
         <object_component_ref idref="oc-1a1"/>
      </symbol>
      <symbol id="sm-907">
         <name>powl</name>
         <value>0x2e5d</value>
         <object_component_ref idref="oc-1a1"/>
      </symbol>
      <symbol id="sm-929">
         <name>sqrtl</name>
         <value>0x7121</value>
         <object_component_ref idref="oc-1a7"/>
      </symbol>
      <symbol id="sm-92a">
         <name>sqrt</name>
         <value>0x7121</value>
         <object_component_ref idref="oc-1a7"/>
      </symbol>
      <symbol id="sm-960">
         <name>atanl</name>
         <value>0x5d9d</value>
         <object_component_ref idref="oc-295"/>
      </symbol>
      <symbol id="sm-961">
         <name>atan</name>
         <value>0x5d9d</value>
         <object_component_ref idref="oc-295"/>
      </symbol>
      <symbol id="sm-988">
         <name>scalbn</name>
         <value>0x7611</value>
         <object_component_ref idref="oc-285"/>
      </symbol>
      <symbol id="sm-989">
         <name>scalbnl</name>
         <value>0x7611</value>
         <object_component_ref idref="oc-285"/>
      </symbol>
      <symbol id="sm-98a">
         <name>ldexpl</name>
         <value>0x7611</value>
         <object_component_ref idref="oc-285"/>
      </symbol>
      <symbol id="sm-98b">
         <name>ldexp</name>
         <value>0x7611</value>
         <object_component_ref idref="oc-285"/>
      </symbol>
      <symbol id="sm-9a2">
         <name>__aeabi_dsub</name>
         <value>0x6f69</value>
         <object_component_ref idref="oc-197"/>
      </symbol>
      <symbol id="sm-9a3">
         <name>__aeabi_dadd</name>
         <value>0x6f73</value>
         <object_component_ref idref="oc-197"/>
      </symbol>
      <symbol id="sm-9c5">
         <name>__aeabi_cdcmpeq</name>
         <value>0x7ce9</value>
         <object_component_ref idref="oc-27b"/>
      </symbol>
      <symbol id="sm-9c6">
         <name>__aeabi_cdcmple</name>
         <value>0x7ce9</value>
         <object_component_ref idref="oc-27b"/>
      </symbol>
      <symbol id="sm-9c7">
         <name>__aeabi_cdrcmple</name>
         <value>0x7d6f</value>
         <object_component_ref idref="oc-280"/>
      </symbol>
      <symbol id="sm-9db">
         <name>__aeabi_ddiv</name>
         <value>0x73b5</value>
         <object_component_ref idref="oc-18d"/>
      </symbol>
      <symbol id="sm-9e6">
         <name>__aeabi_dmul</name>
         <value>0x7721</value>
         <object_component_ref idref="oc-192"/>
      </symbol>
      <symbol id="sm-9f0">
         <name>__aeabi_d2iz</name>
         <value>0x8161</value>
         <object_component_ref idref="oc-1bf"/>
      </symbol>
      <symbol id="sm-9fc">
         <name>__aeabi_d2f</name>
         <value>0x7edd</value>
         <object_component_ref idref="oc-19c"/>
      </symbol>
      <symbol id="sm-a07">
         <name>__aeabi_f2d</name>
         <value>0x82e1</value>
         <object_component_ref idref="oc-188"/>
      </symbol>
      <symbol id="sm-a11">
         <name>__aeabi_i2d</name>
         <value>0x8319</value>
         <object_component_ref idref="oc-273"/>
      </symbol>
      <symbol id="sm-a2a">
         <name>__TI_zero_init_nomemset</name>
         <value>0x83b9</value>
         <object_component_ref idref="oc-40"/>
      </symbol>
      <symbol id="sm-a41">
         <name>__TI_decompress_none</name>
         <value>0x83dd</value>
         <object_component_ref idref="oc-1a"/>
      </symbol>
      <symbol id="sm-a64">
         <name>__TI_decompress_lzss</name>
         <value>0x7f4b</value>
         <object_component_ref idref="oc-14"/>
      </symbol>
      <symbol id="sm-a7a">
         <name>__aeabi_errno_addr</name>
         <value>0x8405</value>
         <object_component_ref idref="oc-26d"/>
      </symbol>
      <symbol id="sm-a7b">
         <name>errno</name>
         <value>0x20000334</value>
         <object_component_ref idref="oc-31b"/>
      </symbol>
      <symbol id="sm-a8e">
         <name>__stack</name>
         <value>0x2000fe00</value>
         <object_component_ref idref="oc-26"/>
      </symbol>
      <symbol id="sm-a8f">
         <name>_c_int00_noargs</name>
         <value>0x82a9</value>
         <object_component_ref idref="oc-52"/>
      </symbol>
      <symbol id="sm-a9a">
         <name>C$$EXIT</name>
         <value>0x8411</value>
         <object_component_ref idref="oc-11e"/>
      </symbol>
      <symbol id="sm-a9b">
         <name>abort</name>
         <value>0x8411</value>
         <object_component_ref idref="oc-11e"/>
      </symbol>
      <symbol id="sm-ac4">
         <name>sprintf</name>
         <value>0x81ed</value>
         <object_component_ref idref="oc-22b"/>
      </symbol>
      <symbol id="sm-ace">
         <name>copysign</name>
         <value>0x8391</value>
         <object_component_ref idref="oc-325"/>
      </symbol>
      <symbol id="sm-acf">
         <name>copysignl</name>
         <value>0x8391</value>
         <object_component_ref idref="oc-325"/>
      </symbol>
      <symbol id="sm-aea">
         <name>memcpy</name>
         <value>0x7b2f</value>
         <object_component_ref idref="oc-34"/>
      </symbol>
      <symbol id="sm-aeb">
         <name>__aeabi_memcpy</name>
         <value>0x7b2f</value>
         <object_component_ref idref="oc-34"/>
      </symbol>
      <symbol id="sm-aec">
         <name>__aeabi_memcpy8</name>
         <value>0x7b2f</value>
         <object_component_ref idref="oc-34"/>
      </symbol>
      <symbol id="sm-aed">
         <name>__aeabi_memcpy4</name>
         <value>0x7b2f</value>
         <object_component_ref idref="oc-34"/>
      </symbol>
      <symbol id="sm-afc">
         <name>__aeabi_memset</name>
         <value>0x7df7</value>
         <object_component_ref idref="oc-8a"/>
      </symbol>
      <symbol id="sm-afd">
         <name>memset</name>
         <value>0x7dfd</value>
         <object_component_ref idref="oc-8a"/>
      </symbol>
      <symbol id="sm-afe">
         <name>__aeabi_memset8</name>
         <value>0x7df7</value>
         <object_component_ref idref="oc-8a"/>
      </symbol>
      <symbol id="sm-aff">
         <name>__aeabi_memset4</name>
         <value>0x7df7</value>
         <object_component_ref idref="oc-8a"/>
      </symbol>
      <symbol id="sm-b00">
         <name>__aeabi_memclr8</name>
         <value>0x7df5</value>
         <object_component_ref idref="oc-8a"/>
      </symbol>
      <symbol id="sm-b01">
         <name>__aeabi_memclr4</name>
         <value>0x7df5</value>
         <object_component_ref idref="oc-8a"/>
      </symbol>
      <symbol id="sm-b02">
         <name>__aeabi_memclr</name>
         <value>0x7df5</value>
         <object_component_ref idref="oc-8a"/>
      </symbol>
      <symbol id="sm-b2a">
         <name>__TI_auto_init_nobinit_nopinit</name>
         <value>0x81a9</value>
         <object_component_ref idref="oc-12a"/>
      </symbol>
      <symbol id="sm-b34">
         <name>_system_pre_init</name>
         <value>0x840d</value>
         <object_component_ref idref="oc-90"/>
      </symbol>
      <symbol id="sm-c9a">
         <name>__TI_printfi</name>
         <value>0x23fd</value>
         <object_component_ref idref="oc-2dd"/>
      </symbol>
      <symbol id="sm-cb0">
         <name>atoi</name>
         <value>0x8115</value>
         <object_component_ref idref="oc-358"/>
      </symbol>
      <symbol id="sm-cbb">
         <name>_ctypes_</name>
         <value>0x8418</value>
         <object_component_ref idref="oc-3b9"/>
      </symbol>
      <symbol id="sm-cca">
         <name>ltoa</name>
         <value>0x806f</value>
         <object_component_ref idref="oc-3c4"/>
      </symbol>
      <symbol id="sm-cda">
         <name>memccpy</name>
         <value>0x8347</value>
         <object_component_ref idref="oc-37c"/>
      </symbol>
      <symbol id="sm-cea">
         <name>strchr</name>
         <value>0x837b</value>
         <object_component_ref idref="oc-3eb"/>
      </symbol>
      <symbol id="sm-cf8">
         <name>strlen</name>
         <value>0x83a5</value>
         <object_component_ref idref="oc-352"/>
      </symbol>
      <symbol id="sm-d11">
         <name>wcslen</name>
         <value>0x83cb</value>
         <object_component_ref idref="oc-382"/>
      </symbol>
      <symbol id="sm-d27">
         <name>frexpl</name>
         <value>0x7fb5</value>
         <object_component_ref idref="oc-3e5"/>
      </symbol>
      <symbol id="sm-d28">
         <name>frexp</name>
         <value>0x7fb5</value>
         <object_component_ref idref="oc-3e5"/>
      </symbol>
      <symbol id="sm-d35">
         <name>__aeabi_uldivmod</name>
         <value>0x7bcb</value>
         <object_component_ref idref="oc-3be"/>
      </symbol>
      <symbol id="sm-d3f">
         <name>__aeabi_idiv0</name>
         <value>0x2e5b</value>
         <object_component_ref idref="oc-415"/>
      </symbol>
      <symbol id="sm-d40">
         <name>__aeabi_ldiv0</name>
         <value>0x2e5b</value>
         <object_component_ref idref="oc-415"/>
      </symbol>
      <symbol id="sm-d41">
         <name>__TI_static_base__</name>
         <value>0x0</value>
      </symbol>
      <symbol id="sm-d44">
         <name>__mpu_init</name>
         <value>0x0</value>
      </symbol>
      <symbol id="sm-d45">
         <name>_system_post_cinit</name>
         <value>0x0</value>
      </symbol>
      <symbol id="sm-d46">
         <name>NMI_Handler</name>
         <value>0x83f7</value>
      </symbol>
      <symbol id="sm-d47">
         <name>HardFault_Handler</name>
         <value>0x83f7</value>
      </symbol>
      <symbol id="sm-d48">
         <name>MemManage_Handler</name>
         <value>0x83f7</value>
      </symbol>
      <symbol id="sm-d49">
         <name>BusFault_Handler</name>
         <value>0x83f7</value>
      </symbol>
      <symbol id="sm-d4a">
         <name>UsageFault_Handler</name>
         <value>0x83f7</value>
      </symbol>
      <symbol id="sm-d4b">
         <name>SVC_Handler</name>
         <value>0x83f7</value>
      </symbol>
      <symbol id="sm-d4c">
         <name>DebugMon_Handler</name>
         <value>0x83f7</value>
      </symbol>
      <symbol id="sm-d4d">
         <name>PendSV_Handler</name>
         <value>0x83f7</value>
      </symbol>
      <symbol id="sm-d4e">
         <name>SysTick_Handler</name>
         <value>0x83f7</value>
      </symbol>
      <symbol id="sm-d4f">
         <name>PSS_IRQHandler</name>
         <value>0x83f7</value>
      </symbol>
      <symbol id="sm-d50">
         <name>CS_IRQHandler</name>
         <value>0x83f7</value>
      </symbol>
      <symbol id="sm-d51">
         <name>PCM_IRQHandler</name>
         <value>0x83f7</value>
      </symbol>
      <symbol id="sm-d52">
         <name>WDT_A_IRQHandler</name>
         <value>0x83f7</value>
      </symbol>
      <symbol id="sm-d53">
         <name>FPU_IRQHandler</name>
         <value>0x83f7</value>
      </symbol>
      <symbol id="sm-d54">
         <name>FLCTL_IRQHandler</name>
         <value>0x83f7</value>
      </symbol>
      <symbol id="sm-d55">
         <name>COMP_E0_IRQHandler</name>
         <value>0x83f7</value>
      </symbol>
      <symbol id="sm-d56">
         <name>COMP_E1_IRQHandler</name>
         <value>0x83f7</value>
      </symbol>
      <symbol id="sm-d57">
         <name>TA0_0_IRQHandler</name>
         <value>0x83f7</value>
      </symbol>
      <symbol id="sm-d58">
         <name>TA0_N_IRQHandler</name>
         <value>0x83f7</value>
      </symbol>
      <symbol id="sm-d59">
         <name>TA1_0_IRQHandler</name>
         <value>0x78f5</value>
      </symbol>
      <symbol id="sm-d5a">
         <name>TA1_N_IRQHandler</name>
         <value>0x83f7</value>
      </symbol>
      <symbol id="sm-d5b">
         <name>TA2_0_IRQHandler</name>
         <value>0x83f7</value>
      </symbol>
      <symbol id="sm-d5c">
         <name>TA2_N_IRQHandler</name>
         <value>0x83f7</value>
      </symbol>
      <symbol id="sm-d5d">
         <name>TA3_0_IRQHandler</name>
         <value>0x83f7</value>
      </symbol>
      <symbol id="sm-d5e">
         <name>TA3_N_IRQHandler</name>
         <value>0x83f7</value>
      </symbol>
      <symbol id="sm-d5f">
         <name>EUSCIA0_IRQHandler</name>
         <value>0x83f7</value>
      </symbol>
      <symbol id="sm-d60">
         <name>EUSCIA1_IRQHandler</name>
         <value>0x83f7</value>
      </symbol>
      <symbol id="sm-d61">
         <name>EUSCIA2_IRQHandler</name>
         <value>0x83f7</value>
      </symbol>
      <symbol id="sm-d62">
         <name>EUSCIA3_IRQHandler</name>
         <value>0x83f7</value>
      </symbol>
      <symbol id="sm-d63">
         <name>EUSCIB0_IRQHandler</name>
         <value>0x83f7</value>
      </symbol>
      <symbol id="sm-d64">
         <name>EUSCIB1_IRQHandler</name>
         <value>0x83f7</value>
      </symbol>
      <symbol id="sm-d65">
         <name>EUSCIB2_IRQHandler</name>
         <value>0x83f7</value>
      </symbol>
      <symbol id="sm-d66">
         <name>EUSCIB3_IRQHandler</name>
         <value>0x83f7</value>
      </symbol>
      <symbol id="sm-d67">
         <name>ADC14_IRQHandler</name>
         <value>0x83f7</value>
      </symbol>
      <symbol id="sm-d68">
         <name>T32_INT1_IRQHandler</name>
         <value>0x83f7</value>
      </symbol>
      <symbol id="sm-d69">
         <name>T32_INT2_IRQHandler</name>
         <value>0x83f7</value>
      </symbol>
      <symbol id="sm-d6a">
         <name>T32_INTC_IRQHandler</name>
         <value>0x83f7</value>
      </symbol>
      <symbol id="sm-d6b">
         <name>AES256_IRQHandler</name>
         <value>0x83f7</value>
      </symbol>
      <symbol id="sm-d6c">
         <name>RTC_C_IRQHandler</name>
         <value>0x83f7</value>
      </symbol>
      <symbol id="sm-d6d">
         <name>DMA_ERR_IRQHandler</name>
         <value>0x83f7</value>
      </symbol>
      <symbol id="sm-d6e">
         <name>DMA_INT3_IRQHandler</name>
         <value>0x83f7</value>
      </symbol>
      <symbol id="sm-d6f">
         <name>DMA_INT2_IRQHandler</name>
         <value>0x83f7</value>
      </symbol>
      <symbol id="sm-d70">
         <name>DMA_INT1_IRQHandler</name>
         <value>0x83f7</value>
      </symbol>
      <symbol id="sm-d71">
         <name>DMA_INT0_IRQHandler</name>
         <value>0x83f7</value>
      </symbol>
      <symbol id="sm-d72">
         <name>PORT1_IRQHandler</name>
         <value>0x83f7</value>
      </symbol>
      <symbol id="sm-d73">
         <name>PORT2_IRQHandler</name>
         <value>0x83f7</value>
      </symbol>
      <symbol id="sm-d74">
         <name>PORT3_IRQHandler</name>
         <value>0x7963</value>
      </symbol>
      <symbol id="sm-d75">
         <name>PORT4_IRQHandler</name>
         <value>0x83f7</value>
      </symbol>
      <symbol id="sm-d76">
         <name>PORT5_IRQHandler</name>
         <value>0x83f7</value>
      </symbol>
      <symbol id="sm-d77">
         <name>PORT6_IRQHandler</name>
         <value>0x83f7</value>
      </symbol>
   </symbol_table>
   <title>Link successful</title>
</link_info>
